2025-12-02T17:03:42.9068108Z Current runner version: '2.329.0'
2025-12-02T17:03:42.9106714Z ##[group]Runner Image Provisioner
2025-12-02T17:03:42.9107834Z Hosted Compute Agent
2025-12-02T17:03:42.9108700Z Version: 20251016.436
2025-12-02T17:03:42.9109788Z Commit: 8ab8ac8bfd662a3739dab9fe09456aba92132568
2025-12-02T17:03:42.9110930Z Build Date: 2025-10-15T20:44:12Z
2025-12-02T17:03:42.9111816Z ##[endgroup]
2025-12-02T17:03:42.9112633Z ##[group]Operating System
2025-12-02T17:03:42.9113571Z Microsoft Windows Server 2025
2025-12-02T17:03:42.9114422Z 10.0.26100
2025-12-02T17:03:42.9115183Z Datacenter
2025-12-02T17:03:42.9115861Z ##[endgroup]
2025-12-02T17:03:42.9117128Z ##[group]Runner Image
2025-12-02T17:03:42.9118102Z Image: windows-2025
2025-12-02T17:03:42.9118915Z Version: 20251102.77.1
2025-12-02T17:03:42.9120657Z Included Software: https://github.com/actions/runner-images/blob/win25/20251102.77/images/windows/Windows2025-Readme.md
2025-12-02T17:03:42.9123713Z Image Release: https://github.com/actions/runner-images/releases/tag/win25%2F20251102.77
2025-12-02T17:03:42.9125424Z ##[endgroup]
2025-12-02T17:03:42.9127320Z ##[group]GITHUB_TOKEN Permissions
2025-12-02T17:03:42.9130362Z Contents: read
2025-12-02T17:03:42.9131151Z Metadata: read
2025-12-02T17:03:42.9132269Z Packages: read
2025-12-02T17:03:42.9133051Z ##[endgroup]
2025-12-02T17:03:42.9136002Z Secret source: Actions
2025-12-02T17:03:42.9137560Z Prepare workflow directory
2025-12-02T17:03:42.9584141Z Prepare all required actions
2025-12-02T17:03:42.9622798Z Getting action download info
2025-12-02T17:03:43.2309609Z Download action repository 'actions/checkout@v4' (SHA:34e114876b0b11c390a56381ad16ebd13914f8d5)
2025-12-02T17:03:43.7368096Z Download action repository 'actions/setup-dotnet@v4' (SHA:67a3573c9a986a3f9c594539f4ab511d57bb3ce9)
2025-12-02T17:03:44.3436021Z Complete job name: build-and-test
2025-12-02T17:03:44.5399564Z ##[group]Run actions/checkout@v4
2025-12-02T17:03:44.5401025Z with:
2025-12-02T17:03:44.5401848Z   repository: cactuspainter3000/TestCaseEditorApp_repo2
2025-12-02T17:03:44.5403339Z   token: ***
2025-12-02T17:03:44.5403972Z   ssh-strict: true
2025-12-02T17:03:44.5404631Z   ssh-user: git
2025-12-02T17:03:44.5405314Z   persist-credentials: true
2025-12-02T17:03:44.5406083Z   clean: true
2025-12-02T17:03:44.5406759Z   sparse-checkout-cone-mode: true
2025-12-02T17:03:44.5407593Z   fetch-depth: 1
2025-12-02T17:03:44.5408248Z   fetch-tags: false
2025-12-02T17:03:44.5408935Z   show-progress: true
2025-12-02T17:03:44.5409621Z   lfs: false
2025-12-02T17:03:44.5410252Z   submodules: false
2025-12-02T17:03:44.5410954Z   set-safe-directory: true
2025-12-02T17:03:44.5411926Z ##[endgroup]
2025-12-02T17:03:44.7161047Z Syncing repository: cactuspainter3000/TestCaseEditorApp_repo2
2025-12-02T17:03:44.7164206Z ##[group]Getting Git version info
2025-12-02T17:03:44.7165761Z Working directory is 'D:\a\TestCaseEditorApp_repo2\TestCaseEditorApp_repo2'
2025-12-02T17:03:44.8249989Z [command]"C:\Program Files\Git\bin\git.exe" version
2025-12-02T17:03:45.2756967Z git version 2.51.2.windows.1
2025-12-02T17:03:45.2818410Z ##[endgroup]
2025-12-02T17:03:45.2844417Z Temporarily overriding HOME='D:\a\_temp\154000ba-919e-42b7-850a-456303d24bc8' before making global git config changes
2025-12-02T17:03:45.2846567Z Adding repository directory to the temporary git global config as a safe directory
2025-12-02T17:03:45.2856911Z [command]"C:\Program Files\Git\bin\git.exe" config --global --add safe.directory D:\a\TestCaseEditorApp_repo2\TestCaseEditorApp_repo2
2025-12-02T17:03:45.3842293Z Deleting the contents of 'D:\a\TestCaseEditorApp_repo2\TestCaseEditorApp_repo2'
2025-12-02T17:03:45.3849701Z ##[group]Initializing the repository
2025-12-02T17:03:45.3860462Z [command]"C:\Program Files\Git\bin\git.exe" init D:\a\TestCaseEditorApp_repo2\TestCaseEditorApp_repo2
2025-12-02T17:03:45.4714759Z Initialized empty Git repository in D:/a/TestCaseEditorApp_repo2/TestCaseEditorApp_repo2/.git/
2025-12-02T17:03:45.4761944Z [command]"C:\Program Files\Git\bin\git.exe" remote add origin https://github.com/cactuspainter3000/TestCaseEditorApp_repo2
2025-12-02T17:03:45.5381135Z ##[endgroup]
2025-12-02T17:03:45.5382328Z ##[group]Disabling automatic garbage collection
2025-12-02T17:03:45.5392298Z [command]"C:\Program Files\Git\bin\git.exe" config --local gc.auto 0
2025-12-02T17:03:45.5701551Z ##[endgroup]
2025-12-02T17:03:45.5702631Z ##[group]Setting up auth
2025-12-02T17:03:45.5715463Z [command]"C:\Program Files\Git\bin\git.exe" config --local --name-only --get-regexp core\.sshCommand
2025-12-02T17:03:45.6018574Z [command]"C:\Program Files\Git\bin\git.exe" submodule foreach --recursive "sh -c \"git config --local --name-only --get-regexp 'core\.sshCommand' && git config --local --unset-all 'core.sshCommand' || :\""
2025-12-02T17:03:47.2556511Z [command]"C:\Program Files\Git\bin\git.exe" config --local --name-only --get-regexp http\.https\:\/\/github\.com\/\.extraheader
2025-12-02T17:03:47.2874898Z [command]"C:\Program Files\Git\bin\git.exe" submodule foreach --recursive "sh -c \"git config --local --name-only --get-regexp 'http\.https\:\/\/github\.com\/\.extraheader' && git config --local --unset-all 'http.https://github.com/.extraheader' || :\""
2025-12-02T17:03:47.8356166Z [command]"C:\Program Files\Git\bin\git.exe" config --local --name-only --get-regexp ^includeIf\.gitdir:
2025-12-02T17:03:47.8669831Z [command]"C:\Program Files\Git\bin\git.exe" submodule foreach --recursive "git config --local --show-origin --name-only --get-regexp remote.origin.url"
2025-12-02T17:03:48.4138013Z [command]"C:\Program Files\Git\bin\git.exe" config --local http.https://github.com/.extraheader "AUTHORIZATION: basic ***"
2025-12-02T17:03:48.4475218Z ##[endgroup]
2025-12-02T17:03:48.4475725Z ##[group]Fetching the repository
2025-12-02T17:03:48.4497862Z [command]"C:\Program Files\Git\bin\git.exe" -c protocol.version=2 fetch --no-tags --prune --no-recurse-submodules --depth=1 origin +7389269b01360f532a0d41da256b9431e07a28f6:refs/remotes/origin/patch/auto-analyze-on-import
2025-12-02T17:03:49.6054948Z From https://github.com/cactuspainter3000/TestCaseEditorApp_repo2
2025-12-02T17:03:49.6055980Z  * [new ref]         7389269b01360f532a0d41da256b9431e07a28f6 -> origin/patch/auto-analyze-on-import
2025-12-02T17:03:49.6392003Z ##[endgroup]
2025-12-02T17:03:49.6392428Z ##[group]Determining the checkout info
2025-12-02T17:03:49.6394530Z ##[endgroup]
2025-12-02T17:03:49.6405168Z [command]"C:\Program Files\Git\bin\git.exe" sparse-checkout disable
2025-12-02T17:03:49.6888155Z [command]"C:\Program Files\Git\bin\git.exe" config --local --unset-all extensions.worktreeConfig
2025-12-02T17:03:49.7214164Z ##[group]Checking out the ref
2025-12-02T17:03:49.7229301Z [command]"C:\Program Files\Git\bin\git.exe" checkout --progress --force -B patch/auto-analyze-on-import refs/remotes/origin/patch/auto-analyze-on-import
2025-12-02T17:03:49.8394430Z branch 'patch/auto-analyze-on-import' set up to track 'origin/patch/auto-analyze-on-import'.
2025-12-02T17:03:49.8403184Z Switched to a new branch 'patch/auto-analyze-on-import'
2025-12-02T17:03:49.8444171Z ##[endgroup]
2025-12-02T17:03:49.8884116Z [command]"C:\Program Files\Git\bin\git.exe" log -1 --format=%H
2025-12-02T17:03:49.9159784Z 7389269b01360f532a0d41da256b9431e07a28f6
2025-12-02T17:03:49.9579649Z ##[group]Run actions/setup-dotnet@v4
2025-12-02T17:03:49.9579984Z with:
2025-12-02T17:03:49.9580152Z   dotnet-version: 8.0.x
2025-12-02T17:03:49.9580376Z   cache: false
2025-12-02T17:03:49.9580524Z ##[endgroup]
2025-12-02T17:03:50.3467660Z [command]"C:\Program Files\PowerShell\7\pwsh.exe" -NoLogo -Sta -NoProfile -NonInteractive -ExecutionPolicy Unrestricted -Command & 'D:\a\_actions\actions\setup-dotnet\v4\externals\install-dotnet.ps1' -SkipNonVersionedFiles -Runtime dotnet -Channel LTS
2025-12-02T17:03:58.8902137Z dotnet-install: Downloaded file https://builds.dotnet.microsoft.com/dotnet/Runtime/10.0.0/dotnet-runtime-10.0.0-win-x64.zip size is 37111780 bytes.
2025-12-02T17:03:58.8914697Z dotnet-install: Either downloaded or local package size can not be measured. One of them may be corrupted.
2025-12-02T17:03:58.8941335Z dotnet-install: Extracting the archive.
2025-12-02T17:04:00.2874219Z dotnet-install: Note that the script does not ensure your Windows version is supported during the installation.
2025-12-02T17:04:00.2879660Z dotnet-install: To check the list of supported versions, go to https://learn.microsoft.com/dotnet/core/install/windows#supported-versions
2025-12-02T17:04:00.2885771Z dotnet-install: Installed version is 10.0.0
2025-12-02T17:04:00.2893060Z dotnet-install: Installation finished
2025-12-02T17:04:00.6761944Z [command]"C:\Program Files\PowerShell\7\pwsh.exe" -NoLogo -Sta -NoProfile -NonInteractive -ExecutionPolicy Unrestricted -Command & 'D:\a\_actions\actions\setup-dotnet\v4\externals\install-dotnet.ps1' -SkipNonVersionedFiles -Channel 8.0
2025-12-02T17:04:06.8677433Z dotnet-install: Downloaded file https://builds.dotnet.microsoft.com/dotnet/Sdk/8.0.416/dotnet-sdk-8.0.416-win-x64.zip size is 285854895 bytes.
2025-12-02T17:04:06.8696277Z dotnet-install: Either downloaded or local package size can not be measured. One of them may be corrupted.
2025-12-02T17:04:06.8723178Z dotnet-install: Extracting the archive.
2025-12-02T17:04:38.2621066Z dotnet-install: Note that the script does not ensure your Windows version is supported during the installation.
2025-12-02T17:04:38.2627307Z dotnet-install: To check the list of supported versions, go to https://learn.microsoft.com/dotnet/core/install/windows#supported-versions
2025-12-02T17:04:38.2632253Z dotnet-install: Installed version is 8.0.416
2025-12-02T17:04:38.2638126Z dotnet-install: Installation finished
2025-12-02T17:04:38.3319053Z ##[group]Run dotnet restore TestCaseEditorApp.csproj
2025-12-02T17:04:38.3319493Z [36;1mdotnet restore TestCaseEditorApp.csproj[0m
2025-12-02T17:04:38.3386160Z shell: C:\Program Files\PowerShell\7\pwsh.EXE -command ". '{0}'"
2025-12-02T17:04:38.3386495Z env:
2025-12-02T17:04:38.3386661Z   DOTNET_ROOT: C:\Program Files\dotnet
2025-12-02T17:04:38.3386906Z ##[endgroup]
2025-12-02T17:04:45.8498525Z   Determining projects to restore...
2025-12-02T17:04:59.3284044Z   Restored D:\a\TestCaseEditorApp_repo2\TestCaseEditorApp_repo2\TestCaseEditorApp.csproj (in 12.4 sec).
2025-12-02T17:04:59.4909133Z ##[group]Run dotnet build TestCaseEditorApp.csproj --configuration Release --no-restore
2025-12-02T17:04:59.4909921Z [36;1mdotnet build TestCaseEditorApp.csproj --configuration Release --no-restore[0m
2025-12-02T17:04:59.4973899Z shell: C:\Program Files\PowerShell\7\pwsh.EXE -command ". '{0}'"
2025-12-02T17:04:59.4974216Z env:
2025-12-02T17:04:59.4974393Z   DOTNET_ROOT: C:\Program Files\dotnet
2025-12-02T17:04:59.4974628Z ##[endgroup]
2025-12-02T17:05:25.1424367Z ##[warning]D:\a\TestCaseEditorApp_repo2\TestCaseEditorApp_repo2\MVVM\Controls\EditableDataControl\MVVM\ViewModels\EditableTableEditorViewModel.cs(82,56): warning CS8603: Possible null reference return. [D:\a\TestCaseEditorApp_repo2\TestCaseEditorApp_repo2\TestCaseEditorApp_cm4gw4lu_wpftmp.csproj]
2025-12-02T17:05:25.1433061Z ##[warning]D:\a\TestCaseEditorApp_repo2\TestCaseEditorApp_repo2\MVVM\Controls\EditableDataControl\MVVM\ViewModels\EditableTableEditorViewModel.cs(83,60): warning CS8603: Possible null reference return. [D:\a\TestCaseEditorApp_repo2\TestCaseEditorApp_repo2\TestCaseEditorApp_cm4gw4lu_wpftmp.csproj]
2025-12-02T17:05:25.1435782Z ##[warning]D:\a\TestCaseEditorApp_repo2\TestCaseEditorApp_repo2\MVVM\Controls\EditableDataControl\MVVM\ViewModels\EditableTableEditorViewModel.cs(85,68): warning CS8603: Possible null reference return. [D:\a\TestCaseEditorApp_repo2\TestCaseEditorApp_repo2\TestCaseEditorApp_cm4gw4lu_wpftmp.csproj]
2025-12-02T17:05:25.1438357Z ##[warning]D:\a\TestCaseEditorApp_repo2\TestCaseEditorApp_repo2\MVVM\Controls\EditableDataControl\MVVM\ViewModels\EditableTableEditorViewModel.cs(86,74): warning CS8603: Possible null reference return. [D:\a\TestCaseEditorApp_repo2\TestCaseEditorApp_repo2\TestCaseEditorApp_cm4gw4lu_wpftmp.csproj]
2025-12-02T17:05:25.1440966Z ##[warning]D:\a\TestCaseEditorApp_repo2\TestCaseEditorApp_repo2\MVVM\Controls\EditableDataControl\MVVM\ViewModels\EditableTableEditorViewModel.cs(87,72): warning CS8603: Possible null reference return. [D:\a\TestCaseEditorApp_repo2\TestCaseEditorApp_repo2\TestCaseEditorApp_cm4gw4lu_wpftmp.csproj]
2025-12-02T17:05:25.1444444Z ##[warning]D:\a\TestCaseEditorApp_repo2\TestCaseEditorApp_repo2\MVVM\Views\MainWindow.xaml.cs(218,61): warning CS8602: Dereference of a possibly null reference. [D:\a\TestCaseEditorApp_repo2\TestCaseEditorApp_repo2\TestCaseEditorApp_cm4gw4lu_wpftmp.csproj]
2025-12-02T17:05:25.1447057Z ##[warning]D:\a\TestCaseEditorApp_repo2\TestCaseEditorApp_repo2\MVVM\Views\EditableTableEditorWindow.xaml.cs(208,32): warning CS8600: Converting null literal or possible null value to non-nullable type. [D:\a\TestCaseEditorApp_repo2\TestCaseEditorApp_repo2\TestCaseEditorApp_cm4gw4lu_wpftmp.csproj]
2025-12-02T17:05:25.1449785Z ##[warning]D:\a\TestCaseEditorApp_repo2\TestCaseEditorApp_repo2\MVVM\ViewModels\MainViewModelDesignStub.cs(46,111): warning CS8625: Cannot convert null literal to non-nullable reference type. [D:\a\TestCaseEditorApp_repo2\TestCaseEditorApp_repo2\TestCaseEditorApp_cm4gw4lu_wpftmp.csproj]
2025-12-02T17:05:25.1452311Z ##[warning]D:\a\TestCaseEditorApp_repo2\TestCaseEditorApp_repo2\MVVM\Models\Requirement.cs(272,20): warning CS8603: Possible null reference return. [D:\a\TestCaseEditorApp_repo2\TestCaseEditorApp_repo2\TestCaseEditorApp_cm4gw4lu_wpftmp.csproj]
2025-12-02T17:05:25.1455427Z ##[warning]D:\a\TestCaseEditorApp_repo2\TestCaseEditorApp_repo2\MVVM\ViewModels\MainViewModel.cs(394,16): warning CS8618: Non-nullable field '_persistence' must contain a non-null value when exiting constructor. Consider adding the 'required' modifier or declaring the field as nullable. [D:\a\TestCaseEditorApp_repo2\TestCaseEditorApp_repo2\TestCaseEditorApp_cm4gw4lu_wpftmp.csproj]
2025-12-02T17:05:25.1461880Z ##[warning]D:\a\TestCaseEditorApp_repo2\TestCaseEditorApp_repo2\MVVM\ViewModels\MainViewModel.cs(1332,27): warning CS1998: This async method lacks 'await' operators and will run synchronously. Consider using the 'await' operator to await non-blocking API calls, or 'await Task.Run(...)' to do CPU-bound work on a background thread. [D:\a\TestCaseEditorApp_repo2\TestCaseEditorApp_repo2\TestCaseEditorApp_cm4gw4lu_wpftmp.csproj]
2025-12-02T17:05:25.1466831Z ##[warning]D:\a\TestCaseEditorApp_repo2\TestCaseEditorApp_repo2\MVVM\ViewModels\MainViewModel.cs(1505,28): warning CS1998: This async method lacks 'await' operators and will run synchronously. Consider using the 'await' operator to await non-blocking API calls, or 'await Task.Run(...)' to do CPU-bound work on a background thread. [D:\a\TestCaseEditorApp_repo2\TestCaseEditorApp_repo2\TestCaseEditorApp_cm4gw4lu_wpftmp.csproj]
2025-12-02T17:05:25.1470673Z ##[warning]D:\a\TestCaseEditorApp_repo2\TestCaseEditorApp_repo2\MVVM\ViewModels\TestCaseGenerator_QuestionsVM.cs(1028,28): warning CS1998: This async method lacks 'await' operators and will run synchronously. Consider using the 'await' operator to await non-blocking API calls, or 'await Task.Run(...)' to do CPU-bound work on a background thread. [D:\a\TestCaseEditorApp_repo2\TestCaseEditorApp_repo2\TestCaseEditorApp_cm4gw4lu_wpftmp.csproj]
2025-12-02T17:05:25.1474190Z ##[warning]D:\a\TestCaseEditorApp_repo2\TestCaseEditorApp_repo2\MVVM\ViewModels\MainViewModel.cs(1897,36): warning CS8604: Possible null reference argument for parameter 'source' in 'List<Requirement> Enumerable.ToList<Requirement>(IEnumerable<Requirement> source)'. [D:\a\TestCaseEditorApp_repo2\TestCaseEditorApp_repo2\TestCaseEditorApp_cm4gw4lu_wpftmp.csproj]
2025-12-02T17:05:25.1476737Z ##[warning]D:\a\TestCaseEditorApp_repo2\TestCaseEditorApp_repo2\MVVM\ViewModels\MainViewModel.cs(1959,16): warning CS8603: Possible null reference return. [D:\a\TestCaseEditorApp_repo2\TestCaseEditorApp_repo2\TestCaseEditorApp_cm4gw4lu_wpftmp.csproj]
2025-12-02T17:05:25.1480106Z ##[warning]D:\a\TestCaseEditorApp_repo2\TestCaseEditorApp_repo2\MVVM\ViewModels\TestCaseGenerator_QuestionsVM.cs(1222,28): warning CS1998: This async method lacks 'await' operators and will run synchronously. Consider using the 'await' operator to await non-blocking API calls, or 'await Task.Run(...)' to do CPU-bound work on a background thread. [D:\a\TestCaseEditorApp_repo2\TestCaseEditorApp_repo2\TestCaseEditorApp_cm4gw4lu_wpftmp.csproj]
2025-12-02T17:05:29.0981543Z ##[warning]D:\a\TestCaseEditorApp_repo2\TestCaseEditorApp_repo2\MVVM\Controls\EditableDataControl\MVVM\ViewModels\EditableTableEditorViewModel.cs(82,56): warning CS8603: Possible null reference return. [D:\a\TestCaseEditorApp_repo2\TestCaseEditorApp_repo2\TestCaseEditorApp.csproj]
2025-12-02T17:05:29.0987362Z ##[warning]D:\a\TestCaseEditorApp_repo2\TestCaseEditorApp_repo2\MVVM\Controls\EditableDataControl\MVVM\ViewModels\EditableTableEditorViewModel.cs(83,60): warning CS8603: Possible null reference return. [D:\a\TestCaseEditorApp_repo2\TestCaseEditorApp_repo2\TestCaseEditorApp.csproj]
2025-12-02T17:05:29.0992420Z ##[warning]D:\a\TestCaseEditorApp_repo2\TestCaseEditorApp_repo2\MVVM\Controls\EditableDataControl\MVVM\ViewModels\EditableTableEditorViewModel.cs(85,68): warning CS8603: Possible null reference return. [D:\a\TestCaseEditorApp_repo2\TestCaseEditorApp_repo2\TestCaseEditorApp.csproj]
2025-12-02T17:05:29.0995506Z ##[warning]D:\a\TestCaseEditorApp_repo2\TestCaseEditorApp_repo2\MVVM\Controls\EditableDataControl\MVVM\ViewModels\EditableTableEditorViewModel.cs(86,74): warning CS8603: Possible null reference return. [D:\a\TestCaseEditorApp_repo2\TestCaseEditorApp_repo2\TestCaseEditorApp.csproj]
2025-12-02T17:05:29.1057861Z ##[warning]D:\a\TestCaseEditorApp_repo2\TestCaseEditorApp_repo2\MVVM\Controls\EditableDataControl\MVVM\ViewModels\EditableTableEditorViewModel.cs(87,72): warning CS8603: Possible null reference return. [D:\a\TestCaseEditorApp_repo2\TestCaseEditorApp_repo2\TestCaseEditorApp.csproj]
2025-12-02T17:05:29.1062828Z ##[warning]D:\a\TestCaseEditorApp_repo2\TestCaseEditorApp_repo2\MVVM\Views\MainWindow.xaml.cs(218,61): warning CS8602: Dereference of a possibly null reference. [D:\a\TestCaseEditorApp_repo2\TestCaseEditorApp_repo2\TestCaseEditorApp.csproj]
2025-12-02T17:05:29.1070708Z ##[warning]D:\a\TestCaseEditorApp_repo2\TestCaseEditorApp_repo2\MVVM\Views\EditableTableEditorWindow.xaml.cs(208,32): warning CS8600: Converting null literal or possible null value to non-nullable type. [D:\a\TestCaseEditorApp_repo2\TestCaseEditorApp_repo2\TestCaseEditorApp.csproj]
2025-12-02T17:05:29.1078193Z ##[warning]D:\a\TestCaseEditorApp_repo2\TestCaseEditorApp_repo2\MVVM\ViewModels\TestCaseGenerator_QuestionsVM.cs(1028,28): warning CS1998: This async method lacks 'await' operators and will run synchronously. Consider using the 'await' operator to await non-blocking API calls, or 'await Task.Run(...)' to do CPU-bound work on a background thread. [D:\a\TestCaseEditorApp_repo2\TestCaseEditorApp_repo2\TestCaseEditorApp.csproj]
2025-12-02T17:05:29.1084069Z ##[warning]D:\a\TestCaseEditorApp_repo2\TestCaseEditorApp_repo2\MVVM\ViewModels\TestCaseGenerator_QuestionsVM.cs(1222,28): warning CS1998: This async method lacks 'await' operators and will run synchronously. Consider using the 'await' operator to await non-blocking API calls, or 'await Task.Run(...)' to do CPU-bound work on a background thread. [D:\a\TestCaseEditorApp_repo2\TestCaseEditorApp_repo2\TestCaseEditorApp.csproj]
2025-12-02T17:05:29.1087252Z ##[warning]D:\a\TestCaseEditorApp_repo2\TestCaseEditorApp_repo2\MVVM\ViewModels\MainViewModelDesignStub.cs(46,111): warning CS8625: Cannot convert null literal to non-nullable reference type. [D:\a\TestCaseEditorApp_repo2\TestCaseEditorApp_repo2\TestCaseEditorApp.csproj]
2025-12-02T17:05:29.1090889Z ##[warning]D:\a\TestCaseEditorApp_repo2\TestCaseEditorApp_repo2\MVVM\ViewModels\MainViewModel.cs(394,16): warning CS8618: Non-nullable field '_persistence' must contain a non-null value when exiting constructor. Consider adding the 'required' modifier or declaring the field as nullable. [D:\a\TestCaseEditorApp_repo2\TestCaseEditorApp_repo2\TestCaseEditorApp.csproj]
2025-12-02T17:05:29.1094736Z ##[warning]D:\a\TestCaseEditorApp_repo2\TestCaseEditorApp_repo2\MVVM\Models\Requirement.cs(272,20): warning CS8603: Possible null reference return. [D:\a\TestCaseEditorApp_repo2\TestCaseEditorApp_repo2\TestCaseEditorApp.csproj]
2025-12-02T17:05:29.1097999Z ##[warning]D:\a\TestCaseEditorApp_repo2\TestCaseEditorApp_repo2\MVVM\ViewModels\MainViewModel.cs(1332,27): warning CS1998: This async method lacks 'await' operators and will run synchronously. Consider using the 'await' operator to await non-blocking API calls, or 'await Task.Run(...)' to do CPU-bound work on a background thread. [D:\a\TestCaseEditorApp_repo2\TestCaseEditorApp_repo2\TestCaseEditorApp.csproj]
2025-12-02T17:05:29.1102064Z ##[warning]D:\a\TestCaseEditorApp_repo2\TestCaseEditorApp_repo2\MVVM\ViewModels\MainViewModel.cs(1505,28): warning CS1998: This async method lacks 'await' operators and will run synchronously. Consider using the 'await' operator to await non-blocking API calls, or 'await Task.Run(...)' to do CPU-bound work on a background thread. [D:\a\TestCaseEditorApp_repo2\TestCaseEditorApp_repo2\TestCaseEditorApp.csproj]
2025-12-02T17:05:29.1105308Z ##[warning]D:\a\TestCaseEditorApp_repo2\TestCaseEditorApp_repo2\MVVM\ViewModels\MainViewModel.cs(1897,36): warning CS8604: Possible null reference argument for parameter 'source' in 'List<Requirement> Enumerable.ToList<Requirement>(IEnumerable<Requirement> source)'. [D:\a\TestCaseEditorApp_repo2\TestCaseEditorApp_repo2\TestCaseEditorApp.csproj]
2025-12-02T17:05:29.1107727Z ##[warning]D:\a\TestCaseEditorApp_repo2\TestCaseEditorApp_repo2\MVVM\ViewModels\MainViewModel.cs(1959,16): warning CS8603: Possible null reference return. [D:\a\TestCaseEditorApp_repo2\TestCaseEditorApp_repo2\TestCaseEditorApp.csproj]
2025-12-02T17:05:29.5956816Z   TestCaseEditorApp -> D:\a\TestCaseEditorApp_repo2\TestCaseEditorApp_repo2\bin\Release\net8.0-windows\TestCaseEditorApp.dll
2025-12-02T17:05:29.6214939Z 
2025-12-02T17:05:29.6222729Z Build succeeded.
2025-12-02T17:05:29.6223807Z 
2025-12-02T17:05:29.6229537Z ##[warning]D:\a\TestCaseEditorApp_repo2\TestCaseEditorApp_repo2\MVVM\Controls\EditableDataControl\MVVM\ViewModels\EditableTableEditorViewModel.cs(82,56): warning CS8603: Possible null reference return. [D:\a\TestCaseEditorApp_repo2\TestCaseEditorApp_repo2\TestCaseEditorApp_cm4gw4lu_wpftmp.csproj]
2025-12-02T17:05:29.6237056Z ##[warning]D:\a\TestCaseEditorApp_repo2\TestCaseEditorApp_repo2\MVVM\Controls\EditableDataControl\MVVM\ViewModels\EditableTableEditorViewModel.cs(83,60): warning CS8603: Possible null reference return. [D:\a\TestCaseEditorApp_repo2\TestCaseEditorApp_repo2\TestCaseEditorApp_cm4gw4lu_wpftmp.csproj]
2025-12-02T17:05:29.6243390Z ##[warning]D:\a\TestCaseEditorApp_repo2\TestCaseEditorApp_repo2\MVVM\Controls\EditableDataControl\MVVM\ViewModels\EditableTableEditorViewModel.cs(85,68): warning CS8603: Possible null reference return. [D:\a\TestCaseEditorApp_repo2\TestCaseEditorApp_repo2\TestCaseEditorApp_cm4gw4lu_wpftmp.csproj]
2025-12-02T17:05:29.6249952Z ##[warning]D:\a\TestCaseEditorApp_repo2\TestCaseEditorApp_repo2\MVVM\Controls\EditableDataControl\MVVM\ViewModels\EditableTableEditorViewModel.cs(86,74): warning CS8603: Possible null reference return. [D:\a\TestCaseEditorApp_repo2\TestCaseEditorApp_repo2\TestCaseEditorApp_cm4gw4lu_wpftmp.csproj]
2025-12-02T17:05:29.6254488Z ##[warning]D:\a\TestCaseEditorApp_repo2\TestCaseEditorApp_repo2\MVVM\Controls\EditableDataControl\MVVM\ViewModels\EditableTableEditorViewModel.cs(87,72): warning CS8603: Possible null reference return. [D:\a\TestCaseEditorApp_repo2\TestCaseEditorApp_repo2\TestCaseEditorApp_cm4gw4lu_wpftmp.csproj]
2025-12-02T17:05:29.6259377Z ##[warning]D:\a\TestCaseEditorApp_repo2\TestCaseEditorApp_repo2\MVVM\Views\MainWindow.xaml.cs(218,61): warning CS8602: Dereference of a possibly null reference. [D:\a\TestCaseEditorApp_repo2\TestCaseEditorApp_repo2\TestCaseEditorApp_cm4gw4lu_wpftmp.csproj]
2025-12-02T17:05:29.6263981Z ##[warning]D:\a\TestCaseEditorApp_repo2\TestCaseEditorApp_repo2\MVVM\Views\EditableTableEditorWindow.xaml.cs(208,32): warning CS8600: Converting null literal or possible null value to non-nullable type. [D:\a\TestCaseEditorApp_repo2\TestCaseEditorApp_repo2\TestCaseEditorApp_cm4gw4lu_wpftmp.csproj]
2025-12-02T17:05:29.6268746Z ##[warning]D:\a\TestCaseEditorApp_repo2\TestCaseEditorApp_repo2\MVVM\ViewModels\MainViewModelDesignStub.cs(46,111): warning CS8625: Cannot convert null literal to non-nullable reference type. [D:\a\TestCaseEditorApp_repo2\TestCaseEditorApp_repo2\TestCaseEditorApp_cm4gw4lu_wpftmp.csproj]
2025-12-02T17:05:29.6273996Z ##[warning]D:\a\TestCaseEditorApp_repo2\TestCaseEditorApp_repo2\MVVM\Models\Requirement.cs(272,20): warning CS8603: Possible null reference return. [D:\a\TestCaseEditorApp_repo2\TestCaseEditorApp_repo2\TestCaseEditorApp_cm4gw4lu_wpftmp.csproj]
2025-12-02T17:05:29.6281038Z ##[warning]D:\a\TestCaseEditorApp_repo2\TestCaseEditorApp_repo2\MVVM\ViewModels\MainViewModel.cs(394,16): warning CS8618: Non-nullable field '_persistence' must contain a non-null value when exiting constructor. Consider adding the 'required' modifier or declaring the field as nullable. [D:\a\TestCaseEditorApp_repo2\TestCaseEditorApp_repo2\TestCaseEditorApp_cm4gw4lu_wpftmp.csproj]
2025-12-02T17:05:29.6288148Z ##[warning]D:\a\TestCaseEditorApp_repo2\TestCaseEditorApp_repo2\MVVM\ViewModels\MainViewModel.cs(1332,27): warning CS1998: This async method lacks 'await' operators and will run synchronously. Consider using the 'await' operator to await non-blocking API calls, or 'await Task.Run(...)' to do CPU-bound work on a background thread. [D:\a\TestCaseEditorApp_repo2\TestCaseEditorApp_repo2\TestCaseEditorApp_cm4gw4lu_wpftmp.csproj]
2025-12-02T17:05:29.6295597Z ##[warning]D:\a\TestCaseEditorApp_repo2\TestCaseEditorApp_repo2\MVVM\ViewModels\MainViewModel.cs(1505,28): warning CS1998: This async method lacks 'await' operators and will run synchronously. Consider using the 'await' operator to await non-blocking API calls, or 'await Task.Run(...)' to do CPU-bound work on a background thread. [D:\a\TestCaseEditorApp_repo2\TestCaseEditorApp_repo2\TestCaseEditorApp_cm4gw4lu_wpftmp.csproj]
2025-12-02T17:05:29.6303174Z ##[warning]D:\a\TestCaseEditorApp_repo2\TestCaseEditorApp_repo2\MVVM\ViewModels\TestCaseGenerator_QuestionsVM.cs(1028,28): warning CS1998: This async method lacks 'await' operators and will run synchronously. Consider using the 'await' operator to await non-blocking API calls, or 'await Task.Run(...)' to do CPU-bound work on a background thread. [D:\a\TestCaseEditorApp_repo2\TestCaseEditorApp_repo2\TestCaseEditorApp_cm4gw4lu_wpftmp.csproj]
2025-12-02T17:05:29.6309754Z ##[warning]D:\a\TestCaseEditorApp_repo2\TestCaseEditorApp_repo2\MVVM\ViewModels\MainViewModel.cs(1897,36): warning CS8604: Possible null reference argument for parameter 'source' in 'List<Requirement> Enumerable.ToList<Requirement>(IEnumerable<Requirement> source)'. [D:\a\TestCaseEditorApp_repo2\TestCaseEditorApp_repo2\TestCaseEditorApp_cm4gw4lu_wpftmp.csproj]
2025-12-02T17:05:29.6314799Z ##[warning]D:\a\TestCaseEditorApp_repo2\TestCaseEditorApp_repo2\MVVM\ViewModels\MainViewModel.cs(1959,16): warning CS8603: Possible null reference return. [D:\a\TestCaseEditorApp_repo2\TestCaseEditorApp_repo2\TestCaseEditorApp_cm4gw4lu_wpftmp.csproj]
2025-12-02T17:05:29.6321070Z ##[warning]D:\a\TestCaseEditorApp_repo2\TestCaseEditorApp_repo2\MVVM\ViewModels\TestCaseGenerator_QuestionsVM.cs(1222,28): warning CS1998: This async method lacks 'await' operators and will run synchronously. Consider using the 'await' operator to await non-blocking API calls, or 'await Task.Run(...)' to do CPU-bound work on a background thread. [D:\a\TestCaseEditorApp_repo2\TestCaseEditorApp_repo2\TestCaseEditorApp_cm4gw4lu_wpftmp.csproj]
2025-12-02T17:05:29.6326216Z ##[warning]D:\a\TestCaseEditorApp_repo2\TestCaseEditorApp_repo2\MVVM\Controls\EditableDataControl\MVVM\ViewModels\EditableTableEditorViewModel.cs(82,56): warning CS8603: Possible null reference return. [D:\a\TestCaseEditorApp_repo2\TestCaseEditorApp_repo2\TestCaseEditorApp.csproj]
2025-12-02T17:05:29.6331108Z ##[warning]D:\a\TestCaseEditorApp_repo2\TestCaseEditorApp_repo2\MVVM\Controls\EditableDataControl\MVVM\ViewModels\EditableTableEditorViewModel.cs(83,60): warning CS8603: Possible null reference return. [D:\a\TestCaseEditorApp_repo2\TestCaseEditorApp_repo2\TestCaseEditorApp.csproj]
2025-12-02T17:05:29.6335409Z ##[warning]D:\a\TestCaseEditorApp_repo2\TestCaseEditorApp_repo2\MVVM\Controls\EditableDataControl\MVVM\ViewModels\EditableTableEditorViewModel.cs(85,68): warning CS8603: Possible null reference return. [D:\a\TestCaseEditorApp_repo2\TestCaseEditorApp_repo2\TestCaseEditorApp.csproj]
2025-12-02T17:05:29.6339732Z ##[warning]D:\a\TestCaseEditorApp_repo2\TestCaseEditorApp_repo2\MVVM\Controls\EditableDataControl\MVVM\ViewModels\EditableTableEditorViewModel.cs(86,74): warning CS8603: Possible null reference return. [D:\a\TestCaseEditorApp_repo2\TestCaseEditorApp_repo2\TestCaseEditorApp.csproj]
2025-12-02T17:05:29.6344553Z ##[warning]D:\a\TestCaseEditorApp_repo2\TestCaseEditorApp_repo2\MVVM\Controls\EditableDataControl\MVVM\ViewModels\EditableTableEditorViewModel.cs(87,72): warning CS8603: Possible null reference return. [D:\a\TestCaseEditorApp_repo2\TestCaseEditorApp_repo2\TestCaseEditorApp.csproj]
2025-12-02T17:05:29.6348985Z ##[warning]D:\a\TestCaseEditorApp_repo2\TestCaseEditorApp_repo2\MVVM\Views\MainWindow.xaml.cs(218,61): warning CS8602: Dereference of a possibly null reference. [D:\a\TestCaseEditorApp_repo2\TestCaseEditorApp_repo2\TestCaseEditorApp.csproj]
2025-12-02T17:05:29.6353238Z ##[warning]D:\a\TestCaseEditorApp_repo2\TestCaseEditorApp_repo2\MVVM\Views\EditableTableEditorWindow.xaml.cs(208,32): warning CS8600: Converting null literal or possible null value to non-nullable type. [D:\a\TestCaseEditorApp_repo2\TestCaseEditorApp_repo2\TestCaseEditorApp.csproj]
2025-12-02T17:05:29.6361386Z ##[warning]D:\a\TestCaseEditorApp_repo2\TestCaseEditorApp_repo2\MVVM\ViewModels\TestCaseGenerator_QuestionsVM.cs(1028,28): warning CS1998: This async method lacks 'await' operators and will run synchronously. Consider using the 'await' operator to await non-blocking API calls, or 'await Task.Run(...)' to do CPU-bound work on a background thread. [D:\a\TestCaseEditorApp_repo2\TestCaseEditorApp_repo2\TestCaseEditorApp.csproj]
2025-12-02T17:05:29.6368368Z ##[warning]D:\a\TestCaseEditorApp_repo2\TestCaseEditorApp_repo2\MVVM\ViewModels\TestCaseGenerator_QuestionsVM.cs(1222,28): warning CS1998: This async method lacks 'await' operators and will run synchronously. Consider using the 'await' operator to await non-blocking API calls, or 'await Task.Run(...)' to do CPU-bound work on a background thread. [D:\a\TestCaseEditorApp_repo2\TestCaseEditorApp_repo2\TestCaseEditorApp.csproj]
2025-12-02T17:05:29.6373949Z ##[warning]D:\a\TestCaseEditorApp_repo2\TestCaseEditorApp_repo2\MVVM\ViewModels\MainViewModelDesignStub.cs(46,111): warning CS8625: Cannot convert null literal to non-nullable reference type. [D:\a\TestCaseEditorApp_repo2\TestCaseEditorApp_repo2\TestCaseEditorApp.csproj]
2025-12-02T17:05:29.6379823Z ##[warning]D:\a\TestCaseEditorApp_repo2\TestCaseEditorApp_repo2\MVVM\ViewModels\MainViewModel.cs(394,16): warning CS8618: Non-nullable field '_persistence' must contain a non-null value when exiting constructor. Consider adding the 'required' modifier or declaring the field as nullable. [D:\a\TestCaseEditorApp_repo2\TestCaseEditorApp_repo2\TestCaseEditorApp.csproj]
2025-12-02T17:05:29.6384865Z ##[warning]D:\a\TestCaseEditorApp_repo2\TestCaseEditorApp_repo2\MVVM\Models\Requirement.cs(272,20): warning CS8603: Possible null reference return. [D:\a\TestCaseEditorApp_repo2\TestCaseEditorApp_repo2\TestCaseEditorApp.csproj]
2025-12-02T17:05:29.6390708Z ##[warning]D:\a\TestCaseEditorApp_repo2\TestCaseEditorApp_repo2\MVVM\ViewModels\MainViewModel.cs(1332,27): warning CS1998: This async method lacks 'await' operators and will run synchronously. Consider using the 'await' operator to await non-blocking API calls, or 'await Task.Run(...)' to do CPU-bound work on a background thread. [D:\a\TestCaseEditorApp_repo2\TestCaseEditorApp_repo2\TestCaseEditorApp.csproj]
2025-12-02T17:05:29.6397718Z ##[warning]D:\a\TestCaseEditorApp_repo2\TestCaseEditorApp_repo2\MVVM\ViewModels\MainViewModel.cs(1505,28): warning CS1998: This async method lacks 'await' operators and will run synchronously. Consider using the 'await' operator to await non-blocking API calls, or 'await Task.Run(...)' to do CPU-bound work on a background thread. [D:\a\TestCaseEditorApp_repo2\TestCaseEditorApp_repo2\TestCaseEditorApp.csproj]
2025-12-02T17:05:29.6407786Z ##[warning]D:\a\TestCaseEditorApp_repo2\TestCaseEditorApp_repo2\MVVM\ViewModels\MainViewModel.cs(1897,36): warning CS8604: Possible null reference argument for parameter 'source' in 'List<Requirement> Enumerable.ToList<Requirement>(IEnumerable<Requirement> source)'. [D:\a\TestCaseEditorApp_repo2\TestCaseEditorApp_repo2\TestCaseEditorApp.csproj]
2025-12-02T17:05:29.6413325Z ##[warning]D:\a\TestCaseEditorApp_repo2\TestCaseEditorApp_repo2\MVVM\ViewModels\MainViewModel.cs(1959,16): warning CS8603: Possible null reference return. [D:\a\TestCaseEditorApp_repo2\TestCaseEditorApp_repo2\TestCaseEditorApp.csproj]
2025-12-02T17:05:29.6415472Z     32 Warning(s)
2025-12-02T17:05:29.6415745Z     0 Error(s)
2025-12-02T17:05:29.6415900Z 
2025-12-02T17:05:29.6416058Z Time Elapsed 00:00:29.61
2025-12-02T17:05:29.6416283Z 
2025-12-02T17:05:29.6417259Z Workload updates are available. Run `dotnet workload list` for more information.
2025-12-02T17:05:30.0566773Z ##[group]Run dotnet run --project Tests/WorkspaceService.Runner/WorkspaceService.Runner.csproj --configuration Release --no-build --verbosity minimal
2025-12-02T17:05:30.0567852Z [36;1mdotnet run --project Tests/WorkspaceService.Runner/WorkspaceService.Runner.csproj --configuration Release --no-build --verbosity minimal[0m
2025-12-02T17:05:30.0631840Z shell: C:\Program Files\PowerShell\7\pwsh.EXE -command ". '{0}'"
2025-12-02T17:05:30.0632145Z env:
2025-12-02T17:05:30.0632329Z   DOTNET_ROOT: C:\Program Files\dotnet
2025-12-02T17:05:30.0632542Z ##[endgroup]
2025-12-02T17:05:30.9906008Z Unhandled exception: An error occurred trying to start process 'D:\a\TestCaseEditorApp_repo2\TestCaseEditorApp_repo2\Tests\WorkspaceService.Runner\bin\Release\net8.0-windows\WorkspaceService.Runner.exe' with working directory 'D:\a\TestCaseEditorApp_repo2\TestCaseEditorApp_repo2'. The system cannot find the file specified.
2025-12-02T17:05:31.1508626Z ##[error]Process completed with exit code 1.
2025-12-02T17:05:31.1722462Z Post job cleanup.
2025-12-02T17:05:31.4619265Z [command]"C:\Program Files\Git\bin\git.exe" version
2025-12-02T17:05:31.4960374Z git version 2.51.2.windows.1
2025-12-02T17:05:31.5074935Z Temporarily overriding HOME='D:\a\_temp\6440eee3-22e1-4e4e-a4d8-f51f4d3eb268' before making global git config changes
2025-12-02T17:05:31.5077333Z Adding repository directory to the temporary git global config as a safe directory
2025-12-02T17:05:31.5093509Z [command]"C:\Program Files\Git\bin\git.exe" config --global --add safe.directory D:\a\TestCaseEditorApp_repo2\TestCaseEditorApp_repo2
2025-12-02T17:05:31.5553688Z [command]"C:\Program Files\Git\bin\git.exe" config --local --name-only --get-regexp core\.sshCommand
2025-12-02T17:05:31.5990415Z [command]"C:\Program Files\Git\bin\git.exe" submodule foreach --recursive "sh -c \"git config --local --name-only --get-regexp 'core\.sshCommand' && git config --local --unset-all 'core.sshCommand' || :\""
2025-12-02T17:05:32.2100420Z [command]"C:\Program Files\Git\bin\git.exe" config --local --name-only --get-regexp http\.https\:\/\/github\.com\/\.extraheader
2025-12-02T17:05:32.2380163Z http.https://github.com/.extraheader
2025-12-02T17:05:32.2436793Z [command]"C:\Program Files\Git\bin\git.exe" config --local --unset-all http.https://github.com/.extraheader
2025-12-02T17:05:32.2779885Z [command]"C:\Program Files\Git\bin\git.exe" submodule foreach --recursive "sh -c \"git config --local --name-only --get-regexp 'http\.https\:\/\/github\.com\/\.extraheader' && git config --local --unset-all 'http.https://github.com/.extraheader' || :\""
2025-12-02T17:05:32.9185035Z [command]"C:\Program Files\Git\bin\git.exe" config --local --name-only --get-regexp ^includeIf\.gitdir:
2025-12-02T17:05:32.9528680Z [command]"C:\Program Files\Git\bin\git.exe" submodule foreach --recursive "git config --local --show-origin --name-only --get-regexp remote.origin.url"
2025-12-02T17:05:33.6022765Z Cleaning up orphan processes
2025-12-02T17:05:33.6491577Z Terminate orphan process: pid (8236) (dotnet)
2025-12-02T17:05:33.6546384Z Terminate orphan process: pid (2776) (conhost)
