2025-12-03T15:28:25.5098115Z Current runner version: '2.329.0'
2025-12-03T15:28:25.5125837Z ##[group]Runner Image Provisioner
2025-12-03T15:28:25.5126613Z Hosted Compute Agent
2025-12-03T15:28:25.5127176Z Version: 20251124.448
2025-12-03T15:28:25.5127800Z Commit: fda5086b43ec66ade217e5fcd18146c879571177
2025-12-03T15:28:25.5128413Z Build Date: 2025-11-24T21:16:26Z
2025-12-03T15:28:25.5128982Z ##[endgroup]
2025-12-03T15:28:25.5129531Z ##[group]Operating System
2025-12-03T15:28:25.5130112Z Microsoft Windows Server 2025
2025-12-03T15:28:25.5130620Z 10.0.26100
2025-12-03T15:28:25.5131073Z Datacenter
2025-12-03T15:28:25.5131476Z ##[endgroup]
2025-12-03T15:28:25.5131959Z ##[group]Runner Image
2025-12-03T15:28:25.5132466Z Image: windows-2025
2025-12-03T15:28:25.5132928Z Version: 20251125.122.1
2025-12-03T15:28:25.5134347Z Included Software: https://github.com/actions/runner-images/blob/win25/20251125.122/images/windows/Windows2025-Readme.md
2025-12-03T15:28:25.5136124Z Image Release: https://github.com/actions/runner-images/releases/tag/win25%2F20251125.122
2025-12-03T15:28:25.5137099Z ##[endgroup]
2025-12-03T15:28:25.5138541Z ##[group]GITHUB_TOKEN Permissions
2025-12-03T15:28:25.5140505Z Contents: read
2025-12-03T15:28:25.5141168Z Metadata: read
2025-12-03T15:28:25.5141621Z Packages: read
2025-12-03T15:28:25.5142140Z ##[endgroup]
2025-12-03T15:28:25.5144352Z Secret source: Actions
2025-12-03T15:28:25.5145107Z Prepare workflow directory
2025-12-03T15:28:25.5586893Z Prepare all required actions
2025-12-03T15:28:25.5643771Z Getting action download info
2025-12-03T15:28:25.9401406Z Download action repository 'actions/checkout@v4' (SHA:34e114876b0b11c390a56381ad16ebd13914f8d5)
2025-12-03T15:28:26.6121969Z Download action repository 'actions/setup-dotnet@v4' (SHA:67a3573c9a986a3f9c594539f4ab511d57bb3ce9)
2025-12-03T15:28:27.4490640Z Complete job name: build-and-test
2025-12-03T15:28:27.5914605Z ##[group]Run actions/checkout@v4
2025-12-03T15:28:27.5916095Z with:
2025-12-03T15:28:27.5917647Z   repository: cactuspainter3000/TestCaseEditorApp_repo2
2025-12-03T15:28:27.5919473Z   token: ***
2025-12-03T15:28:27.5920181Z   ssh-strict: true
2025-12-03T15:28:27.5920912Z   ssh-user: git
2025-12-03T15:28:27.5921657Z   persist-credentials: true
2025-12-03T15:28:27.5922501Z   clean: true
2025-12-03T15:28:27.5923266Z   sparse-checkout-cone-mode: true
2025-12-03T15:28:27.5924172Z   fetch-depth: 1
2025-12-03T15:28:27.5924894Z   fetch-tags: false
2025-12-03T15:28:27.5925629Z   show-progress: true
2025-12-03T15:28:27.5926376Z   lfs: false
2025-12-03T15:28:27.5927051Z   submodules: false
2025-12-03T15:28:27.5927801Z   set-safe-directory: true
2025-12-03T15:28:27.5928999Z ##[endgroup]
2025-12-03T15:28:27.7735466Z Syncing repository: cactuspainter3000/TestCaseEditorApp_repo2
2025-12-03T15:28:27.7740126Z ##[group]Getting Git version info
2025-12-03T15:28:27.7742712Z Working directory is 'D:\a\TestCaseEditorApp_repo2\TestCaseEditorApp_repo2'
2025-12-03T15:28:27.8812264Z [command]"C:\Program Files\Git\bin\git.exe" version
2025-12-03T15:28:28.2844472Z git version 2.52.0.windows.1
2025-12-03T15:28:28.2909559Z ##[endgroup]
2025-12-03T15:28:28.2935569Z Temporarily overriding HOME='D:\a\_temp\c5dada2c-dc2c-4098-b603-cb20a252e61f' before making global git config changes
2025-12-03T15:28:28.2937627Z Adding repository directory to the temporary git global config as a safe directory
2025-12-03T15:28:28.2947839Z [command]"C:\Program Files\Git\bin\git.exe" config --global --add safe.directory D:\a\TestCaseEditorApp_repo2\TestCaseEditorApp_repo2
2025-12-03T15:28:28.3538296Z Deleting the contents of 'D:\a\TestCaseEditorApp_repo2\TestCaseEditorApp_repo2'
2025-12-03T15:28:28.3545105Z ##[group]Initializing the repository
2025-12-03T15:28:28.3555233Z [command]"C:\Program Files\Git\bin\git.exe" init D:\a\TestCaseEditorApp_repo2\TestCaseEditorApp_repo2
2025-12-03T15:28:28.4488702Z Initialized empty Git repository in D:/a/TestCaseEditorApp_repo2/TestCaseEditorApp_repo2/.git/
2025-12-03T15:28:28.4539663Z [command]"C:\Program Files\Git\bin\git.exe" remote add origin https://github.com/cactuspainter3000/TestCaseEditorApp_repo2
2025-12-03T15:28:28.5245325Z ##[endgroup]
2025-12-03T15:28:28.5246613Z ##[group]Disabling automatic garbage collection
2025-12-03T15:28:28.5255034Z [command]"C:\Program Files\Git\bin\git.exe" config --local gc.auto 0
2025-12-03T15:28:28.5576617Z ##[endgroup]
2025-12-03T15:28:28.5577875Z ##[group]Setting up auth
2025-12-03T15:28:28.5590937Z [command]"C:\Program Files\Git\bin\git.exe" config --local --name-only --get-regexp core\.sshCommand
2025-12-03T15:28:28.5920262Z [command]"C:\Program Files\Git\bin\git.exe" submodule foreach --recursive "sh -c \"git config --local --name-only --get-regexp 'core\.sshCommand' && git config --local --unset-all 'core.sshCommand' || :\""
2025-12-03T15:28:30.0937622Z [command]"C:\Program Files\Git\bin\git.exe" config --local --name-only --get-regexp http\.https\:\/\/github\.com\/\.extraheader
2025-12-03T15:28:30.1258484Z [command]"C:\Program Files\Git\bin\git.exe" submodule foreach --recursive "sh -c \"git config --local --name-only --get-regexp 'http\.https\:\/\/github\.com\/\.extraheader' && git config --local --unset-all 'http.https://github.com/.extraheader' || :\""
2025-12-03T15:28:30.6969199Z [command]"C:\Program Files\Git\bin\git.exe" config --local --name-only --get-regexp ^includeIf\.gitdir:
2025-12-03T15:28:30.7305850Z [command]"C:\Program Files\Git\bin\git.exe" submodule foreach --recursive "git config --local --show-origin --name-only --get-regexp remote.origin.url"
2025-12-03T15:28:31.3000940Z [command]"C:\Program Files\Git\bin\git.exe" config --local http.https://github.com/.extraheader "AUTHORIZATION: basic ***"
2025-12-03T15:28:31.3342365Z ##[endgroup]
2025-12-03T15:28:31.3343066Z ##[group]Fetching the repository
2025-12-03T15:28:31.3360338Z [command]"C:\Program Files\Git\bin\git.exe" -c protocol.version=2 fetch --no-tags --prune --no-recurse-submodules --depth=1 origin +b0c18016076f7ae545a539e74fcde20b9d93b954:refs/remotes/pull/3/merge
2025-12-03T15:28:32.8537540Z From https://github.com/cactuspainter3000/TestCaseEditorApp_repo2
2025-12-03T15:28:32.8538652Z  * [new ref]         b0c18016076f7ae545a539e74fcde20b9d93b954 -> pull/3/merge
2025-12-03T15:28:32.8859160Z ##[endgroup]
2025-12-03T15:28:32.8859975Z ##[group]Determining the checkout info
2025-12-03T15:28:32.8862043Z ##[endgroup]
2025-12-03T15:28:32.8874352Z [command]"C:\Program Files\Git\bin\git.exe" sparse-checkout disable
2025-12-03T15:28:32.9362151Z [command]"C:\Program Files\Git\bin\git.exe" config --local --unset-all extensions.worktreeConfig
2025-12-03T15:28:32.9663109Z ##[group]Checking out the ref
2025-12-03T15:28:32.9673671Z [command]"C:\Program Files\Git\bin\git.exe" checkout --progress --force refs/remotes/pull/3/merge
2025-12-03T15:28:33.1719506Z Note: switching to 'refs/remotes/pull/3/merge'.
2025-12-03T15:28:33.1719982Z 
2025-12-03T15:28:33.1720364Z You are in 'detached HEAD' state. You can look around, make experimental
2025-12-03T15:28:33.1721517Z changes and commit them, and you can discard any commits you make in this
2025-12-03T15:28:33.1722936Z state without impacting any branches by switching back to a branch.
2025-12-03T15:28:33.1723425Z 
2025-12-03T15:28:33.1723761Z If you want to create a new branch to retain commits you create, you may
2025-12-03T15:28:33.1724677Z do so (now or later) by using -c with the switch command. Example:
2025-12-03T15:28:33.1725124Z 
2025-12-03T15:28:33.1725431Z   git switch -c <new-branch-name>
2025-12-03T15:28:33.1725749Z 
2025-12-03T15:28:33.1725932Z Or undo this operation with:
2025-12-03T15:28:33.1726254Z 
2025-12-03T15:28:33.1726539Z   git switch -
2025-12-03T15:28:33.1726772Z 
2025-12-03T15:28:33.1727137Z Turn off this advice by setting config variable advice.detachedHead to false
2025-12-03T15:28:33.1727699Z 
2025-12-03T15:28:33.1728312Z HEAD is now at b0c1801 Merge 9a6588abad9c6abcb47379bf1aa8ffaf9368823f into 1c99bedc18fa95c8977f81e25ea344e72614ad57
2025-12-03T15:28:33.1764959Z ##[endgroup]
2025-12-03T15:28:33.2223618Z [command]"C:\Program Files\Git\bin\git.exe" log -1 --format=%H
2025-12-03T15:28:33.2514987Z b0c18016076f7ae545a539e74fcde20b9d93b954
2025-12-03T15:28:33.2943803Z ##[group]Run actions/setup-dotnet@v4
2025-12-03T15:28:33.2944231Z with:
2025-12-03T15:28:33.2944458Z   dotnet-version: 8.0.x
2025-12-03T15:28:33.2944805Z   cache: false
2025-12-03T15:28:33.2945020Z ##[endgroup]
2025-12-03T15:28:33.6836675Z [command]"C:\Program Files\PowerShell\7\pwsh.exe" -NoLogo -Sta -NoProfile -NonInteractive -ExecutionPolicy Unrestricted -Command & 'D:\a\_actions\actions\setup-dotnet\v4\externals\install-dotnet.ps1' -SkipNonVersionedFiles -Runtime dotnet -Channel LTS
2025-12-03T15:28:41.4404192Z dotnet-install: .NET Core Runtime with version '10.0.0' is already installed.
2025-12-03T15:28:42.2105910Z [command]"C:\Program Files\PowerShell\7\pwsh.exe" -NoLogo -Sta -NoProfile -NonInteractive -ExecutionPolicy Unrestricted -Command & 'D:\a\_actions\actions\setup-dotnet\v4\externals\install-dotnet.ps1' -SkipNonVersionedFiles -Channel 8.0
2025-12-03T15:28:43.4268228Z dotnet-install: .NET Core SDK with version '8.0.416' is already installed.
2025-12-03T15:28:43.5391723Z ##[group]Run dotnet restore TestCaseEditorApp.csproj
2025-12-03T15:28:43.5392352Z [36;1mdotnet restore TestCaseEditorApp.csproj[0m
2025-12-03T15:28:43.5463168Z shell: C:\Program Files\PowerShell\7\pwsh.EXE -command ". '{0}'"
2025-12-03T15:28:43.5463581Z env:
2025-12-03T15:28:43.5463856Z   DOTNET_ROOT: C:\Program Files\dotnet
2025-12-03T15:28:43.5464151Z ##[endgroup]
2025-12-03T15:29:03.6807119Z   Determining projects to restore...
2025-12-03T15:29:17.8054702Z   Restored D:\a\TestCaseEditorApp_repo2\TestCaseEditorApp_repo2\TestCaseEditorApp.csproj (in 11.36 sec).
2025-12-03T15:29:17.9603008Z ##[group]Run dotnet build TestCaseEditorApp.csproj --configuration Release --no-restore
2025-12-03T15:29:17.9603693Z [36;1mdotnet build TestCaseEditorApp.csproj --configuration Release --no-restore[0m
2025-12-03T15:29:17.9666030Z shell: C:\Program Files\PowerShell\7\pwsh.EXE -command ". '{0}'"
2025-12-03T15:29:17.9666388Z env:
2025-12-03T15:29:17.9666574Z   DOTNET_ROOT: C:\Program Files\dotnet
2025-12-03T15:29:17.9666806Z ##[endgroup]
2025-12-03T15:29:43.8127851Z   TestCaseEditorApp -> D:\a\TestCaseEditorApp_repo2\TestCaseEditorApp_repo2\bin\Release\net8.0-windows\TestCaseEditorApp.dll
2025-12-03T15:29:43.8238124Z 
2025-12-03T15:29:43.8247122Z Build succeeded.
2025-12-03T15:29:43.8248454Z     0 Warning(s)
2025-12-03T15:29:43.8248949Z     0 Error(s)
2025-12-03T15:29:43.8257225Z 
2025-12-03T15:29:43.8257760Z Time Elapsed 00:00:24.97
2025-12-03T15:29:43.9732948Z ##[group]Run pwsh -NoProfile -ExecutionPolicy Bypass -File ./run-tests.ps1
2025-12-03T15:29:43.9733525Z [36;1mpwsh -NoProfile -ExecutionPolicy Bypass -File ./run-tests.ps1[0m
2025-12-03T15:29:43.9796366Z shell: C:\Program Files\PowerShell\7\pwsh.EXE -command ". '{0}'"
2025-12-03T15:29:43.9796698Z env:
2025-12-03T15:29:43.9796877Z   DOTNET_ROOT: C:\Program Files\dotnet
2025-12-03T15:29:43.9797108Z ##[endgroup]
2025-12-03T15:29:44.6082758Z 
2025-12-03T15:29:44.6084113Z === Running tests for: D:\a\TestCaseEditorApp_repo2\TestCaseEditorApp_repo2\Tests\TestCaseEditorApp.Tests\TestCaseEditorApp.Tests.csproj ===
2025-12-03T15:29:44.6084767Z 
2025-12-03T15:29:45.3030779Z   Determining projects to restore...
2025-12-03T15:29:53.8968338Z   Restored D:\a\TestCaseEditorApp_repo2\TestCaseEditorApp_repo2\Tests\TestCaseEditorApp.Tests\TestCaseEditorApp.Tests.csproj (in 8.35 sec).
2025-12-03T15:29:54.8138931Z   TestCaseEditorApp.Tests -> D:\a\TestCaseEditorApp_repo2\TestCaseEditorApp_repo2\Tests\TestCaseEditorApp.Tests\bin\Debug\net8.0\TestCaseEditorApp.Tests.dll
2025-12-03T15:29:54.8290715Z Test run for D:\a\TestCaseEditorApp_repo2\TestCaseEditorApp_repo2\Tests\TestCaseEditorApp.Tests\bin\Debug\net8.0\TestCaseEditorApp.Tests.dll (.NETCoreApp,Version=v8.0)
2025-12-03T15:29:55.2682632Z VSTest version 18.0.1 (x64)
2025-12-03T15:29:55.2724701Z 
2025-12-03T15:29:56.3135079Z Starting test execution, please wait...
2025-12-03T15:29:56.4170416Z A total of 1 test files matched the specified pattern.
2025-12-03T15:30:06.2330613Z 
2025-12-03T15:30:06.2368211Z Passed!  - Failed:     0, Passed:     1, Skipped:     0, Total:     1, Duration: 91 ms - TestCaseEditorApp.Tests.dll (net8.0)
2025-12-03T15:30:06.2882335Z Tests succeeded for D:\a\TestCaseEditorApp_repo2\TestCaseEditorApp_repo2\Tests\TestCaseEditorApp.Tests\TestCaseEditorApp.Tests.csproj
2025-12-03T15:30:06.2888927Z 
2025-12-03T15:30:06.2889665Z === Running tests for: D:\a\TestCaseEditorApp_repo2\TestCaseEditorApp_repo2\Tests\WorkspaceService.Runner\WorkspaceService.Runner.csproj ===
2025-12-03T15:30:06.2890281Z 
2025-12-03T15:30:06.9741126Z   Determining projects to restore...
2025-12-03T15:30:07.3140318Z   Restored D:\a\TestCaseEditorApp_repo2\TestCaseEditorApp_repo2\Tests\WorkspaceService.Runner\WorkspaceService.Runner.csproj (in 80 ms).
2025-12-03T15:30:07.4884269Z Tests succeeded for D:\a\TestCaseEditorApp_repo2\TestCaseEditorApp_repo2\Tests\WorkspaceService.Runner\WorkspaceService.Runner.csproj
2025-12-03T15:30:07.4889828Z 
2025-12-03T15:30:07.4891209Z === Running tests for: D:\a\TestCaseEditorApp_repo2\TestCaseEditorApp_repo2\Tests\WorkspaceService.Tests\WorkspaceService.Tests.csproj ===
2025-12-03T15:30:07.4891901Z 
2025-12-03T15:30:08.1702131Z   Determining projects to restore...
2025-12-03T15:30:11.7363738Z   Restored D:\a\TestCaseEditorApp_repo2\TestCaseEditorApp_repo2\Tests\WorkspaceService.Tests\WorkspaceService.Tests.csproj (in 3.32 sec).
2025-12-03T15:30:12.0547734Z C:\Program Files\dotnet\sdk\10.0.100\Microsoft.Common.CurrentVersion.targets(2437,5): warning MSB3245: Could not resolve this reference. Could not locate the assembly "TestCaseEditorApp". Check to make sure the assembly exists on disk. If this reference is required by your code, you may get compilation errors. [D:\a\TestCaseEditorApp_repo2\TestCaseEditorApp_repo2\Tests\WorkspaceService.Tests\WorkspaceService.Tests.csproj]
2025-12-03T15:30:12.4678071Z   WorkspaceService.Tests -> D:\a\TestCaseEditorApp_repo2\TestCaseEditorApp_repo2\Tests\WorkspaceService.Tests\bin\Debug\net8.0-windows\WorkspaceService.Tests.dll
2025-12-03T15:30:12.4846407Z Test run for D:\a\TestCaseEditorApp_repo2\TestCaseEditorApp_repo2\Tests\WorkspaceService.Tests\bin\Debug\net8.0-windows\WorkspaceService.Tests.dll (.NETCoreApp,Version=v8.0)
2025-12-03T15:30:12.5576123Z VSTest version 18.0.1 (x64)
2025-12-03T15:30:12.5606300Z 
2025-12-03T15:30:12.6534576Z Starting test execution, please wait...
2025-12-03T15:30:12.6811417Z A total of 1 test files matched the specified pattern.
2025-12-03T15:30:13.2536265Z No test is available in D:\a\TestCaseEditorApp_repo2\TestCaseEditorApp_repo2\Tests\WorkspaceService.Tests\bin\Debug\net8.0-windows\WorkspaceService.Tests.dll. Make sure that test discoverer & executors are registered and platform & framework version settings are appropriate and try again.
2025-12-03T15:30:13.3176052Z 
2025-12-03T15:30:13.3226949Z Additionally, path to test adapters can be specified using /TestAdapterPath command. Example  /TestAdapterPath:<pathToCustomAdapters>.
2025-12-03T15:30:13.3970387Z Tests succeeded for D:\a\TestCaseEditorApp_repo2\TestCaseEditorApp_repo2\Tests\WorkspaceService.Tests\WorkspaceService.Tests.csproj
2025-12-03T15:30:13.5542379Z ##[group]Run dotnet run --project Tests/WorkspaceService.Runner/WorkspaceService.Runner.csproj --configuration Release --no-build --verbosity minimal
2025-12-03T15:30:13.5543673Z [36;1mdotnet run --project Tests/WorkspaceService.Runner/WorkspaceService.Runner.csproj --configuration Release --no-build --verbosity minimal[0m
2025-12-03T15:30:13.5603622Z shell: C:\Program Files\PowerShell\7\pwsh.EXE -command ". '{0}'"
2025-12-03T15:30:13.5604025Z env:
2025-12-03T15:30:13.5604380Z   DOTNET_ROOT: C:\Program Files\dotnet
2025-12-03T15:30:13.5604621Z ##[endgroup]
2025-12-03T15:30:14.5652052Z Unhandled exception: An error occurred trying to start process 'D:\a\TestCaseEditorApp_repo2\TestCaseEditorApp_repo2\Tests\WorkspaceService.Runner\bin\Release\net8.0-windows\WorkspaceService.Runner.exe' with working directory 'D:\a\TestCaseEditorApp_repo2\TestCaseEditorApp_repo2'. The system cannot find the file specified.
2025-12-03T15:30:14.6967109Z ##[error]Process completed with exit code 1.
2025-12-03T15:30:14.7188532Z Post job cleanup.
2025-12-03T15:30:14.9718386Z [command]"C:\Program Files\Git\bin\git.exe" version
2025-12-03T15:30:15.0032179Z git version 2.52.0.windows.1
2025-12-03T15:30:15.0119879Z Temporarily overriding HOME='D:\a\_temp\02aa49a5-0b01-4d70-bccf-8f2e87cf6ade' before making global git config changes
2025-12-03T15:30:15.0121137Z Adding repository directory to the temporary git global config as a safe directory
2025-12-03T15:30:15.0136878Z [command]"C:\Program Files\Git\bin\git.exe" config --global --add safe.directory D:\a\TestCaseEditorApp_repo2\TestCaseEditorApp_repo2
2025-12-03T15:30:15.0475708Z [command]"C:\Program Files\Git\bin\git.exe" config --local --name-only --get-regexp core\.sshCommand
2025-12-03T15:30:15.0808205Z [command]"C:\Program Files\Git\bin\git.exe" submodule foreach --recursive "sh -c \"git config --local --name-only --get-regexp 'core\.sshCommand' && git config --local --unset-all 'core.sshCommand' || :\""
2025-12-03T15:30:15.7025076Z [command]"C:\Program Files\Git\bin\git.exe" config --local --name-only --get-regexp http\.https\:\/\/github\.com\/\.extraheader
2025-12-03T15:30:15.7321541Z http.https://github.com/.extraheader
2025-12-03T15:30:15.7377766Z [command]"C:\Program Files\Git\bin\git.exe" config --local --unset-all http.https://github.com/.extraheader
2025-12-03T15:30:15.7734122Z [command]"C:\Program Files\Git\bin\git.exe" submodule foreach --recursive "sh -c \"git config --local --name-only --get-regexp 'http\.https\:\/\/github\.com\/\.extraheader' && git config --local --unset-all 'http.https://github.com/.extraheader' || :\""
2025-12-03T15:30:16.3339615Z [command]"C:\Program Files\Git\bin\git.exe" config --local --name-only --get-regexp ^includeIf\.gitdir:
2025-12-03T15:30:16.3667173Z [command]"C:\Program Files\Git\bin\git.exe" submodule foreach --recursive "git config --local --show-origin --name-only --get-regexp remote.origin.url"
2025-12-03T15:30:17.4301061Z Cleaning up orphan processes
2025-12-03T15:30:17.4664105Z Terminate orphan process: pid (5940) (VBCSCompiler)
2025-12-03T15:30:17.4742254Z Terminate orphan process: pid (6140) (conhost)
