2025-12-02T17:46:16.4477199Z Current runner version: '2.329.0'
2025-12-02T17:46:16.4501162Z ##[group]Runner Image Provisioner
2025-12-02T17:46:16.4501918Z Hosted Compute Agent
2025-12-02T17:46:16.4502462Z Version: 20251016.436
2025-12-02T17:46:16.4502991Z Commit: 8ab8ac8bfd662a3739dab9fe09456aba92132568
2025-12-02T17:46:16.4503643Z Build Date: 2025-10-15T20:44:12Z
2025-12-02T17:46:16.4504148Z ##[endgroup]
2025-12-02T17:46:16.4504652Z ##[group]Operating System
2025-12-02T17:46:16.4505195Z Microsoft Windows Server 2025
2025-12-02T17:46:16.4505689Z 10.0.26100
2025-12-02T17:46:16.4506154Z Datacenter
2025-12-02T17:46:16.4506548Z ##[endgroup]
2025-12-02T17:46:16.4506991Z ##[group]Runner Image
2025-12-02T17:46:16.4507753Z Image: windows-2025
2025-12-02T17:46:16.4508236Z Version: 20251102.77.1
2025-12-02T17:46:16.4509416Z Included Software: https://github.com/actions/runner-images/blob/win25/20251102.77/images/windows/Windows2025-Readme.md
2025-12-02T17:46:16.4511106Z Image Release: https://github.com/actions/runner-images/releases/tag/win25%2F20251102.77
2025-12-02T17:46:16.4512016Z ##[endgroup]
2025-12-02T17:46:16.4513038Z ##[group]GITHUB_TOKEN Permissions
2025-12-02T17:46:16.4514750Z Contents: read
2025-12-02T17:46:16.4515306Z Metadata: read
2025-12-02T17:46:16.4515733Z Packages: read
2025-12-02T17:46:16.4516178Z ##[endgroup]
2025-12-02T17:46:16.4518118Z Secret source: Actions
2025-12-02T17:46:16.4518754Z Prepare workflow directory
2025-12-02T17:46:16.4854846Z Prepare all required actions
2025-12-02T17:46:16.4910746Z Getting action download info
2025-12-02T17:46:16.9314173Z Download action repository 'actions/checkout@v4' (SHA:34e114876b0b11c390a56381ad16ebd13914f8d5)
2025-12-02T17:46:17.5691294Z Download action repository 'actions/setup-dotnet@v4' (SHA:67a3573c9a986a3f9c594539f4ab511d57bb3ce9)
2025-12-02T17:46:18.3029298Z Complete job name: build-and-test
2025-12-02T17:46:18.4435446Z ##[group]Run actions/checkout@v4
2025-12-02T17:46:18.4436247Z with:
2025-12-02T17:46:18.4436616Z   repository: cactuspainter3000/TestCaseEditorApp_repo2
2025-12-02T17:46:18.4437331Z   token: ***
2025-12-02T17:46:18.4437591Z   ssh-strict: true
2025-12-02T17:46:18.4437853Z   ssh-user: git
2025-12-02T17:46:18.4438128Z   persist-credentials: true
2025-12-02T17:46:18.4438446Z   clean: true
2025-12-02T17:46:18.4438725Z   sparse-checkout-cone-mode: true
2025-12-02T17:46:18.4439059Z   fetch-depth: 1
2025-12-02T17:46:18.4439319Z   fetch-tags: false
2025-12-02T17:46:18.4439604Z   show-progress: true
2025-12-02T17:46:18.4439872Z   lfs: false
2025-12-02T17:46:18.4440113Z   submodules: false
2025-12-02T17:46:18.4440387Z   set-safe-directory: true
2025-12-02T17:46:18.4440885Z ##[endgroup]
2025-12-02T17:46:18.6277310Z Syncing repository: cactuspainter3000/TestCaseEditorApp_repo2
2025-12-02T17:46:18.6278797Z ##[group]Getting Git version info
2025-12-02T17:46:18.6279329Z Working directory is 'D:\a\TestCaseEditorApp_repo2\TestCaseEditorApp_repo2'
2025-12-02T17:46:18.7380945Z [command]"C:\Program Files\Git\bin\git.exe" version
2025-12-02T17:46:19.1432507Z git version 2.51.2.windows.1
2025-12-02T17:46:19.1456296Z ##[endgroup]
2025-12-02T17:46:19.1480992Z Temporarily overriding HOME='D:\a\_temp\fd314d69-07ea-4cd3-940b-67f480877481' before making global git config changes
2025-12-02T17:46:19.1482153Z Adding repository directory to the temporary git global config as a safe directory
2025-12-02T17:46:19.1493380Z [command]"C:\Program Files\Git\bin\git.exe" config --global --add safe.directory D:\a\TestCaseEditorApp_repo2\TestCaseEditorApp_repo2
2025-12-02T17:46:19.2064164Z Deleting the contents of 'D:\a\TestCaseEditorApp_repo2\TestCaseEditorApp_repo2'
2025-12-02T17:46:19.2071196Z ##[group]Initializing the repository
2025-12-02T17:46:19.2080929Z [command]"C:\Program Files\Git\bin\git.exe" init D:\a\TestCaseEditorApp_repo2\TestCaseEditorApp_repo2
2025-12-02T17:46:19.2899155Z Initialized empty Git repository in D:/a/TestCaseEditorApp_repo2/TestCaseEditorApp_repo2/.git/
2025-12-02T17:46:19.2955889Z [command]"C:\Program Files\Git\bin\git.exe" remote add origin https://github.com/cactuspainter3000/TestCaseEditorApp_repo2
2025-12-02T17:46:19.3520879Z ##[endgroup]
2025-12-02T17:46:19.3521609Z ##[group]Disabling automatic garbage collection
2025-12-02T17:46:19.3532212Z [command]"C:\Program Files\Git\bin\git.exe" config --local gc.auto 0
2025-12-02T17:46:19.3852184Z ##[endgroup]
2025-12-02T17:46:19.3852861Z ##[group]Setting up auth
2025-12-02T17:46:19.3867213Z [command]"C:\Program Files\Git\bin\git.exe" config --local --name-only --get-regexp core\.sshCommand
2025-12-02T17:46:19.4201368Z [command]"C:\Program Files\Git\bin\git.exe" submodule foreach --recursive "sh -c \"git config --local --name-only --get-regexp 'core\.sshCommand' && git config --local --unset-all 'core.sshCommand' || :\""
2025-12-02T17:46:20.7853527Z [command]"C:\Program Files\Git\bin\git.exe" config --local --name-only --get-regexp http\.https\:\/\/github\.com\/\.extraheader
2025-12-02T17:46:20.8158653Z [command]"C:\Program Files\Git\bin\git.exe" submodule foreach --recursive "sh -c \"git config --local --name-only --get-regexp 'http\.https\:\/\/github\.com\/\.extraheader' && git config --local --unset-all 'http.https://github.com/.extraheader' || :\""
2025-12-02T17:46:21.3277672Z [command]"C:\Program Files\Git\bin\git.exe" config --local --name-only --get-regexp ^includeIf\.gitdir:
2025-12-02T17:46:21.3576411Z [command]"C:\Program Files\Git\bin\git.exe" submodule foreach --recursive "git config --local --show-origin --name-only --get-regexp remote.origin.url"
2025-12-02T17:46:21.8589247Z [command]"C:\Program Files\Git\bin\git.exe" config --local http.https://github.com/.extraheader "AUTHORIZATION: basic ***"
2025-12-02T17:46:21.8944306Z ##[endgroup]
2025-12-02T17:46:21.8944690Z ##[group]Fetching the repository
2025-12-02T17:46:21.8960713Z [command]"C:\Program Files\Git\bin\git.exe" -c protocol.version=2 fetch --no-tags --prune --no-recurse-submodules --depth=1 origin +1c99bedc18fa95c8977f81e25ea344e72614ad57:refs/remotes/origin/patch-preview
2025-12-02T17:46:23.0144281Z From https://github.com/cactuspainter3000/TestCaseEditorApp_repo2
2025-12-02T17:46:23.0145262Z  * [new ref]         1c99bedc18fa95c8977f81e25ea344e72614ad57 -> origin/patch-preview
2025-12-02T17:46:23.0457147Z ##[endgroup]
2025-12-02T17:46:23.0457902Z ##[group]Determining the checkout info
2025-12-02T17:46:23.0459593Z ##[endgroup]
2025-12-02T17:46:23.0470063Z [command]"C:\Program Files\Git\bin\git.exe" sparse-checkout disable
2025-12-02T17:46:23.1120318Z [command]"C:\Program Files\Git\bin\git.exe" config --local --unset-all extensions.worktreeConfig
2025-12-02T17:46:23.1404608Z ##[group]Checking out the ref
2025-12-02T17:46:23.1414426Z [command]"C:\Program Files\Git\bin\git.exe" checkout --progress --force -B patch-preview refs/remotes/origin/patch-preview
2025-12-02T17:46:23.2539051Z branch 'patch-preview' set up to track 'origin/patch-preview'.
2025-12-02T17:46:23.2546626Z Switched to a new branch 'patch-preview'
2025-12-02T17:46:23.2583757Z ##[endgroup]
2025-12-02T17:46:23.2999537Z [command]"C:\Program Files\Git\bin\git.exe" log -1 --format=%H
2025-12-02T17:46:23.3261759Z 1c99bedc18fa95c8977f81e25ea344e72614ad57
2025-12-02T17:46:23.3649792Z ##[group]Run actions/setup-dotnet@v4
2025-12-02T17:46:23.3650130Z with:
2025-12-02T17:46:23.3650298Z   dotnet-version: 8.0.x
2025-12-02T17:46:23.3650506Z   cache: false
2025-12-02T17:46:23.3650668Z ##[endgroup]
2025-12-02T17:46:23.7566908Z [command]"C:\Program Files\PowerShell\7\pwsh.exe" -NoLogo -Sta -NoProfile -NonInteractive -ExecutionPolicy Unrestricted -Command & 'D:\a\_actions\actions\setup-dotnet\v4\externals\install-dotnet.ps1' -SkipNonVersionedFiles -Runtime dotnet -Channel LTS
2025-12-02T17:46:33.5019927Z dotnet-install: Downloaded file https://builds.dotnet.microsoft.com/dotnet/Runtime/10.0.0/dotnet-runtime-10.0.0-win-x64.zip size is 37111780 bytes.
2025-12-02T17:46:33.5032788Z dotnet-install: Either downloaded or local package size can not be measured. One of them may be corrupted.
2025-12-02T17:46:33.5058606Z dotnet-install: Extracting the archive.
2025-12-02T17:46:34.7307843Z dotnet-install: Note that the script does not ensure your Windows version is supported during the installation.
2025-12-02T17:46:34.7314077Z dotnet-install: To check the list of supported versions, go to https://learn.microsoft.com/dotnet/core/install/windows#supported-versions
2025-12-02T17:46:34.7321304Z dotnet-install: Installed version is 10.0.0
2025-12-02T17:46:34.7327789Z dotnet-install: Installation finished
2025-12-02T17:46:35.0976930Z [command]"C:\Program Files\PowerShell\7\pwsh.exe" -NoLogo -Sta -NoProfile -NonInteractive -ExecutionPolicy Unrestricted -Command & 'D:\a\_actions\actions\setup-dotnet\v4\externals\install-dotnet.ps1' -SkipNonVersionedFiles -Channel 8.0
2025-12-02T17:46:40.9580434Z dotnet-install: Downloaded file https://builds.dotnet.microsoft.com/dotnet/Sdk/8.0.416/dotnet-sdk-8.0.416-win-x64.zip size is 285854895 bytes.
2025-12-02T17:46:40.9597625Z dotnet-install: Either downloaded or local package size can not be measured. One of them may be corrupted.
2025-12-02T17:46:40.9624094Z dotnet-install: Extracting the archive.
2025-12-02T17:47:03.2681341Z dotnet-install: Note that the script does not ensure your Windows version is supported during the installation.
2025-12-02T17:47:03.2686147Z dotnet-install: To check the list of supported versions, go to https://learn.microsoft.com/dotnet/core/install/windows#supported-versions
2025-12-02T17:47:03.2692956Z dotnet-install: Installed version is 8.0.416
2025-12-02T17:47:03.2698550Z dotnet-install: Installation finished
2025-12-02T17:47:03.3365707Z ##[group]Run dotnet restore TestCaseEditorApp.csproj
2025-12-02T17:47:03.3366133Z [36;1mdotnet restore TestCaseEditorApp.csproj[0m
2025-12-02T17:47:03.3431129Z shell: C:\Program Files\PowerShell\7\pwsh.EXE -command ". '{0}'"
2025-12-02T17:47:03.3431444Z env:
2025-12-02T17:47:03.3431609Z   DOTNET_ROOT: C:\Program Files\dotnet
2025-12-02T17:47:03.3431833Z ##[endgroup]
2025-12-02T17:47:22.2534710Z   Determining projects to restore...
2025-12-02T17:47:36.1925173Z   Restored D:\a\TestCaseEditorApp_repo2\TestCaseEditorApp_repo2\TestCaseEditorApp.csproj (in 11.77 sec).
2025-12-02T17:47:36.4150406Z ##[group]Run dotnet build TestCaseEditorApp.csproj --configuration Release --no-restore
2025-12-02T17:47:36.4151098Z [36;1mdotnet build TestCaseEditorApp.csproj --configuration Release --no-restore[0m
2025-12-02T17:47:36.4212147Z shell: C:\Program Files\PowerShell\7\pwsh.EXE -command ". '{0}'"
2025-12-02T17:47:36.4212444Z env:
2025-12-02T17:47:36.4212611Z   DOTNET_ROOT: C:\Program Files\dotnet
2025-12-02T17:47:36.4212856Z ##[endgroup]
2025-12-02T17:48:01.0617953Z ##[warning]D:\a\TestCaseEditorApp_repo2\TestCaseEditorApp_repo2\MVVM\Controls\EditableDataControl\MVVM\ViewModels\EditableTableEditorViewModel.cs(82,56): warning CS8603: Possible null reference return. [D:\a\TestCaseEditorApp_repo2\TestCaseEditorApp_repo2\TestCaseEditorApp_ilpoyeeh_wpftmp.csproj]
2025-12-02T17:48:01.0630104Z ##[warning]D:\a\TestCaseEditorApp_repo2\TestCaseEditorApp_repo2\MVVM\Controls\EditableDataControl\MVVM\ViewModels\EditableTableEditorViewModel.cs(83,60): warning CS8603: Possible null reference return. [D:\a\TestCaseEditorApp_repo2\TestCaseEditorApp_repo2\TestCaseEditorApp_ilpoyeeh_wpftmp.csproj]
2025-12-02T17:48:01.0633637Z ##[warning]D:\a\TestCaseEditorApp_repo2\TestCaseEditorApp_repo2\MVVM\Controls\EditableDataControl\MVVM\ViewModels\EditableTableEditorViewModel.cs(85,68): warning CS8603: Possible null reference return. [D:\a\TestCaseEditorApp_repo2\TestCaseEditorApp_repo2\TestCaseEditorApp_ilpoyeeh_wpftmp.csproj]
2025-12-02T17:48:01.0636543Z ##[warning]D:\a\TestCaseEditorApp_repo2\TestCaseEditorApp_repo2\MVVM\Controls\EditableDataControl\MVVM\ViewModels\EditableTableEditorViewModel.cs(86,74): warning CS8603: Possible null reference return. [D:\a\TestCaseEditorApp_repo2\TestCaseEditorApp_repo2\TestCaseEditorApp_ilpoyeeh_wpftmp.csproj]
2025-12-02T17:48:01.0639388Z ##[warning]D:\a\TestCaseEditorApp_repo2\TestCaseEditorApp_repo2\MVVM\Controls\EditableDataControl\MVVM\ViewModels\EditableTableEditorViewModel.cs(87,72): warning CS8603: Possible null reference return. [D:\a\TestCaseEditorApp_repo2\TestCaseEditorApp_repo2\TestCaseEditorApp_ilpoyeeh_wpftmp.csproj]
2025-12-02T17:48:01.0642405Z ##[warning]D:\a\TestCaseEditorApp_repo2\TestCaseEditorApp_repo2\MVVM\Views\MainWindow.xaml.cs(218,61): warning CS8602: Dereference of a possibly null reference. [D:\a\TestCaseEditorApp_repo2\TestCaseEditorApp_repo2\TestCaseEditorApp_ilpoyeeh_wpftmp.csproj]
2025-12-02T17:48:01.0644841Z ##[warning]D:\a\TestCaseEditorApp_repo2\TestCaseEditorApp_repo2\MVVM\Models\Requirement.cs(272,20): warning CS8603: Possible null reference return. [D:\a\TestCaseEditorApp_repo2\TestCaseEditorApp_repo2\TestCaseEditorApp_ilpoyeeh_wpftmp.csproj]
2025-12-02T17:48:01.0647443Z ##[warning]D:\a\TestCaseEditorApp_repo2\TestCaseEditorApp_repo2\MVVM\ViewModels\MainViewModelDesignStub.cs(46,111): warning CS8625: Cannot convert null literal to non-nullable reference type. [D:\a\TestCaseEditorApp_repo2\TestCaseEditorApp_repo2\TestCaseEditorApp_ilpoyeeh_wpftmp.csproj]
2025-12-02T17:48:01.0650253Z ##[warning]D:\a\TestCaseEditorApp_repo2\TestCaseEditorApp_repo2\MVVM\Views\EditableTableEditorWindow.xaml.cs(208,32): warning CS8600: Converting null literal or possible null value to non-nullable type. [D:\a\TestCaseEditorApp_repo2\TestCaseEditorApp_repo2\TestCaseEditorApp_ilpoyeeh_wpftmp.csproj]
2025-12-02T17:48:01.0654175Z ##[warning]D:\a\TestCaseEditorApp_repo2\TestCaseEditorApp_repo2\MVVM\ViewModels\MainViewModel.cs(394,16): warning CS8618: Non-nullable field '_persistence' must contain a non-null value when exiting constructor. Consider adding the 'required' modifier or declaring the field as nullable. [D:\a\TestCaseEditorApp_repo2\TestCaseEditorApp_repo2\TestCaseEditorApp_ilpoyeeh_wpftmp.csproj]
2025-12-02T17:48:01.0660311Z ##[warning]D:\a\TestCaseEditorApp_repo2\TestCaseEditorApp_repo2\MVVM\ViewModels\MainViewModel.cs(1332,27): warning CS1998: This async method lacks 'await' operators and will run synchronously. Consider using the 'await' operator to await non-blocking API calls, or 'await Task.Run(...)' to do CPU-bound work on a background thread. [D:\a\TestCaseEditorApp_repo2\TestCaseEditorApp_repo2\TestCaseEditorApp_ilpoyeeh_wpftmp.csproj]
2025-12-02T17:48:01.0664526Z ##[warning]D:\a\TestCaseEditorApp_repo2\TestCaseEditorApp_repo2\MVVM\ViewModels\MainViewModel.cs(1505,28): warning CS1998: This async method lacks 'await' operators and will run synchronously. Consider using the 'await' operator to await non-blocking API calls, or 'await Task.Run(...)' to do CPU-bound work on a background thread. [D:\a\TestCaseEditorApp_repo2\TestCaseEditorApp_repo2\TestCaseEditorApp_ilpoyeeh_wpftmp.csproj]
2025-12-02T17:48:01.0668451Z ##[warning]D:\a\TestCaseEditorApp_repo2\TestCaseEditorApp_repo2\MVVM\ViewModels\TestCaseGenerator_QuestionsVM.cs(1028,28): warning CS1998: This async method lacks 'await' operators and will run synchronously. Consider using the 'await' operator to await non-blocking API calls, or 'await Task.Run(...)' to do CPU-bound work on a background thread. [D:\a\TestCaseEditorApp_repo2\TestCaseEditorApp_repo2\TestCaseEditorApp_ilpoyeeh_wpftmp.csproj]
2025-12-02T17:48:01.0672469Z ##[warning]D:\a\TestCaseEditorApp_repo2\TestCaseEditorApp_repo2\MVVM\ViewModels\MainViewModel.cs(1897,36): warning CS8604: Possible null reference argument for parameter 'source' in 'List<Requirement> Enumerable.ToList<Requirement>(IEnumerable<Requirement> source)'. [D:\a\TestCaseEditorApp_repo2\TestCaseEditorApp_repo2\TestCaseEditorApp_ilpoyeeh_wpftmp.csproj]
2025-12-02T17:48:01.0675222Z ##[warning]D:\a\TestCaseEditorApp_repo2\TestCaseEditorApp_repo2\MVVM\ViewModels\MainViewModel.cs(1959,16): warning CS8603: Possible null reference return. [D:\a\TestCaseEditorApp_repo2\TestCaseEditorApp_repo2\TestCaseEditorApp_ilpoyeeh_wpftmp.csproj]
2025-12-02T17:48:01.0678682Z ##[warning]D:\a\TestCaseEditorApp_repo2\TestCaseEditorApp_repo2\MVVM\ViewModels\TestCaseGenerator_QuestionsVM.cs(1222,28): warning CS1998: This async method lacks 'await' operators and will run synchronously. Consider using the 'await' operator to await non-blocking API calls, or 'await Task.Run(...)' to do CPU-bound work on a background thread. [D:\a\TestCaseEditorApp_repo2\TestCaseEditorApp_repo2\TestCaseEditorApp_ilpoyeeh_wpftmp.csproj]
2025-12-02T17:48:05.0206548Z ##[warning]D:\a\TestCaseEditorApp_repo2\TestCaseEditorApp_repo2\MVVM\Controls\EditableDataControl\MVVM\ViewModels\EditableTableEditorViewModel.cs(82,56): warning CS8603: Possible null reference return. [D:\a\TestCaseEditorApp_repo2\TestCaseEditorApp_repo2\TestCaseEditorApp.csproj]
2025-12-02T17:48:05.0212533Z ##[warning]D:\a\TestCaseEditorApp_repo2\TestCaseEditorApp_repo2\MVVM\Controls\EditableDataControl\MVVM\ViewModels\EditableTableEditorViewModel.cs(83,60): warning CS8603: Possible null reference return. [D:\a\TestCaseEditorApp_repo2\TestCaseEditorApp_repo2\TestCaseEditorApp.csproj]
2025-12-02T17:48:05.0215647Z ##[warning]D:\a\TestCaseEditorApp_repo2\TestCaseEditorApp_repo2\MVVM\Controls\EditableDataControl\MVVM\ViewModels\EditableTableEditorViewModel.cs(85,68): warning CS8603: Possible null reference return. [D:\a\TestCaseEditorApp_repo2\TestCaseEditorApp_repo2\TestCaseEditorApp.csproj]
2025-12-02T17:48:05.0218552Z ##[warning]D:\a\TestCaseEditorApp_repo2\TestCaseEditorApp_repo2\MVVM\Controls\EditableDataControl\MVVM\ViewModels\EditableTableEditorViewModel.cs(86,74): warning CS8603: Possible null reference return. [D:\a\TestCaseEditorApp_repo2\TestCaseEditorApp_repo2\TestCaseEditorApp.csproj]
2025-12-02T17:48:05.0221057Z ##[warning]D:\a\TestCaseEditorApp_repo2\TestCaseEditorApp_repo2\MVVM\Controls\EditableDataControl\MVVM\ViewModels\EditableTableEditorViewModel.cs(87,72): warning CS8603: Possible null reference return. [D:\a\TestCaseEditorApp_repo2\TestCaseEditorApp_repo2\TestCaseEditorApp.csproj]
2025-12-02T17:48:05.0223644Z ##[warning]D:\a\TestCaseEditorApp_repo2\TestCaseEditorApp_repo2\MVVM\Views\EditableTableEditorWindow.xaml.cs(208,32): warning CS8600: Converting null literal or possible null value to non-nullable type. [D:\a\TestCaseEditorApp_repo2\TestCaseEditorApp_repo2\TestCaseEditorApp.csproj]
2025-12-02T17:48:05.0226701Z ##[warning]D:\a\TestCaseEditorApp_repo2\TestCaseEditorApp_repo2\MVVM\Views\MainWindow.xaml.cs(218,61): warning CS8602: Dereference of a possibly null reference. [D:\a\TestCaseEditorApp_repo2\TestCaseEditorApp_repo2\TestCaseEditorApp.csproj]
2025-12-02T17:48:05.0229204Z ##[warning]D:\a\TestCaseEditorApp_repo2\TestCaseEditorApp_repo2\MVVM\ViewModels\MainViewModelDesignStub.cs(46,111): warning CS8625: Cannot convert null literal to non-nullable reference type. [D:\a\TestCaseEditorApp_repo2\TestCaseEditorApp_repo2\TestCaseEditorApp.csproj]
2025-12-02T17:48:05.0231696Z ##[warning]D:\a\TestCaseEditorApp_repo2\TestCaseEditorApp_repo2\MVVM\Models\Requirement.cs(272,20): warning CS8603: Possible null reference return. [D:\a\TestCaseEditorApp_repo2\TestCaseEditorApp_repo2\TestCaseEditorApp.csproj]
2025-12-02T17:48:05.0234995Z ##[warning]D:\a\TestCaseEditorApp_repo2\TestCaseEditorApp_repo2\MVVM\ViewModels\MainViewModel.cs(394,16): warning CS8618: Non-nullable field '_persistence' must contain a non-null value when exiting constructor. Consider adding the 'required' modifier or declaring the field as nullable. [D:\a\TestCaseEditorApp_repo2\TestCaseEditorApp_repo2\TestCaseEditorApp.csproj]
2025-12-02T17:48:05.0238637Z ##[warning]D:\a\TestCaseEditorApp_repo2\TestCaseEditorApp_repo2\MVVM\ViewModels\TestCaseGenerator_QuestionsVM.cs(1028,28): warning CS1998: This async method lacks 'await' operators and will run synchronously. Consider using the 'await' operator to await non-blocking API calls, or 'await Task.Run(...)' to do CPU-bound work on a background thread. [D:\a\TestCaseEditorApp_repo2\TestCaseEditorApp_repo2\TestCaseEditorApp.csproj]
2025-12-02T17:48:05.0242317Z ##[warning]D:\a\TestCaseEditorApp_repo2\TestCaseEditorApp_repo2\MVVM\ViewModels\MainViewModel.cs(1332,27): warning CS1998: This async method lacks 'await' operators and will run synchronously. Consider using the 'await' operator to await non-blocking API calls, or 'await Task.Run(...)' to do CPU-bound work on a background thread. [D:\a\TestCaseEditorApp_repo2\TestCaseEditorApp_repo2\TestCaseEditorApp.csproj]
2025-12-02T17:48:05.0246745Z ##[warning]D:\a\TestCaseEditorApp_repo2\TestCaseEditorApp_repo2\MVVM\ViewModels\MainViewModel.cs(1505,28): warning CS1998: This async method lacks 'await' operators and will run synchronously. Consider using the 'await' operator to await non-blocking API calls, or 'await Task.Run(...)' to do CPU-bound work on a background thread. [D:\a\TestCaseEditorApp_repo2\TestCaseEditorApp_repo2\TestCaseEditorApp.csproj]
2025-12-02T17:48:05.0250480Z ##[warning]D:\a\TestCaseEditorApp_repo2\TestCaseEditorApp_repo2\MVVM\ViewModels\TestCaseGenerator_QuestionsVM.cs(1222,28): warning CS1998: This async method lacks 'await' operators and will run synchronously. Consider using the 'await' operator to await non-blocking API calls, or 'await Task.Run(...)' to do CPU-bound work on a background thread. [D:\a\TestCaseEditorApp_repo2\TestCaseEditorApp_repo2\TestCaseEditorApp.csproj]
2025-12-02T17:48:05.0254518Z ##[warning]D:\a\TestCaseEditorApp_repo2\TestCaseEditorApp_repo2\MVVM\ViewModels\MainViewModel.cs(1897,36): warning CS8604: Possible null reference argument for parameter 'source' in 'List<Requirement> Enumerable.ToList<Requirement>(IEnumerable<Requirement> source)'. [D:\a\TestCaseEditorApp_repo2\TestCaseEditorApp_repo2\TestCaseEditorApp.csproj]
2025-12-02T17:48:05.0256981Z ##[warning]D:\a\TestCaseEditorApp_repo2\TestCaseEditorApp_repo2\MVVM\ViewModels\MainViewModel.cs(1959,16): warning CS8603: Possible null reference return. [D:\a\TestCaseEditorApp_repo2\TestCaseEditorApp_repo2\TestCaseEditorApp.csproj]
2025-12-02T17:48:05.3700236Z   TestCaseEditorApp -> D:\a\TestCaseEditorApp_repo2\TestCaseEditorApp_repo2\bin\Release\net8.0-windows\TestCaseEditorApp.dll
2025-12-02T17:48:05.3913116Z 
2025-12-02T17:48:05.3915507Z Build succeeded.
2025-12-02T17:48:05.3916038Z 
2025-12-02T17:48:05.3919776Z ##[warning]D:\a\TestCaseEditorApp_repo2\TestCaseEditorApp_repo2\MVVM\Controls\EditableDataControl\MVVM\ViewModels\EditableTableEditorViewModel.cs(82,56): warning CS8603: Possible null reference return. [D:\a\TestCaseEditorApp_repo2\TestCaseEditorApp_repo2\TestCaseEditorApp_ilpoyeeh_wpftmp.csproj]
2025-12-02T17:48:05.3925139Z ##[warning]D:\a\TestCaseEditorApp_repo2\TestCaseEditorApp_repo2\MVVM\Controls\EditableDataControl\MVVM\ViewModels\EditableTableEditorViewModel.cs(83,60): warning CS8603: Possible null reference return. [D:\a\TestCaseEditorApp_repo2\TestCaseEditorApp_repo2\TestCaseEditorApp_ilpoyeeh_wpftmp.csproj]
2025-12-02T17:48:05.3930771Z ##[warning]D:\a\TestCaseEditorApp_repo2\TestCaseEditorApp_repo2\MVVM\Controls\EditableDataControl\MVVM\ViewModels\EditableTableEditorViewModel.cs(85,68): warning CS8603: Possible null reference return. [D:\a\TestCaseEditorApp_repo2\TestCaseEditorApp_repo2\TestCaseEditorApp_ilpoyeeh_wpftmp.csproj]
2025-12-02T17:48:05.3937834Z ##[warning]D:\a\TestCaseEditorApp_repo2\TestCaseEditorApp_repo2\MVVM\Controls\EditableDataControl\MVVM\ViewModels\EditableTableEditorViewModel.cs(86,74): warning CS8603: Possible null reference return. [D:\a\TestCaseEditorApp_repo2\TestCaseEditorApp_repo2\TestCaseEditorApp_ilpoyeeh_wpftmp.csproj]
2025-12-02T17:48:05.3945174Z ##[warning]D:\a\TestCaseEditorApp_repo2\TestCaseEditorApp_repo2\MVVM\Controls\EditableDataControl\MVVM\ViewModels\EditableTableEditorViewModel.cs(87,72): warning CS8603: Possible null reference return. [D:\a\TestCaseEditorApp_repo2\TestCaseEditorApp_repo2\TestCaseEditorApp_ilpoyeeh_wpftmp.csproj]
2025-12-02T17:48:05.3951880Z ##[warning]D:\a\TestCaseEditorApp_repo2\TestCaseEditorApp_repo2\MVVM\Views\MainWindow.xaml.cs(218,61): warning CS8602: Dereference of a possibly null reference. [D:\a\TestCaseEditorApp_repo2\TestCaseEditorApp_repo2\TestCaseEditorApp_ilpoyeeh_wpftmp.csproj]
2025-12-02T17:48:05.3958676Z ##[warning]D:\a\TestCaseEditorApp_repo2\TestCaseEditorApp_repo2\MVVM\Models\Requirement.cs(272,20): warning CS8603: Possible null reference return. [D:\a\TestCaseEditorApp_repo2\TestCaseEditorApp_repo2\TestCaseEditorApp_ilpoyeeh_wpftmp.csproj]
2025-12-02T17:48:05.3965435Z ##[warning]D:\a\TestCaseEditorApp_repo2\TestCaseEditorApp_repo2\MVVM\ViewModels\MainViewModelDesignStub.cs(46,111): warning CS8625: Cannot convert null literal to non-nullable reference type. [D:\a\TestCaseEditorApp_repo2\TestCaseEditorApp_repo2\TestCaseEditorApp_ilpoyeeh_wpftmp.csproj]
2025-12-02T17:48:05.3973553Z ##[warning]D:\a\TestCaseEditorApp_repo2\TestCaseEditorApp_repo2\MVVM\Views\EditableTableEditorWindow.xaml.cs(208,32): warning CS8600: Converting null literal or possible null value to non-nullable type. [D:\a\TestCaseEditorApp_repo2\TestCaseEditorApp_repo2\TestCaseEditorApp_ilpoyeeh_wpftmp.csproj]
2025-12-02T17:48:05.3983067Z ##[warning]D:\a\TestCaseEditorApp_repo2\TestCaseEditorApp_repo2\MVVM\ViewModels\MainViewModel.cs(394,16): warning CS8618: Non-nullable field '_persistence' must contain a non-null value when exiting constructor. Consider adding the 'required' modifier or declaring the field as nullable. [D:\a\TestCaseEditorApp_repo2\TestCaseEditorApp_repo2\TestCaseEditorApp_ilpoyeeh_wpftmp.csproj]
2025-12-02T17:48:05.3993234Z ##[warning]D:\a\TestCaseEditorApp_repo2\TestCaseEditorApp_repo2\MVVM\ViewModels\MainViewModel.cs(1332,27): warning CS1998: This async method lacks 'await' operators and will run synchronously. Consider using the 'await' operator to await non-blocking API calls, or 'await Task.Run(...)' to do CPU-bound work on a background thread. [D:\a\TestCaseEditorApp_repo2\TestCaseEditorApp_repo2\TestCaseEditorApp_ilpoyeeh_wpftmp.csproj]
2025-12-02T17:48:05.4003953Z ##[warning]D:\a\TestCaseEditorApp_repo2\TestCaseEditorApp_repo2\MVVM\ViewModels\MainViewModel.cs(1505,28): warning CS1998: This async method lacks 'await' operators and will run synchronously. Consider using the 'await' operator to await non-blocking API calls, or 'await Task.Run(...)' to do CPU-bound work on a background thread. [D:\a\TestCaseEditorApp_repo2\TestCaseEditorApp_repo2\TestCaseEditorApp_ilpoyeeh_wpftmp.csproj]
2025-12-02T17:48:05.4015230Z ##[warning]D:\a\TestCaseEditorApp_repo2\TestCaseEditorApp_repo2\MVVM\ViewModels\TestCaseGenerator_QuestionsVM.cs(1028,28): warning CS1998: This async method lacks 'await' operators and will run synchronously. Consider using the 'await' operator to await non-blocking API calls, or 'await Task.Run(...)' to do CPU-bound work on a background thread. [D:\a\TestCaseEditorApp_repo2\TestCaseEditorApp_repo2\TestCaseEditorApp_ilpoyeeh_wpftmp.csproj]
2025-12-02T17:48:05.4054685Z ##[warning]D:\a\TestCaseEditorApp_repo2\TestCaseEditorApp_repo2\MVVM\ViewModels\MainViewModel.cs(1897,36): warning CS8604: Possible null reference argument for parameter 'source' in 'List<Requirement> Enumerable.ToList<Requirement>(IEnumerable<Requirement> source)'. [D:\a\TestCaseEditorApp_repo2\TestCaseEditorApp_repo2\TestCaseEditorApp_ilpoyeeh_wpftmp.csproj]
2025-12-02T17:48:05.4069334Z ##[warning]D:\a\TestCaseEditorApp_repo2\TestCaseEditorApp_repo2\MVVM\ViewModels\MainViewModel.cs(1959,16): warning CS8603: Possible null reference return. [D:\a\TestCaseEditorApp_repo2\TestCaseEditorApp_repo2\TestCaseEditorApp_ilpoyeeh_wpftmp.csproj]
2025-12-02T17:48:05.4080882Z ##[warning]D:\a\TestCaseEditorApp_repo2\TestCaseEditorApp_repo2\MVVM\ViewModels\TestCaseGenerator_QuestionsVM.cs(1222,28): warning CS1998: This async method lacks 'await' operators and will run synchronously. Consider using the 'await' operator to await non-blocking API calls, or 'await Task.Run(...)' to do CPU-bound work on a background thread. [D:\a\TestCaseEditorApp_repo2\TestCaseEditorApp_repo2\TestCaseEditorApp_ilpoyeeh_wpftmp.csproj]
2025-12-02T17:48:05.4135526Z ##[warning]D:\a\TestCaseEditorApp_repo2\TestCaseEditorApp_repo2\MVVM\Controls\EditableDataControl\MVVM\ViewModels\EditableTableEditorViewModel.cs(82,56): warning CS8603: Possible null reference return. [D:\a\TestCaseEditorApp_repo2\TestCaseEditorApp_repo2\TestCaseEditorApp.csproj]
2025-12-02T17:48:05.4189105Z ##[warning]D:\a\TestCaseEditorApp_repo2\TestCaseEditorApp_repo2\MVVM\Controls\EditableDataControl\MVVM\ViewModels\EditableTableEditorViewModel.cs(83,60): warning CS8603: Possible null reference return. [D:\a\TestCaseEditorApp_repo2\TestCaseEditorApp_repo2\TestCaseEditorApp.csproj]
2025-12-02T17:48:05.4288148Z ##[warning]D:\a\TestCaseEditorApp_repo2\TestCaseEditorApp_repo2\MVVM\Controls\EditableDataControl\MVVM\ViewModels\EditableTableEditorViewModel.cs(85,68): warning CS8603: Possible null reference return. [D:\a\TestCaseEditorApp_repo2\TestCaseEditorApp_repo2\TestCaseEditorApp.csproj]
2025-12-02T17:48:05.4323764Z ##[warning]D:\a\TestCaseEditorApp_repo2\TestCaseEditorApp_repo2\MVVM\Controls\EditableDataControl\MVVM\ViewModels\EditableTableEditorViewModel.cs(86,74): warning CS8603: Possible null reference return. [D:\a\TestCaseEditorApp_repo2\TestCaseEditorApp_repo2\TestCaseEditorApp.csproj]
2025-12-02T17:48:05.4448822Z ##[warning]D:\a\TestCaseEditorApp_repo2\TestCaseEditorApp_repo2\MVVM\Controls\EditableDataControl\MVVM\ViewModels\EditableTableEditorViewModel.cs(87,72): warning CS8603: Possible null reference return. [D:\a\TestCaseEditorApp_repo2\TestCaseEditorApp_repo2\TestCaseEditorApp.csproj]
2025-12-02T17:48:05.4455147Z ##[warning]D:\a\TestCaseEditorApp_repo2\TestCaseEditorApp_repo2\MVVM\Views\EditableTableEditorWindow.xaml.cs(208,32): warning CS8600: Converting null literal or possible null value to non-nullable type. [D:\a\TestCaseEditorApp_repo2\TestCaseEditorApp_repo2\TestCaseEditorApp.csproj]
2025-12-02T17:48:05.4460204Z ##[warning]D:\a\TestCaseEditorApp_repo2\TestCaseEditorApp_repo2\MVVM\Views\MainWindow.xaml.cs(218,61): warning CS8602: Dereference of a possibly null reference. [D:\a\TestCaseEditorApp_repo2\TestCaseEditorApp_repo2\TestCaseEditorApp.csproj]
2025-12-02T17:48:05.4465775Z ##[warning]D:\a\TestCaseEditorApp_repo2\TestCaseEditorApp_repo2\MVVM\ViewModels\MainViewModelDesignStub.cs(46,111): warning CS8625: Cannot convert null literal to non-nullable reference type. [D:\a\TestCaseEditorApp_repo2\TestCaseEditorApp_repo2\TestCaseEditorApp.csproj]
2025-12-02T17:48:05.4473347Z ##[warning]D:\a\TestCaseEditorApp_repo2\TestCaseEditorApp_repo2\MVVM\Models\Requirement.cs(272,20): warning CS8603: Possible null reference return. [D:\a\TestCaseEditorApp_repo2\TestCaseEditorApp_repo2\TestCaseEditorApp.csproj]
2025-12-02T17:48:05.4481456Z ##[warning]D:\a\TestCaseEditorApp_repo2\TestCaseEditorApp_repo2\MVVM\ViewModels\MainViewModel.cs(394,16): warning CS8618: Non-nullable field '_persistence' must contain a non-null value when exiting constructor. Consider adding the 'required' modifier or declaring the field as nullable. [D:\a\TestCaseEditorApp_repo2\TestCaseEditorApp_repo2\TestCaseEditorApp.csproj]
2025-12-02T17:48:05.4497943Z ##[warning]D:\a\TestCaseEditorApp_repo2\TestCaseEditorApp_repo2\MVVM\ViewModels\TestCaseGenerator_QuestionsVM.cs(1028,28): warning CS1998: This async method lacks 'await' operators and will run synchronously. Consider using the 'await' operator to await non-blocking API calls, or 'await Task.Run(...)' to do CPU-bound work on a background thread. [D:\a\TestCaseEditorApp_repo2\TestCaseEditorApp_repo2\TestCaseEditorApp.csproj]
2025-12-02T17:48:05.4580988Z ##[warning]D:\a\TestCaseEditorApp_repo2\TestCaseEditorApp_repo2\MVVM\ViewModels\MainViewModel.cs(1332,27): warning CS1998: This async method lacks 'await' operators and will run synchronously. Consider using the 'await' operator to await non-blocking API calls, or 'await Task.Run(...)' to do CPU-bound work on a background thread. [D:\a\TestCaseEditorApp_repo2\TestCaseEditorApp_repo2\TestCaseEditorApp.csproj]
2025-12-02T17:48:05.4643438Z ##[warning]D:\a\TestCaseEditorApp_repo2\TestCaseEditorApp_repo2\MVVM\ViewModels\MainViewModel.cs(1505,28): warning CS1998: This async method lacks 'await' operators and will run synchronously. Consider using the 'await' operator to await non-blocking API calls, or 'await Task.Run(...)' to do CPU-bound work on a background thread. [D:\a\TestCaseEditorApp_repo2\TestCaseEditorApp_repo2\TestCaseEditorApp.csproj]
2025-12-02T17:48:05.4712761Z ##[warning]D:\a\TestCaseEditorApp_repo2\TestCaseEditorApp_repo2\MVVM\ViewModels\TestCaseGenerator_QuestionsVM.cs(1222,28): warning CS1998: This async method lacks 'await' operators and will run synchronously. Consider using the 'await' operator to await non-blocking API calls, or 'await Task.Run(...)' to do CPU-bound work on a background thread. [D:\a\TestCaseEditorApp_repo2\TestCaseEditorApp_repo2\TestCaseEditorApp.csproj]
2025-12-02T17:48:05.4770727Z ##[warning]D:\a\TestCaseEditorApp_repo2\TestCaseEditorApp_repo2\MVVM\ViewModels\MainViewModel.cs(1897,36): warning CS8604: Possible null reference argument for parameter 'source' in 'List<Requirement> Enumerable.ToList<Requirement>(IEnumerable<Requirement> source)'. [D:\a\TestCaseEditorApp_repo2\TestCaseEditorApp_repo2\TestCaseEditorApp.csproj]
2025-12-02T17:48:05.4775570Z ##[warning]D:\a\TestCaseEditorApp_repo2\TestCaseEditorApp_repo2\MVVM\ViewModels\MainViewModel.cs(1959,16): warning CS8603: Possible null reference return. [D:\a\TestCaseEditorApp_repo2\TestCaseEditorApp_repo2\TestCaseEditorApp.csproj]
2025-12-02T17:48:05.4780114Z     32 Warning(s)
2025-12-02T17:48:05.4786019Z     0 Error(s)
2025-12-02T17:48:05.4786477Z 
2025-12-02T17:48:05.4786885Z Time Elapsed 00:00:28.40
2025-12-02T17:48:05.4787357Z 
2025-12-02T17:48:05.4788373Z Workload updates are available. Run `dotnet workload list` for more information.
2025-12-02T17:48:06.1413004Z ##[group]Run dotnet run --project Tests/WorkspaceService.Runner/WorkspaceService.Runner.csproj --configuration Release --no-build --verbosity minimal
2025-12-02T17:48:06.1414932Z [36;1mdotnet run --project Tests/WorkspaceService.Runner/WorkspaceService.Runner.csproj --configuration Release --no-build --verbosity minimal[0m
2025-12-02T17:48:06.1762030Z shell: C:\Program Files\PowerShell\7\pwsh.EXE -command ". '{0}'"
2025-12-02T17:48:06.1762340Z env:
2025-12-02T17:48:06.1762515Z   DOTNET_ROOT: C:\Program Files\dotnet
2025-12-02T17:48:06.1762740Z ##[endgroup]
2025-12-02T17:48:07.4121847Z Unhandled exception: An error occurred trying to start process 'D:\a\TestCaseEditorApp_repo2\TestCaseEditorApp_repo2\Tests\WorkspaceService.Runner\bin\Release\net8.0-windows\WorkspaceService.Runner.exe' with working directory 'D:\a\TestCaseEditorApp_repo2\TestCaseEditorApp_repo2'. The system cannot find the file specified.
2025-12-02T17:48:07.6962842Z ##[error]Process completed with exit code 1.
2025-12-02T17:48:07.7352702Z Post job cleanup.
2025-12-02T17:48:08.1629071Z [command]"C:\Program Files\Git\bin\git.exe" version
2025-12-02T17:48:08.2050320Z git version 2.51.2.windows.1
2025-12-02T17:48:08.2168635Z Temporarily overriding HOME='D:\a\_temp\d395c251-67ed-4867-b427-e947c12a0d89' before making global git config changes
2025-12-02T17:48:08.2170083Z Adding repository directory to the temporary git global config as a safe directory
2025-12-02T17:48:08.2186532Z [command]"C:\Program Files\Git\bin\git.exe" config --global --add safe.directory D:\a\TestCaseEditorApp_repo2\TestCaseEditorApp_repo2
2025-12-02T17:48:08.2724243Z [command]"C:\Program Files\Git\bin\git.exe" config --local --name-only --get-regexp core\.sshCommand
2025-12-02T17:48:08.3291681Z [command]"C:\Program Files\Git\bin\git.exe" submodule foreach --recursive "sh -c \"git config --local --name-only --get-regexp 'core\.sshCommand' && git config --local --unset-all 'core.sshCommand' || :\""
2025-12-02T17:48:09.2450633Z [command]"C:\Program Files\Git\bin\git.exe" config --local --name-only --get-regexp http\.https\:\/\/github\.com\/\.extraheader
2025-12-02T17:48:09.2804659Z http.https://github.com/.extraheader
2025-12-02T17:48:09.2866363Z [command]"C:\Program Files\Git\bin\git.exe" config --local --unset-all http.https://github.com/.extraheader
2025-12-02T17:48:09.3277646Z [command]"C:\Program Files\Git\bin\git.exe" submodule foreach --recursive "sh -c \"git config --local --name-only --get-regexp 'http\.https\:\/\/github\.com\/\.extraheader' && git config --local --unset-all 'http.https://github.com/.extraheader' || :\""
2025-12-02T17:48:09.9527529Z [command]"C:\Program Files\Git\bin\git.exe" config --local --name-only --get-regexp ^includeIf\.gitdir:
2025-12-02T17:48:09.9887425Z [command]"C:\Program Files\Git\bin\git.exe" submodule foreach --recursive "git config --local --show-origin --name-only --get-regexp remote.origin.url"
2025-12-02T17:48:10.6773839Z Cleaning up orphan processes
2025-12-02T17:48:10.7248181Z Terminate orphan process: pid (3496) (dotnet)
2025-12-02T17:48:10.7329736Z Terminate orphan process: pid (8508) (conhost)
