2025-12-03T15:28:27.3655598Z Current runner version: '2.329.0'
2025-12-03T15:28:27.3690431Z ##[group]Runner Image Provisioner
2025-12-03T15:28:27.3691527Z Hosted Compute Agent
2025-12-03T15:28:27.3692300Z Version: 20251124.448
2025-12-03T15:28:27.3693173Z Commit: fda5086b43ec66ade217e5fcd18146c879571177
2025-12-03T15:28:27.3694193Z Build Date: 2025-11-24T21:16:26Z
2025-12-03T15:28:27.3695045Z ##[endgroup]
2025-12-03T15:28:27.3695799Z ##[group]Operating System
2025-12-03T15:28:27.3696768Z Microsoft Windows Server 2025
2025-12-03T15:28:27.3697636Z 10.0.26100
2025-12-03T15:28:27.3698361Z Datacenter
2025-12-03T15:28:27.3699116Z ##[endgroup]
2025-12-03T15:28:27.3699867Z ##[group]Runner Image
2025-12-03T15:28:27.3700690Z Image: windows-2025
2025-12-03T15:28:27.3701551Z Version: 20251125.122.1
2025-12-03T15:28:27.3703298Z Included Software: https://github.com/actions/runner-images/blob/win25/20251125.122/images/windows/Windows2025-Readme.md
2025-12-03T15:28:27.3706290Z Image Release: https://github.com/actions/runner-images/releases/tag/win25%2F20251125.122
2025-12-03T15:28:27.3708257Z ##[endgroup]
2025-12-03T15:28:27.3709976Z ##[group]GITHUB_TOKEN Permissions
2025-12-03T15:28:27.3712326Z Contents: read
2025-12-03T15:28:27.3713097Z Metadata: read
2025-12-03T15:28:27.3713868Z Packages: read
2025-12-03T15:28:27.3714615Z ##[endgroup]
2025-12-03T15:28:27.3717313Z Secret source: Actions
2025-12-03T15:28:27.3718380Z Prepare workflow directory
2025-12-03T15:28:27.4146728Z Prepare all required actions
2025-12-03T15:28:27.4183586Z Getting action download info
2025-12-03T15:28:27.7949401Z Download action repository 'actions/checkout@v4' (SHA:34e114876b0b11c390a56381ad16ebd13914f8d5)
2025-12-03T15:28:28.8458057Z Download action repository 'actions/setup-dotnet@v4' (SHA:67a3573c9a986a3f9c594539f4ab511d57bb3ce9)
2025-12-03T15:28:29.9430073Z Complete job name: build-and-test
2025-12-03T15:28:30.3350390Z ##[group]Run actions/checkout@v4
2025-12-03T15:28:30.3351784Z with:
2025-12-03T15:28:30.3352642Z   repository: cactuspainter3000/TestCaseEditorApp_repo2
2025-12-03T15:28:30.3354044Z   token: ***
2025-12-03T15:28:30.3354733Z   ssh-strict: true
2025-12-03T15:28:30.3355428Z   ssh-user: git
2025-12-03T15:28:30.3356142Z   persist-credentials: true
2025-12-03T15:28:30.3356946Z   clean: true
2025-12-03T15:28:30.3357675Z   sparse-checkout-cone-mode: true
2025-12-03T15:28:30.3358542Z   fetch-depth: 1
2025-12-03T15:28:30.3359251Z   fetch-tags: false
2025-12-03T15:28:30.3359957Z   show-progress: true
2025-12-03T15:28:30.3360687Z   lfs: false
2025-12-03T15:28:30.3361350Z   submodules: false
2025-12-03T15:28:30.3362060Z   set-safe-directory: true
2025-12-03T15:28:30.3363050Z ##[endgroup]
2025-12-03T15:28:30.6187596Z Syncing repository: cactuspainter3000/TestCaseEditorApp_repo2
2025-12-03T15:28:30.6190770Z ##[group]Getting Git version info
2025-12-03T15:28:30.6192924Z Working directory is 'D:\a\TestCaseEditorApp_repo2\TestCaseEditorApp_repo2'
2025-12-03T15:28:30.7136449Z [command]"C:\Program Files\Git\bin\git.exe" version
2025-12-03T15:28:33.1337625Z git version 2.52.0.windows.1
2025-12-03T15:28:33.1392839Z ##[endgroup]
2025-12-03T15:28:33.1413558Z Temporarily overriding HOME='D:\a\_temp\7fe06115-3648-45a4-a4b2-af0009da0e51' before making global git config changes
2025-12-03T15:28:33.1414407Z Adding repository directory to the temporary git global config as a safe directory
2025-12-03T15:28:33.1425434Z [command]"C:\Program Files\Git\bin\git.exe" config --global --add safe.directory D:\a\TestCaseEditorApp_repo2\TestCaseEditorApp_repo2
2025-12-03T15:28:33.3692631Z Deleting the contents of 'D:\a\TestCaseEditorApp_repo2\TestCaseEditorApp_repo2'
2025-12-03T15:28:33.3701372Z ##[group]Initializing the repository
2025-12-03T15:28:33.3716021Z [command]"C:\Program Files\Git\bin\git.exe" init D:\a\TestCaseEditorApp_repo2\TestCaseEditorApp_repo2
2025-12-03T15:28:33.7388290Z Initialized empty Git repository in D:/a/TestCaseEditorApp_repo2/TestCaseEditorApp_repo2/.git/
2025-12-03T15:28:33.7449762Z [command]"C:\Program Files\Git\bin\git.exe" remote add origin https://github.com/cactuspainter3000/TestCaseEditorApp_repo2
2025-12-03T15:28:33.9509111Z ##[endgroup]
2025-12-03T15:28:33.9509826Z ##[group]Disabling automatic garbage collection
2025-12-03T15:28:33.9521359Z [command]"C:\Program Files\Git\bin\git.exe" config --local gc.auto 0
2025-12-03T15:28:33.9849355Z ##[endgroup]
2025-12-03T15:28:33.9849754Z ##[group]Setting up auth
2025-12-03T15:28:33.9872130Z [command]"C:\Program Files\Git\bin\git.exe" config --local --name-only --get-regexp core\.sshCommand
2025-12-03T15:28:34.0218191Z [command]"C:\Program Files\Git\bin\git.exe" submodule foreach --recursive "sh -c \"git config --local --name-only --get-regexp 'core\.sshCommand' && git config --local --unset-all 'core.sshCommand' || :\""
2025-12-03T15:28:38.9920545Z [command]"C:\Program Files\Git\bin\git.exe" config --local --name-only --get-regexp http\.https\:\/\/github\.com\/\.extraheader
2025-12-03T15:28:39.0232196Z [command]"C:\Program Files\Git\bin\git.exe" submodule foreach --recursive "sh -c \"git config --local --name-only --get-regexp 'http\.https\:\/\/github\.com\/\.extraheader' && git config --local --unset-all 'http.https://github.com/.extraheader' || :\""
2025-12-03T15:28:40.0544134Z [command]"C:\Program Files\Git\bin\git.exe" config --local --name-only --get-regexp ^includeIf\.gitdir:
2025-12-03T15:28:40.0864628Z [command]"C:\Program Files\Git\bin\git.exe" submodule foreach --recursive "git config --local --show-origin --name-only --get-regexp remote.origin.url"
2025-12-03T15:28:41.0705685Z [command]"C:\Program Files\Git\bin\git.exe" config --local http.https://github.com/.extraheader "AUTHORIZATION: basic ***"
2025-12-03T15:28:41.1064984Z ##[endgroup]
2025-12-03T15:28:41.1065781Z ##[group]Fetching the repository
2025-12-03T15:28:41.1084106Z [command]"C:\Program Files\Git\bin\git.exe" -c protocol.version=2 fetch --no-tags --prune --no-recurse-submodules --depth=1 origin +9a6588abad9c6abcb47379bf1aa8ffaf9368823f:refs/remotes/origin/patch/auto-analyze-on-import-to-main
2025-12-03T15:28:44.8085996Z From https://github.com/cactuspainter3000/TestCaseEditorApp_repo2
2025-12-03T15:28:44.8086967Z  * [new ref]         9a6588abad9c6abcb47379bf1aa8ffaf9368823f -> origin/patch/auto-analyze-on-import-to-main
2025-12-03T15:28:44.9066603Z ##[endgroup]
2025-12-03T15:28:44.9067161Z ##[group]Determining the checkout info
2025-12-03T15:28:44.9070727Z ##[endgroup]
2025-12-03T15:28:44.9093476Z [command]"C:\Program Files\Git\bin\git.exe" sparse-checkout disable
2025-12-03T15:28:45.0460781Z [command]"C:\Program Files\Git\bin\git.exe" config --local --unset-all extensions.worktreeConfig
2025-12-03T15:28:45.0789933Z ##[group]Checking out the ref
2025-12-03T15:28:45.0801647Z [command]"C:\Program Files\Git\bin\git.exe" checkout --progress --force -B patch/auto-analyze-on-import-to-main refs/remotes/origin/patch/auto-analyze-on-import-to-main
2025-12-03T15:28:45.4054049Z branch 'patch/auto-analyze-on-import-to-main' set up to track 'origin/patch/auto-analyze-on-import-to-main'.
2025-12-03T15:28:45.4085356Z Switched to a new branch 'patch/auto-analyze-on-import-to-main'
2025-12-03T15:28:45.4127844Z ##[endgroup]
2025-12-03T15:28:45.5035295Z [command]"C:\Program Files\Git\bin\git.exe" log -1 --format=%H
2025-12-03T15:28:45.5530547Z 9a6588abad9c6abcb47379bf1aa8ffaf9368823f
2025-12-03T15:28:45.5933873Z ##[group]Run actions/setup-dotnet@v4
2025-12-03T15:28:45.5934175Z with:
2025-12-03T15:28:45.5934341Z   dotnet-version: 8.0.x
2025-12-03T15:28:45.5934533Z   cache: false
2025-12-03T15:28:45.5934683Z ##[endgroup]
2025-12-03T15:28:45.9504718Z [command]"C:\Program Files\PowerShell\7\pwsh.exe" -NoLogo -Sta -NoProfile -NonInteractive -ExecutionPolicy Unrestricted -Command & 'D:\a\_actions\actions\setup-dotnet\v4\externals\install-dotnet.ps1' -SkipNonVersionedFiles -Runtime dotnet -Channel LTS
2025-12-03T15:29:25.6889290Z dotnet-install: .NET Core Runtime with version '10.0.0' is already installed.
2025-12-03T15:29:26.9890577Z [command]"C:\Program Files\PowerShell\7\pwsh.exe" -NoLogo -Sta -NoProfile -NonInteractive -ExecutionPolicy Unrestricted -Command & 'D:\a\_actions\actions\setup-dotnet\v4\externals\install-dotnet.ps1' -SkipNonVersionedFiles -Channel 8.0
2025-12-03T15:29:27.9841146Z dotnet-install: .NET Core SDK with version '8.0.416' is already installed.
2025-12-03T15:29:28.0881938Z ##[group]Run dotnet restore TestCaseEditorApp.csproj
2025-12-03T15:29:28.0882380Z [36;1mdotnet restore TestCaseEditorApp.csproj[0m
2025-12-03T15:29:28.0950197Z shell: C:\Program Files\PowerShell\7\pwsh.EXE -command ". '{0}'"
2025-12-03T15:29:28.0950529Z env:
2025-12-03T15:29:28.0950715Z   DOTNET_ROOT: C:\Program Files\dotnet
2025-12-03T15:29:28.0950940Z ##[endgroup]
2025-12-03T15:30:00.6067467Z   Determining projects to restore...
2025-12-03T15:30:21.3316525Z   Restored D:\a\TestCaseEditorApp_repo2\TestCaseEditorApp_repo2\TestCaseEditorApp.csproj (in 16.08 sec).
2025-12-03T15:30:21.5209229Z ##[group]Run dotnet build TestCaseEditorApp.csproj --configuration Release --no-restore
2025-12-03T15:30:21.5209904Z [36;1mdotnet build TestCaseEditorApp.csproj --configuration Release --no-restore[0m
2025-12-03T15:30:21.5272884Z shell: C:\Program Files\PowerShell\7\pwsh.EXE -command ". '{0}'"
2025-12-03T15:30:21.5273204Z env:
2025-12-03T15:30:21.5273725Z   DOTNET_ROOT: C:\Program Files\dotnet
2025-12-03T15:30:21.5274029Z ##[endgroup]
2025-12-03T15:30:57.1962343Z   TestCaseEditorApp -> D:\a\TestCaseEditorApp_repo2\TestCaseEditorApp_repo2\bin\Release\net8.0-windows\TestCaseEditorApp.dll
2025-12-03T15:30:57.2080366Z 
2025-12-03T15:30:57.2089585Z Build succeeded.
2025-12-03T15:30:57.2090732Z     0 Warning(s)
2025-12-03T15:30:57.2091283Z     0 Error(s)
2025-12-03T15:30:57.2100537Z 
2025-12-03T15:30:57.2102774Z Time Elapsed 00:00:34.54
2025-12-03T15:30:57.3598123Z ##[group]Run pwsh -NoProfile -ExecutionPolicy Bypass -File ./run-tests.ps1
2025-12-03T15:30:57.3598716Z [36;1mpwsh -NoProfile -ExecutionPolicy Bypass -File ./run-tests.ps1[0m
2025-12-03T15:30:57.3663491Z shell: C:\Program Files\PowerShell\7\pwsh.EXE -command ". '{0}'"
2025-12-03T15:30:57.3663867Z env:
2025-12-03T15:30:57.3664164Z   DOTNET_ROOT: C:\Program Files\dotnet
2025-12-03T15:30:57.3664431Z ##[endgroup]
2025-12-03T15:30:57.9825473Z 
2025-12-03T15:30:57.9826531Z === Running tests for: D:\a\TestCaseEditorApp_repo2\TestCaseEditorApp_repo2\Tests\TestCaseEditorApp.Tests\TestCaseEditorApp.Tests.csproj ===
2025-12-03T15:30:57.9827641Z 
2025-12-03T15:30:58.6772026Z   Determining projects to restore...
2025-12-03T15:31:09.4321444Z   Restored D:\a\TestCaseEditorApp_repo2\TestCaseEditorApp_repo2\Tests\TestCaseEditorApp.Tests\TestCaseEditorApp.Tests.csproj (in 10.52 sec).
2025-12-03T15:31:10.3660024Z   TestCaseEditorApp.Tests -> D:\a\TestCaseEditorApp_repo2\TestCaseEditorApp_repo2\Tests\TestCaseEditorApp.Tests\bin\Debug\net8.0\TestCaseEditorApp.Tests.dll
2025-12-03T15:31:10.3820322Z Test run for D:\a\TestCaseEditorApp_repo2\TestCaseEditorApp_repo2\Tests\TestCaseEditorApp.Tests\bin\Debug\net8.0\TestCaseEditorApp.Tests.dll (.NETCoreApp,Version=v8.0)
2025-12-03T15:31:11.0345102Z VSTest version 18.0.1 (x64)
2025-12-03T15:31:11.0384498Z 
2025-12-03T15:31:12.7496113Z Starting test execution, please wait...
2025-12-03T15:31:12.9513688Z A total of 1 test files matched the specified pattern.
2025-12-03T15:31:27.0164019Z 
2025-12-03T15:31:27.0203637Z Passed!  - Failed:     0, Passed:     1, Skipped:     0, Total:     1, Duration: 211 ms - TestCaseEditorApp.Tests.dll (net8.0)
2025-12-03T15:31:27.1095959Z Tests succeeded for D:\a\TestCaseEditorApp_repo2\TestCaseEditorApp_repo2\Tests\TestCaseEditorApp.Tests\TestCaseEditorApp.Tests.csproj
2025-12-03T15:31:27.1100913Z 
2025-12-03T15:31:27.1101920Z === Running tests for: D:\a\TestCaseEditorApp_repo2\TestCaseEditorApp_repo2\Tests\WorkspaceService.Runner\WorkspaceService.Runner.csproj ===
2025-12-03T15:31:27.1103656Z 
2025-12-03T15:31:27.8658549Z   Determining projects to restore...
2025-12-03T15:31:28.2329782Z   Restored D:\a\TestCaseEditorApp_repo2\TestCaseEditorApp_repo2\Tests\WorkspaceService.Runner\WorkspaceService.Runner.csproj (in 86 ms).
2025-12-03T15:31:28.4202009Z Tests succeeded for D:\a\TestCaseEditorApp_repo2\TestCaseEditorApp_repo2\Tests\WorkspaceService.Runner\WorkspaceService.Runner.csproj
2025-12-03T15:31:28.4208370Z 
2025-12-03T15:31:28.4209319Z === Running tests for: D:\a\TestCaseEditorApp_repo2\TestCaseEditorApp_repo2\Tests\WorkspaceService.Tests\WorkspaceService.Tests.csproj ===
2025-12-03T15:31:28.4210129Z 
2025-12-03T15:31:29.1248248Z   Determining projects to restore...
2025-12-03T15:31:33.7104062Z   Restored D:\a\TestCaseEditorApp_repo2\TestCaseEditorApp_repo2\Tests\WorkspaceService.Tests\WorkspaceService.Tests.csproj (in 4.34 sec).
2025-12-03T15:31:34.0393309Z C:\Program Files\dotnet\sdk\10.0.100\Microsoft.Common.CurrentVersion.targets(2437,5): warning MSB3245: Could not resolve this reference. Could not locate the assembly "TestCaseEditorApp". Check to make sure the assembly exists on disk. If this reference is required by your code, you may get compilation errors. [D:\a\TestCaseEditorApp_repo2\TestCaseEditorApp_repo2\Tests\WorkspaceService.Tests\WorkspaceService.Tests.csproj]
2025-12-03T15:31:34.4433353Z   WorkspaceService.Tests -> D:\a\TestCaseEditorApp_repo2\TestCaseEditorApp_repo2\Tests\WorkspaceService.Tests\bin\Debug\net8.0-windows\WorkspaceService.Tests.dll
2025-12-03T15:31:34.4601056Z Test run for D:\a\TestCaseEditorApp_repo2\TestCaseEditorApp_repo2\Tests\WorkspaceService.Tests\bin\Debug\net8.0-windows\WorkspaceService.Tests.dll (.NETCoreApp,Version=v8.0)
2025-12-03T15:31:34.5324181Z VSTest version 18.0.1 (x64)
2025-12-03T15:31:34.5351535Z 
2025-12-03T15:31:34.6284339Z Starting test execution, please wait...
2025-12-03T15:31:34.6558603Z A total of 1 test files matched the specified pattern.
2025-12-03T15:31:35.3335679Z No test is available in D:\a\TestCaseEditorApp_repo2\TestCaseEditorApp_repo2\Tests\WorkspaceService.Tests\bin\Debug\net8.0-windows\WorkspaceService.Tests.dll. Make sure that test discoverer & executors are registered and platform & framework version settings are appropriate and try again.
2025-12-03T15:31:35.3920341Z 
2025-12-03T15:31:35.3974668Z Additionally, path to test adapters can be specified using /TestAdapterPath command. Example  /TestAdapterPath:<pathToCustomAdapters>.
2025-12-03T15:31:35.4527791Z Tests succeeded for D:\a\TestCaseEditorApp_repo2\TestCaseEditorApp_repo2\Tests\WorkspaceService.Tests\WorkspaceService.Tests.csproj
2025-12-03T15:31:35.6159103Z ##[group]Run dotnet run --project Tests/WorkspaceService.Runner/WorkspaceService.Runner.csproj --configuration Release --no-build --verbosity minimal
2025-12-03T15:31:35.6160217Z [36;1mdotnet run --project Tests/WorkspaceService.Runner/WorkspaceService.Runner.csproj --configuration Release --no-build --verbosity minimal[0m
2025-12-03T15:31:35.6223692Z shell: C:\Program Files\PowerShell\7\pwsh.EXE -command ". '{0}'"
2025-12-03T15:31:35.6224031Z env:
2025-12-03T15:31:35.6224545Z   DOTNET_ROOT: C:\Program Files\dotnet
2025-12-03T15:31:35.6224791Z ##[endgroup]
2025-12-03T15:31:36.5630661Z Unhandled exception: An error occurred trying to start process 'D:\a\TestCaseEditorApp_repo2\TestCaseEditorApp_repo2\Tests\WorkspaceService.Runner\bin\Release\net8.0-windows\WorkspaceService.Runner.exe' with working directory 'D:\a\TestCaseEditorApp_repo2\TestCaseEditorApp_repo2'. The system cannot find the file specified.
2025-12-03T15:31:36.6940152Z ##[error]Process completed with exit code 1.
2025-12-03T15:31:36.7156462Z Post job cleanup.
2025-12-03T15:31:36.9699978Z [command]"C:\Program Files\Git\bin\git.exe" version
2025-12-03T15:31:36.9998561Z git version 2.52.0.windows.1
2025-12-03T15:31:37.0112443Z Temporarily overriding HOME='D:\a\_temp\01b91046-c1bd-4bc9-883c-930e7dbf114a' before making global git config changes
2025-12-03T15:31:37.0113497Z Adding repository directory to the temporary git global config as a safe directory
2025-12-03T15:31:37.0124061Z [command]"C:\Program Files\Git\bin\git.exe" config --global --add safe.directory D:\a\TestCaseEditorApp_repo2\TestCaseEditorApp_repo2
2025-12-03T15:31:37.0484873Z [command]"C:\Program Files\Git\bin\git.exe" config --local --name-only --get-regexp core\.sshCommand
2025-12-03T15:31:37.0850962Z [command]"C:\Program Files\Git\bin\git.exe" submodule foreach --recursive "sh -c \"git config --local --name-only --get-regexp 'core\.sshCommand' && git config --local --unset-all 'core.sshCommand' || :\""
2025-12-03T15:31:37.6682758Z [command]"C:\Program Files\Git\bin\git.exe" config --local --name-only --get-regexp http\.https\:\/\/github\.com\/\.extraheader
2025-12-03T15:31:37.6997735Z http.https://github.com/.extraheader
2025-12-03T15:31:37.7052311Z [command]"C:\Program Files\Git\bin\git.exe" config --local --unset-all http.https://github.com/.extraheader
2025-12-03T15:31:37.7413130Z [command]"C:\Program Files\Git\bin\git.exe" submodule foreach --recursive "sh -c \"git config --local --name-only --get-regexp 'http\.https\:\/\/github\.com\/\.extraheader' && git config --local --unset-all 'http.https://github.com/.extraheader' || :\""
2025-12-03T15:31:38.3230889Z [command]"C:\Program Files\Git\bin\git.exe" config --local --name-only --get-regexp ^includeIf\.gitdir:
2025-12-03T15:31:38.3550173Z [command]"C:\Program Files\Git\bin\git.exe" submodule foreach --recursive "git config --local --show-origin --name-only --get-regexp remote.origin.url"
2025-12-03T15:31:38.8977160Z Cleaning up orphan processes
2025-12-03T15:31:38.9339044Z Terminate orphan process: pid (4588) (VBCSCompiler)
2025-12-03T15:31:38.9430939Z Terminate orphan process: pid (9176) (conhost)
