2025-12-03T15:34:36.7347817Z Current runner version: '2.329.0'
2025-12-03T15:34:36.7375502Z ##[group]Runner Image Provisioner
2025-12-03T15:34:36.7376755Z Hosted Compute Agent
2025-12-03T15:34:36.7377680Z Version: 20251124.448
2025-12-03T15:34:36.7378691Z Commit: fda5086b43ec66ade217e5fcd18146c879571177
2025-12-03T15:34:36.7379872Z Build Date: 2025-11-24T21:16:26Z
2025-12-03T15:34:36.7380791Z ##[endgroup]
2025-12-03T15:34:36.7381592Z ##[group]Operating System
2025-12-03T15:34:36.7382561Z Microsoft Windows Server 2025
2025-12-03T15:34:36.7383668Z 10.0.26100
2025-12-03T15:34:36.7384418Z Datacenter
2025-12-03T15:34:36.7385062Z ##[endgroup]
2025-12-03T15:34:36.7386180Z ##[group]Runner Image
2025-12-03T15:34:36.7386673Z Image: windows-2025
2025-12-03T15:34:36.7387146Z Version: 20251125.122.1
2025-12-03T15:34:36.7388094Z Included Software: https://github.com/actions/runner-images/blob/win25/20251125.122/images/windows/Windows2025-Readme.md
2025-12-03T15:34:36.7389720Z Image Release: https://github.com/actions/runner-images/releases/tag/win25%2F20251125.122
2025-12-03T15:34:36.7390604Z ##[endgroup]
2025-12-03T15:34:36.7391612Z ##[group]GITHUB_TOKEN Permissions
2025-12-03T15:34:36.7393362Z Contents: read
2025-12-03T15:34:36.7393852Z Metadata: read
2025-12-03T15:34:36.7394354Z Packages: read
2025-12-03T15:34:36.7394761Z ##[endgroup]
2025-12-03T15:34:36.7396637Z Secret source: Actions
2025-12-03T15:34:36.7397294Z Prepare workflow directory
2025-12-03T15:34:36.7721207Z Prepare all required actions
2025-12-03T15:34:36.7757933Z Getting action download info
2025-12-03T15:34:37.1490849Z Download action repository 'actions/checkout@v4' (SHA:34e114876b0b11c390a56381ad16ebd13914f8d5)
2025-12-03T15:34:38.1034340Z Download action repository 'actions/setup-dotnet@v4' (SHA:67a3573c9a986a3f9c594539f4ab511d57bb3ce9)
2025-12-03T15:34:39.3265120Z Complete job name: build-and-test
2025-12-03T15:34:39.9395851Z ##[group]Run actions/checkout@v4
2025-12-03T15:34:39.9396568Z with:
2025-12-03T15:34:39.9396850Z   repository: cactuspainter3000/TestCaseEditorApp_repo2
2025-12-03T15:34:39.9397376Z   token: ***
2025-12-03T15:34:39.9397850Z   ssh-strict: true
2025-12-03T15:34:39.9398053Z   ssh-user: git
2025-12-03T15:34:39.9398272Z   persist-credentials: true
2025-12-03T15:34:39.9398510Z   clean: true
2025-12-03T15:34:39.9398738Z   sparse-checkout-cone-mode: true
2025-12-03T15:34:39.9398987Z   fetch-depth: 1
2025-12-03T15:34:39.9399184Z   fetch-tags: false
2025-12-03T15:34:39.9399388Z   show-progress: true
2025-12-03T15:34:39.9399603Z   lfs: false
2025-12-03T15:34:39.9399784Z   submodules: false
2025-12-03T15:34:39.9399997Z   set-safe-directory: true
2025-12-03T15:34:39.9400747Z ##[endgroup]
2025-12-03T15:34:40.1210629Z Syncing repository: cactuspainter3000/TestCaseEditorApp_repo2
2025-12-03T15:34:40.1212070Z ##[group]Getting Git version info
2025-12-03T15:34:40.1212566Z Working directory is 'D:\a\TestCaseEditorApp_repo2\TestCaseEditorApp_repo2'
2025-12-03T15:34:40.2088313Z [command]"C:\Program Files\Git\bin\git.exe" version
2025-12-03T15:34:44.0180857Z git version 2.52.0.windows.1
2025-12-03T15:34:44.0235703Z ##[endgroup]
2025-12-03T15:34:44.0259247Z Temporarily overriding HOME='D:\a\_temp\383eccc3-858e-4688-a24e-20e19416d8a5' before making global git config changes
2025-12-03T15:34:44.0259941Z Adding repository directory to the temporary git global config as a safe directory
2025-12-03T15:34:44.0271660Z [command]"C:\Program Files\Git\bin\git.exe" config --global --add safe.directory D:\a\TestCaseEditorApp_repo2\TestCaseEditorApp_repo2
2025-12-03T15:34:44.4170574Z Deleting the contents of 'D:\a\TestCaseEditorApp_repo2\TestCaseEditorApp_repo2'
2025-12-03T15:34:44.4177761Z ##[group]Initializing the repository
2025-12-03T15:34:44.4188762Z [command]"C:\Program Files\Git\bin\git.exe" init D:\a\TestCaseEditorApp_repo2\TestCaseEditorApp_repo2
2025-12-03T15:34:45.2538277Z Initialized empty Git repository in D:/a/TestCaseEditorApp_repo2/TestCaseEditorApp_repo2/.git/
2025-12-03T15:34:45.2591593Z [command]"C:\Program Files\Git\bin\git.exe" remote add origin https://github.com/cactuspainter3000/TestCaseEditorApp_repo2
2025-12-03T15:34:45.6274622Z ##[endgroup]
2025-12-03T15:34:45.6275002Z ##[group]Disabling automatic garbage collection
2025-12-03T15:34:45.6289825Z [command]"C:\Program Files\Git\bin\git.exe" config --local gc.auto 0
2025-12-03T15:34:45.6593736Z ##[endgroup]
2025-12-03T15:34:45.6594170Z ##[group]Setting up auth
2025-12-03T15:34:45.6594641Z [command]"C:\Program Files\Git\bin\git.exe" config --local --name-only --get-regexp core\.sshCommand
2025-12-03T15:34:45.6900500Z [command]"C:\Program Files\Git\bin\git.exe" submodule foreach --recursive "sh -c \"git config --local --name-only --get-regexp 'core\.sshCommand' && git config --local --unset-all 'core.sshCommand' || :\""
2025-12-03T15:34:55.7581699Z [command]"C:\Program Files\Git\bin\git.exe" config --local --name-only --get-regexp http\.https\:\/\/github\.com\/\.extraheader
2025-12-03T15:34:55.7881792Z [command]"C:\Program Files\Git\bin\git.exe" submodule foreach --recursive "sh -c \"git config --local --name-only --get-regexp 'http\.https\:\/\/github\.com\/\.extraheader' && git config --local --unset-all 'http.https://github.com/.extraheader' || :\""
2025-12-03T15:34:56.2808046Z [command]"C:\Program Files\Git\bin\git.exe" config --local --name-only --get-regexp ^includeIf\.gitdir:
2025-12-03T15:34:56.3101767Z [command]"C:\Program Files\Git\bin\git.exe" submodule foreach --recursive "git config --local --show-origin --name-only --get-regexp remote.origin.url"
2025-12-03T15:34:56.8485069Z [command]"C:\Program Files\Git\bin\git.exe" config --local http.https://github.com/.extraheader "AUTHORIZATION: basic ***"
2025-12-03T15:34:56.8789827Z ##[endgroup]
2025-12-03T15:34:56.8790626Z ##[group]Fetching the repository
2025-12-03T15:34:56.8806952Z [command]"C:\Program Files\Git\bin\git.exe" -c protocol.version=2 fetch --no-tags --prune --no-recurse-submodules --depth=1 origin +4a6ec9c1ead73da53ac4741237269a65c635ab3e:refs/remotes/origin/patch/auto-analyze-on-import-to-main
2025-12-03T15:35:04.1435868Z From https://github.com/cactuspainter3000/TestCaseEditorApp_repo2
2025-12-03T15:35:04.1436551Z  * [new ref]         4a6ec9c1ead73da53ac4741237269a65c635ab3e -> origin/patch/auto-analyze-on-import-to-main
2025-12-03T15:35:04.2375288Z ##[endgroup]
2025-12-03T15:35:04.2375918Z ##[group]Determining the checkout info
2025-12-03T15:35:04.2378933Z ##[endgroup]
2025-12-03T15:35:04.2395036Z [command]"C:\Program Files\Git\bin\git.exe" sparse-checkout disable
2025-12-03T15:35:04.4296154Z [command]"C:\Program Files\Git\bin\git.exe" config --local --unset-all extensions.worktreeConfig
2025-12-03T15:35:04.4588965Z ##[group]Checking out the ref
2025-12-03T15:35:04.4606402Z [command]"C:\Program Files\Git\bin\git.exe" checkout --progress --force -B patch/auto-analyze-on-import-to-main refs/remotes/origin/patch/auto-analyze-on-import-to-main
2025-12-03T15:35:05.0819279Z branch 'patch/auto-analyze-on-import-to-main' set up to track 'origin/patch/auto-analyze-on-import-to-main'.
2025-12-03T15:35:05.0843929Z Switched to a new branch 'patch/auto-analyze-on-import-to-main'
2025-12-03T15:35:05.0882332Z ##[endgroup]
2025-12-03T15:35:05.2768340Z [command]"C:\Program Files\Git\bin\git.exe" log -1 --format=%H
2025-12-03T15:35:05.3184811Z 4a6ec9c1ead73da53ac4741237269a65c635ab3e
2025-12-03T15:35:05.3537102Z ##[group]Run actions/setup-dotnet@v4
2025-12-03T15:35:05.3537395Z with:
2025-12-03T15:35:05.3537563Z   dotnet-version: 8.0.x
2025-12-03T15:35:05.3537741Z   cache: false
2025-12-03T15:35:05.3537888Z ##[endgroup]
2025-12-03T15:35:05.6897762Z [command]"C:\Program Files\PowerShell\7\pwsh.exe" -NoLogo -Sta -NoProfile -NonInteractive -ExecutionPolicy Unrestricted -Command & 'D:\a\_actions\actions\setup-dotnet\v4\externals\install-dotnet.ps1' -SkipNonVersionedFiles -Runtime dotnet -Channel LTS
2025-12-03T15:35:58.4786014Z dotnet-install: .NET Core Runtime with version '10.0.0' is already installed.
2025-12-03T15:36:00.8651707Z [command]"C:\Program Files\PowerShell\7\pwsh.exe" -NoLogo -Sta -NoProfile -NonInteractive -ExecutionPolicy Unrestricted -Command & 'D:\a\_actions\actions\setup-dotnet\v4\externals\install-dotnet.ps1' -SkipNonVersionedFiles -Channel 8.0
2025-12-03T15:36:01.8796389Z dotnet-install: .NET Core SDK with version '8.0.416' is already installed.
2025-12-03T15:36:01.9819756Z ##[group]Run dotnet restore TestCaseEditorApp.csproj
2025-12-03T15:36:01.9820205Z [36;1mdotnet restore TestCaseEditorApp.csproj[0m
2025-12-03T15:36:02.0120270Z shell: C:\Program Files\PowerShell\7\pwsh.EXE -command ". '{0}'"
2025-12-03T15:36:02.0120803Z env:
2025-12-03T15:36:02.0120998Z   DOTNET_ROOT: C:\Program Files\dotnet
2025-12-03T15:36:02.0121258Z ##[endgroup]
2025-12-03T15:36:47.6048467Z   Determining projects to restore...
2025-12-03T15:37:14.7132167Z   Restored D:\a\TestCaseEditorApp_repo2\TestCaseEditorApp_repo2\TestCaseEditorApp.csproj (in 19.91 sec).
2025-12-03T15:37:14.8882268Z ##[group]Run dotnet build TestCaseEditorApp.csproj --configuration Release --no-restore
2025-12-03T15:37:14.8883016Z [36;1mdotnet build TestCaseEditorApp.csproj --configuration Release --no-restore[0m
2025-12-03T15:37:14.8946143Z shell: C:\Program Files\PowerShell\7\pwsh.EXE -command ". '{0}'"
2025-12-03T15:37:14.8946511Z env:
2025-12-03T15:37:14.8946712Z   DOTNET_ROOT: C:\Program Files\dotnet
2025-12-03T15:37:14.8946992Z ##[endgroup]
2025-12-03T15:38:05.9165978Z   TestCaseEditorApp -> D:\a\TestCaseEditorApp_repo2\TestCaseEditorApp_repo2\bin\Release\net8.0-windows\TestCaseEditorApp.dll
2025-12-03T15:38:05.9260267Z 
2025-12-03T15:38:05.9267289Z Build succeeded.
2025-12-03T15:38:05.9268442Z     0 Warning(s)
2025-12-03T15:38:05.9269117Z     0 Error(s)
2025-12-03T15:38:05.9275787Z 
2025-12-03T15:38:05.9276362Z Time Elapsed 00:00:50.05
2025-12-03T15:38:06.0766188Z ##[group]Run pwsh -NoProfile -ExecutionPolicy Bypass -File ./run-tests.ps1
2025-12-03T15:38:06.0766778Z [36;1mpwsh -NoProfile -ExecutionPolicy Bypass -File ./run-tests.ps1[0m
2025-12-03T15:38:06.0828937Z shell: C:\Program Files\PowerShell\7\pwsh.EXE -command ". '{0}'"
2025-12-03T15:38:06.0829330Z env:
2025-12-03T15:38:06.0829562Z   DOTNET_ROOT: C:\Program Files\dotnet
2025-12-03T15:38:06.0829814Z ##[endgroup]
2025-12-03T15:38:06.6993143Z 
2025-12-03T15:38:06.6994328Z === Running tests for: D:\a\TestCaseEditorApp_repo2\TestCaseEditorApp_repo2\Tests\TestCaseEditorApp.Tests\TestCaseEditorApp.Tests.csproj ===
2025-12-03T15:38:06.6995308Z 
2025-12-03T15:38:07.4053523Z   Determining projects to restore...
2025-12-03T15:38:23.6054319Z   Restored D:\a\TestCaseEditorApp_repo2\TestCaseEditorApp_repo2\Tests\TestCaseEditorApp.Tests\TestCaseEditorApp.Tests.csproj (in 15.96 sec).
2025-12-03T15:38:24.6817359Z   TestCaseEditorApp.Tests -> D:\a\TestCaseEditorApp_repo2\TestCaseEditorApp_repo2\Tests\TestCaseEditorApp.Tests\bin\Debug\net8.0\TestCaseEditorApp.Tests.dll
2025-12-03T15:38:24.6952085Z Test run for D:\a\TestCaseEditorApp_repo2\TestCaseEditorApp_repo2\Tests\TestCaseEditorApp.Tests\bin\Debug\net8.0\TestCaseEditorApp.Tests.dll (.NETCoreApp,Version=v8.0)
2025-12-03T15:38:26.3171747Z VSTest version 18.0.1 (x64)
2025-12-03T15:38:26.3785816Z 
2025-12-03T15:38:29.8495988Z Starting test execution, please wait...
2025-12-03T15:38:30.2452291Z A total of 1 test files matched the specified pattern.
2025-12-03T15:38:56.7441129Z 
2025-12-03T15:38:56.7478296Z Passed!  - Failed:     0, Passed:     1, Skipped:     0, Total:     1, Duration: 356 ms - TestCaseEditorApp.Tests.dll (net8.0)
2025-12-03T15:38:56.8296027Z Tests succeeded for D:\a\TestCaseEditorApp_repo2\TestCaseEditorApp_repo2\Tests\TestCaseEditorApp.Tests\TestCaseEditorApp.Tests.csproj
2025-12-03T15:38:56.8301287Z 
2025-12-03T15:38:56.8302262Z === Running tests for: D:\a\TestCaseEditorApp_repo2\TestCaseEditorApp_repo2\Tests\WorkspaceService.Runner\WorkspaceService.Runner.csproj ===
2025-12-03T15:38:56.8303576Z 
2025-12-03T15:38:57.6018534Z   Determining projects to restore...
2025-12-03T15:38:57.9482239Z   Restored D:\a\TestCaseEditorApp_repo2\TestCaseEditorApp_repo2\Tests\WorkspaceService.Runner\WorkspaceService.Runner.csproj (in 84 ms).
2025-12-03T15:38:58.1435031Z Tests succeeded for D:\a\TestCaseEditorApp_repo2\TestCaseEditorApp_repo2\Tests\WorkspaceService.Runner\WorkspaceService.Runner.csproj
2025-12-03T15:38:58.1440297Z 
2025-12-03T15:38:58.1441197Z === Running tests for: D:\a\TestCaseEditorApp_repo2\TestCaseEditorApp_repo2\Tests\WorkspaceService.Tests\WorkspaceService.Tests.csproj ===
2025-12-03T15:38:58.1442301Z 
2025-12-03T15:38:58.8177328Z   Determining projects to restore...
2025-12-03T15:39:07.8436944Z   Restored D:\a\TestCaseEditorApp_repo2\TestCaseEditorApp_repo2\Tests\WorkspaceService.Tests\WorkspaceService.Tests.csproj (in 8.79 sec).
2025-12-03T15:39:08.3256194Z C:\Program Files\dotnet\sdk\10.0.100\Microsoft.Common.CurrentVersion.targets(2437,5): warning MSB3245: Could not resolve this reference. Could not locate the assembly "TestCaseEditorApp". Check to make sure the assembly exists on disk. If this reference is required by your code, you may get compilation errors. [D:\a\TestCaseEditorApp_repo2\TestCaseEditorApp_repo2\Tests\WorkspaceService.Tests\WorkspaceService.Tests.csproj]
2025-12-03T15:39:08.7473503Z   WorkspaceService.Tests -> D:\a\TestCaseEditorApp_repo2\TestCaseEditorApp_repo2\Tests\WorkspaceService.Tests\bin\Debug\net8.0-windows\WorkspaceService.Tests.dll
2025-12-03T15:39:08.7637350Z Test run for D:\a\TestCaseEditorApp_repo2\TestCaseEditorApp_repo2\Tests\WorkspaceService.Tests\bin\Debug\net8.0-windows\WorkspaceService.Tests.dll (.NETCoreApp,Version=v8.0)
2025-12-03T15:39:08.8360367Z VSTest version 18.0.1 (x64)
2025-12-03T15:39:08.8385940Z 
2025-12-03T15:39:08.9260591Z Starting test execution, please wait...
2025-12-03T15:39:08.9510389Z A total of 1 test files matched the specified pattern.
2025-12-03T15:39:10.1597400Z No test is available in D:\a\TestCaseEditorApp_repo2\TestCaseEditorApp_repo2\Tests\WorkspaceService.Tests\bin\Debug\net8.0-windows\WorkspaceService.Tests.dll. Make sure that test discoverer & executors are registered and platform & framework version settings are appropriate and try again.
2025-12-03T15:39:10.2170120Z 
2025-12-03T15:39:10.2219165Z Additionally, path to test adapters can be specified using /TestAdapterPath command. Example  /TestAdapterPath:<pathToCustomAdapters>.
2025-12-03T15:39:10.2809118Z Tests succeeded for D:\a\TestCaseEditorApp_repo2\TestCaseEditorApp_repo2\Tests\WorkspaceService.Tests\WorkspaceService.Tests.csproj
2025-12-03T15:39:10.4781400Z ##[group]Run dotnet build Tests/WorkspaceService.Runner/WorkspaceService.Runner.csproj --configuration Release --no-restore
2025-12-03T15:39:10.4782336Z [36;1mdotnet build Tests/WorkspaceService.Runner/WorkspaceService.Runner.csproj --configuration Release --no-restore[0m
2025-12-03T15:39:10.4840525Z shell: C:\Program Files\PowerShell\7\pwsh.EXE -command ". '{0}'"
2025-12-03T15:39:10.4840833Z env:
2025-12-03T15:39:10.4840995Z   DOTNET_ROOT: C:\Program Files\dotnet
2025-12-03T15:39:10.4841217Z ##[endgroup]
2025-12-03T15:39:11.9380720Z   WorkspaceService.Runner -> D:\a\TestCaseEditorApp_repo2\TestCaseEditorApp_repo2\Tests\WorkspaceService.Runner\bin\Release\net8.0-windows\WorkspaceService.Runner.dll
2025-12-03T15:39:11.9522563Z 
2025-12-03T15:39:11.9530078Z Build succeeded.
2025-12-03T15:39:11.9530778Z     0 Warning(s)
2025-12-03T15:39:11.9531077Z     0 Error(s)
2025-12-03T15:39:11.9536131Z 
2025-12-03T15:39:11.9536363Z Time Elapsed 00:00:00.91
2025-12-03T15:39:12.1054091Z ##[group]Run dotnet run --project Tests/WorkspaceService.Runner/WorkspaceService.Runner.csproj --configuration Release --no-build --verbosity minimal
2025-12-03T15:39:12.1055284Z [36;1mdotnet run --project Tests/WorkspaceService.Runner/WorkspaceService.Runner.csproj --configuration Release --no-build --verbosity minimal[0m
2025-12-03T15:39:12.1114571Z shell: C:\Program Files\PowerShell\7\pwsh.EXE -command ". '{0}'"
2025-12-03T15:39:12.1114933Z env:
2025-12-03T15:39:12.1115156Z   DOTNET_ROOT: C:\Program Files\dotnet
2025-12-03T15:39:12.1115418Z ##[endgroup]
2025-12-03T15:39:15.2889712Z Runner: all checks passed
2025-12-03T15:39:15.4391496Z Post job cleanup.
2025-12-03T15:39:15.6699212Z Post job cleanup.
2025-12-03T15:39:15.8996891Z [command]"C:\Program Files\Git\bin\git.exe" version
2025-12-03T15:39:15.9267487Z git version 2.52.0.windows.1
2025-12-03T15:39:15.9349136Z Temporarily overriding HOME='D:\a\_temp\d5e82c20-5541-41b1-8617-3b85b5e468d8' before making global git config changes
2025-12-03T15:39:15.9349860Z Adding repository directory to the temporary git global config as a safe directory
2025-12-03T15:39:15.9360272Z [command]"C:\Program Files\Git\bin\git.exe" config --global --add safe.directory D:\a\TestCaseEditorApp_repo2\TestCaseEditorApp_repo2
2025-12-03T15:39:15.9660761Z [command]"C:\Program Files\Git\bin\git.exe" config --local --name-only --get-regexp core\.sshCommand
2025-12-03T15:39:15.9962189Z [command]"C:\Program Files\Git\bin\git.exe" submodule foreach --recursive "sh -c \"git config --local --name-only --get-regexp 'core\.sshCommand' && git config --local --unset-all 'core.sshCommand' || :\""
2025-12-03T15:39:16.5678250Z [command]"C:\Program Files\Git\bin\git.exe" config --local --name-only --get-regexp http\.https\:\/\/github\.com\/\.extraheader
2025-12-03T15:39:16.5924702Z http.https://github.com/.extraheader
2025-12-03T15:39:16.5965254Z [command]"C:\Program Files\Git\bin\git.exe" config --local --unset-all http.https://github.com/.extraheader
2025-12-03T15:39:16.6255118Z [command]"C:\Program Files\Git\bin\git.exe" submodule foreach --recursive "sh -c \"git config --local --name-only --get-regexp 'http\.https\:\/\/github\.com\/\.extraheader' && git config --local --unset-all 'http.https://github.com/.extraheader' || :\""
2025-12-03T15:39:17.1090609Z [command]"C:\Program Files\Git\bin\git.exe" config --local --name-only --get-regexp ^includeIf\.gitdir:
2025-12-03T15:39:17.1377776Z [command]"C:\Program Files\Git\bin\git.exe" submodule foreach --recursive "git config --local --show-origin --name-only --get-regexp remote.origin.url"
2025-12-03T15:39:17.7083963Z Cleaning up orphan processes
2025-12-03T15:39:17.7326487Z Terminate orphan process: pid (8124) (VBCSCompiler)
2025-12-03T15:39:17.7386232Z Terminate orphan process: pid (8488) (conhost)
