2025-12-02T17:00:10.3170714Z Current runner version: '2.329.0'
2025-12-02T17:00:10.3194829Z ##[group]Runner Image Provisioner
2025-12-02T17:00:10.3195539Z Hosted Compute Agent
2025-12-02T17:00:10.3196021Z Version: 20251016.436
2025-12-02T17:00:10.3196510Z Commit: 8ab8ac8bfd662a3739dab9fe09456aba92132568
2025-12-02T17:00:10.3197119Z Build Date: 2025-10-15T20:44:12Z
2025-12-02T17:00:10.3197645Z ##[endgroup]
2025-12-02T17:00:10.3198053Z ##[group]Operating System
2025-12-02T17:00:10.3198557Z Microsoft Windows Server 2025
2025-12-02T17:00:10.3199026Z 10.0.26100
2025-12-02T17:00:10.3199427Z Datacenter
2025-12-02T17:00:10.3199788Z ##[endgroup]
2025-12-02T17:00:10.3200217Z ##[group]Runner Image
2025-12-02T17:00:10.3200622Z Image: windows-2025
2025-12-02T17:00:10.3201046Z Version: 20251102.77.1
2025-12-02T17:00:10.3201957Z Included Software: https://github.com/actions/runner-images/blob/win25/20251102.77/images/windows/Windows2025-Readme.md
2025-12-02T17:00:10.3203526Z Image Release: https://github.com/actions/runner-images/releases/tag/win25%2F20251102.77
2025-12-02T17:00:10.3204355Z ##[endgroup]
2025-12-02T17:00:10.3205286Z ##[group]GITHUB_TOKEN Permissions
2025-12-02T17:00:10.3207039Z Contents: read
2025-12-02T17:00:10.3207485Z Metadata: read
2025-12-02T17:00:10.3207864Z Packages: read
2025-12-02T17:00:10.3208294Z ##[endgroup]
2025-12-02T17:00:10.3210140Z Secret source: Actions
2025-12-02T17:00:10.3211169Z Prepare workflow directory
2025-12-02T17:00:10.3595080Z Prepare all required actions
2025-12-02T17:00:10.3633218Z Getting action download info
2025-12-02T17:00:10.7571896Z Download action repository 'actions/checkout@v4' (SHA:34e114876b0b11c390a56381ad16ebd13914f8d5)
2025-12-02T17:00:11.5566623Z Download action repository 'actions/setup-dotnet@v4' (SHA:67a3573c9a986a3f9c594539f4ab511d57bb3ce9)
2025-12-02T17:00:12.4063606Z Complete job name: build-and-test
2025-12-02T17:00:12.5687037Z ##[group]Run actions/checkout@v4
2025-12-02T17:00:12.5688834Z with:
2025-12-02T17:00:12.5689713Z   repository: cactuspainter3000/TestCaseEditorApp_repo2
2025-12-02T17:00:12.5691106Z   token: ***
2025-12-02T17:00:12.5691721Z   ssh-strict: true
2025-12-02T17:00:12.5692374Z   ssh-user: git
2025-12-02T17:00:12.5693047Z   persist-credentials: true
2025-12-02T17:00:12.5693808Z   clean: true
2025-12-02T17:00:12.5694473Z   sparse-checkout-cone-mode: true
2025-12-02T17:00:12.5695306Z   fetch-depth: 1
2025-12-02T17:00:12.5695950Z   fetch-tags: false
2025-12-02T17:00:12.5696639Z   show-progress: true
2025-12-02T17:00:12.5697411Z   lfs: false
2025-12-02T17:00:12.5698083Z   submodules: false
2025-12-02T17:00:12.5699011Z   set-safe-directory: true
2025-12-02T17:00:12.5700189Z ##[endgroup]
2025-12-02T17:00:12.7437409Z Syncing repository: cactuspainter3000/TestCaseEditorApp_repo2
2025-12-02T17:00:12.7441969Z ##[group]Getting Git version info
2025-12-02T17:00:12.7444214Z Working directory is 'D:\a\TestCaseEditorApp_repo2\TestCaseEditorApp_repo2'
2025-12-02T17:00:12.8266739Z [command]"C:\Program Files\Git\bin\git.exe" version
2025-12-02T17:00:13.0135391Z git version 2.51.2.windows.1
2025-12-02T17:00:13.0197376Z ##[endgroup]
2025-12-02T17:00:13.0219247Z Temporarily overriding HOME='D:\a\_temp\1602e3fc-def8-42ad-9b1f-634fa5202307' before making global git config changes
2025-12-02T17:00:13.0222339Z Adding repository directory to the temporary git global config as a safe directory
2025-12-02T17:00:13.0230914Z [command]"C:\Program Files\Git\bin\git.exe" config --global --add safe.directory D:\a\TestCaseEditorApp_repo2\TestCaseEditorApp_repo2
2025-12-02T17:00:13.0531455Z Deleting the contents of 'D:\a\TestCaseEditorApp_repo2\TestCaseEditorApp_repo2'
2025-12-02T17:00:13.0538565Z ##[group]Initializing the repository
2025-12-02T17:00:13.0549121Z [command]"C:\Program Files\Git\bin\git.exe" init D:\a\TestCaseEditorApp_repo2\TestCaseEditorApp_repo2
2025-12-02T17:00:13.1008835Z Initialized empty Git repository in D:/a/TestCaseEditorApp_repo2/TestCaseEditorApp_repo2/.git/
2025-12-02T17:00:13.1061286Z [command]"C:\Program Files\Git\bin\git.exe" remote add origin https://github.com/cactuspainter3000/TestCaseEditorApp_repo2
2025-12-02T17:00:13.1380000Z ##[endgroup]
2025-12-02T17:00:13.1381723Z ##[group]Disabling automatic garbage collection
2025-12-02T17:00:13.1390580Z [command]"C:\Program Files\Git\bin\git.exe" config --local gc.auto 0
2025-12-02T17:00:13.1699250Z ##[endgroup]
2025-12-02T17:00:13.1700854Z ##[group]Setting up auth
2025-12-02T17:00:13.1714134Z [command]"C:\Program Files\Git\bin\git.exe" config --local --name-only --get-regexp core\.sshCommand
2025-12-02T17:00:13.2053060Z [command]"C:\Program Files\Git\bin\git.exe" submodule foreach --recursive "sh -c \"git config --local --name-only --get-regexp 'core\.sshCommand' && git config --local --unset-all 'core.sshCommand' || :\""
2025-12-02T17:00:14.1800462Z [command]"C:\Program Files\Git\bin\git.exe" config --local --name-only --get-regexp http\.https\:\/\/github\.com\/\.extraheader
2025-12-02T17:00:14.2109838Z [command]"C:\Program Files\Git\bin\git.exe" submodule foreach --recursive "sh -c \"git config --local --name-only --get-regexp 'http\.https\:\/\/github\.com\/\.extraheader' && git config --local --unset-all 'http.https://github.com/.extraheader' || :\""
2025-12-02T17:00:14.7960440Z [command]"C:\Program Files\Git\bin\git.exe" config --local --name-only --get-regexp ^includeIf\.gitdir:
2025-12-02T17:00:14.8265440Z [command]"C:\Program Files\Git\bin\git.exe" submodule foreach --recursive "git config --local --show-origin --name-only --get-regexp remote.origin.url"
2025-12-02T17:00:15.3808323Z [command]"C:\Program Files\Git\bin\git.exe" config --local http.https://github.com/.extraheader "AUTHORIZATION: basic ***"
2025-12-02T17:00:15.4110106Z ##[endgroup]
2025-12-02T17:00:15.4111274Z ##[group]Fetching the repository
2025-12-02T17:00:15.4127159Z [command]"C:\Program Files\Git\bin\git.exe" -c protocol.version=2 fetch --no-tags --prune --no-recurse-submodules --depth=1 origin +dbef17e42f747925e25b462514ade152203c9dcb:refs/remotes/origin/patch/auto-analyze-on-import
2025-12-02T17:00:16.4749612Z From https://github.com/cactuspainter3000/TestCaseEditorApp_repo2
2025-12-02T17:00:16.4752052Z  * [new ref]         dbef17e42f747925e25b462514ade152203c9dcb -> origin/patch/auto-analyze-on-import
2025-12-02T17:00:16.4965868Z ##[endgroup]
2025-12-02T17:00:16.4967023Z ##[group]Determining the checkout info
2025-12-02T17:00:16.4968194Z ##[endgroup]
2025-12-02T17:00:16.4979113Z [command]"C:\Program Files\Git\bin\git.exe" sparse-checkout disable
2025-12-02T17:00:16.5312845Z [command]"C:\Program Files\Git\bin\git.exe" config --local --unset-all extensions.worktreeConfig
2025-12-02T17:00:16.5617537Z ##[group]Checking out the ref
2025-12-02T17:00:16.5628113Z [command]"C:\Program Files\Git\bin\git.exe" checkout --progress --force -B patch/auto-analyze-on-import refs/remotes/origin/patch/auto-analyze-on-import
2025-12-02T17:00:16.6485911Z branch 'patch/auto-analyze-on-import' set up to track 'origin/patch/auto-analyze-on-import'.
2025-12-02T17:00:16.6495034Z Switched to a new branch 'patch/auto-analyze-on-import'
2025-12-02T17:00:16.6543822Z ##[endgroup]
2025-12-02T17:00:16.6872272Z [command]"C:\Program Files\Git\bin\git.exe" log -1 --format=%H
2025-12-02T17:00:16.7138445Z dbef17e42f747925e25b462514ade152203c9dcb
2025-12-02T17:00:16.7695865Z ##[group]Run actions/setup-dotnet@v4
2025-12-02T17:00:16.7696213Z with:
2025-12-02T17:00:16.7696394Z   dotnet-version: 8.0.x
2025-12-02T17:00:16.7696591Z   cache: false
2025-12-02T17:00:16.7696768Z ##[endgroup]
2025-12-02T17:00:17.1267648Z [command]"C:\Program Files\PowerShell\7\pwsh.exe" -NoLogo -Sta -NoProfile -NonInteractive -ExecutionPolicy Unrestricted -Command & 'D:\a\_actions\actions\setup-dotnet\v4\externals\install-dotnet.ps1' -SkipNonVersionedFiles -Runtime dotnet -Channel LTS
2025-12-02T17:00:26.6011210Z dotnet-install: Downloaded file https://builds.dotnet.microsoft.com/dotnet/Runtime/10.0.0/dotnet-runtime-10.0.0-win-x64.zip size is 37111780 bytes.
2025-12-02T17:00:26.6026199Z dotnet-install: Either downloaded or local package size can not be measured. One of them may be corrupted.
2025-12-02T17:00:26.6054434Z dotnet-install: Extracting the archive.
2025-12-02T17:00:27.9093635Z dotnet-install: Note that the script does not ensure your Windows version is supported during the installation.
2025-12-02T17:00:27.9099878Z dotnet-install: To check the list of supported versions, go to https://learn.microsoft.com/dotnet/core/install/windows#supported-versions
2025-12-02T17:00:27.9105821Z dotnet-install: Installed version is 10.0.0
2025-12-02T17:00:27.9112352Z dotnet-install: Installation finished
2025-12-02T17:00:28.2667622Z [command]"C:\Program Files\PowerShell\7\pwsh.exe" -NoLogo -Sta -NoProfile -NonInteractive -ExecutionPolicy Unrestricted -Command & 'D:\a\_actions\actions\setup-dotnet\v4\externals\install-dotnet.ps1' -SkipNonVersionedFiles -Channel 8.0
2025-12-02T17:00:36.5996215Z dotnet-install: Downloaded file https://builds.dotnet.microsoft.com/dotnet/Sdk/8.0.416/dotnet-sdk-8.0.416-win-x64.zip size is 285854895 bytes.
2025-12-02T17:00:36.6014258Z dotnet-install: Either downloaded or local package size can not be measured. One of them may be corrupted.
2025-12-02T17:00:36.6039933Z dotnet-install: Extracting the archive.
2025-12-02T17:00:55.9266523Z dotnet-install: Note that the script does not ensure your Windows version is supported during the installation.
2025-12-02T17:00:55.9273437Z dotnet-install: To check the list of supported versions, go to https://learn.microsoft.com/dotnet/core/install/windows#supported-versions
2025-12-02T17:00:55.9278715Z dotnet-install: Installed version is 8.0.416
2025-12-02T17:00:55.9284455Z dotnet-install: Installation finished
2025-12-02T17:00:56.0307870Z ##[group]Run dotnet restore TestCaseEditorApp.csproj
2025-12-02T17:00:56.0308319Z [36;1mdotnet restore TestCaseEditorApp.csproj[0m
2025-12-02T17:00:56.0373419Z shell: C:\Program Files\PowerShell\7\pwsh.EXE -command ". '{0}'"
2025-12-02T17:00:56.0373719Z env:
2025-12-02T17:00:56.0373899Z   DOTNET_ROOT: C:\Program Files\dotnet
2025-12-02T17:00:56.0374154Z ##[endgroup]
2025-12-02T17:01:11.1108665Z   Determining projects to restore...
2025-12-02T17:01:22.2393461Z   Restored D:\a\TestCaseEditorApp_repo2\TestCaseEditorApp_repo2\TestCaseEditorApp.csproj (in 10.36 sec).
2025-12-02T17:01:22.4091624Z ##[group]Run dotnet build TestCaseEditorApp.csproj --configuration Release --no-restore
2025-12-02T17:01:22.4092298Z [36;1mdotnet build TestCaseEditorApp.csproj --configuration Release --no-restore[0m
2025-12-02T17:01:22.4153906Z shell: C:\Program Files\PowerShell\7\pwsh.EXE -command ". '{0}'"
2025-12-02T17:01:22.4154256Z env:
2025-12-02T17:01:22.4154431Z   DOTNET_ROOT: C:\Program Files\dotnet
2025-12-02T17:01:22.4154676Z ##[endgroup]
2025-12-02T17:01:40.5041116Z ##[warning]D:\a\TestCaseEditorApp_repo2\TestCaseEditorApp_repo2\MVVM\Controls\EditableDataControl\MVVM\ViewModels\EditableTableEditorViewModel.cs(52,60): warning CS8769: Nullability of reference types in type of parameter 'attributes' doesn't match implemented member 'PropertyDescriptorCollection ICustomTypeDescriptor.GetProperties(Attribute[]? attributes)' (possibly because of nullability attributes). [D:\a\TestCaseEditorApp_repo2\TestCaseEditorApp_repo2\TestCaseEditorApp_4rpy12kz_wpftmp.csproj]
2025-12-02T17:01:40.5051873Z ##[warning]D:\a\TestCaseEditorApp_repo2\TestCaseEditorApp_repo2\MVVM\Controls\EditableDataControl\MVVM\ViewModels\EditableTableEditorViewModel.cs(79,57): warning CS8769: Nullability of reference types in type of parameter 'attributes' doesn't match implemented member 'EventDescriptorCollection ICustomTypeDescriptor.GetEvents(Attribute[]? attributes)' (possibly because of nullability attributes). [D:\a\TestCaseEditorApp_repo2\TestCaseEditorApp_repo2\TestCaseEditorApp_4rpy12kz_wpftmp.csproj]
2025-12-02T17:01:40.5056100Z ##[warning]D:\a\TestCaseEditorApp_repo2\TestCaseEditorApp_repo2\MVVM\Controls\EditableDataControl\MVVM\ViewModels\EditableTableEditorViewModel.cs(80,38): warning CS8769: Nullability of reference types in type of parameter 'pd' doesn't match implemented member 'object? ICustomTypeDescriptor.GetPropertyOwner(PropertyDescriptor? pd)' (possibly because of nullability attributes). [D:\a\TestCaseEditorApp_repo2\TestCaseEditorApp_repo2\TestCaseEditorApp_4rpy12kz_wpftmp.csproj]
2025-12-02T17:01:40.5060157Z ##[warning]D:\a\TestCaseEditorApp_repo2\TestCaseEditorApp_repo2\MVVM\Controls\EditableDataControl\MVVM\ViewModels\EditableTableEditorViewModel.cs(63,36): warning CS8765: Nullability of type of parameter 'component' doesn't match overridden member (possibly because of nullability attributes). [D:\a\TestCaseEditorApp_repo2\TestCaseEditorApp_repo2\TestCaseEditorApp_4rpy12kz_wpftmp.csproj]
2025-12-02T17:01:40.5063409Z ##[warning]D:\a\TestCaseEditorApp_repo2\TestCaseEditorApp_repo2\MVVM\Controls\EditableDataControl\MVVM\ViewModels\EditableTableEditorViewModel.cs(65,34): warning CS8765: Nullability of type of parameter 'component' doesn't match overridden member (possibly because of nullability attributes). [D:\a\TestCaseEditorApp_repo2\TestCaseEditorApp_repo2\TestCaseEditorApp_4rpy12kz_wpftmp.csproj]
2025-12-02T17:01:40.5066519Z ##[warning]D:\a\TestCaseEditorApp_repo2\TestCaseEditorApp_repo2\MVVM\Controls\EditableDataControl\MVVM\ViewModels\EditableTableEditorViewModel.cs(65,34): warning CS8765: Nullability of type of parameter 'value' doesn't match overridden member (possibly because of nullability attributes). [D:\a\TestCaseEditorApp_repo2\TestCaseEditorApp_repo2\TestCaseEditorApp_4rpy12kz_wpftmp.csproj]
2025-12-02T17:01:40.5070768Z ##[warning]D:\a\TestCaseEditorApp_repo2\TestCaseEditorApp_repo2\Services\Logging\FileLogger.cs(21,29): warning CS8633: Nullability in constraints for type parameter 'TState' of method 'FileLogger.BeginScope<TState>(TState)' doesn't match the constraints for type parameter 'TState' of interface method 'ILogger.BeginScope<TState>(TState)'. Consider using an explicit interface implementation instead. [D:\a\TestCaseEditorApp_repo2\TestCaseEditorApp_repo2\TestCaseEditorApp_4rpy12kz_wpftmp.csproj]
2025-12-02T17:01:40.5076209Z ##[warning]D:\a\TestCaseEditorApp_repo2\TestCaseEditorApp_repo2\MVVM\Views\EditableTableEditorWindow.xaml.cs(20,79): warning CS8625: Cannot convert null literal to non-nullable reference type. [D:\a\TestCaseEditorApp_repo2\TestCaseEditorApp_repo2\TestCaseEditorApp_4rpy12kz_wpftmp.csproj]
2025-12-02T17:01:40.5080949Z ##[warning]D:\a\TestCaseEditorApp_repo2\TestCaseEditorApp_repo2\MVVM\ViewModels\RequirementsIndexViewModel.cs(317,24): warning CS8767: Nullability of reference types in type of parameter 'x' of 'int RequirementNaturalComparer.Compare(object x, object y)' doesn't match implicitly implemented member 'int IComparer.Compare(object? x, object? y)' (possibly because of nullability attributes). [D:\a\TestCaseEditorApp_repo2\TestCaseEditorApp_repo2\TestCaseEditorApp_4rpy12kz_wpftmp.csproj]
2025-12-02T17:01:40.5085102Z ##[warning]D:\a\TestCaseEditorApp_repo2\TestCaseEditorApp_repo2\MVVM\ViewModels\RequirementsIndexViewModel.cs(317,24): warning CS8767: Nullability of reference types in type of parameter 'y' of 'int RequirementNaturalComparer.Compare(object x, object y)' doesn't match implicitly implemented member 'int IComparer.Compare(object? x, object? y)' (possibly because of nullability attributes). [D:\a\TestCaseEditorApp_repo2\TestCaseEditorApp_repo2\TestCaseEditorApp_4rpy12kz_wpftmp.csproj]
2025-12-02T17:01:40.5088092Z ##[warning]D:\a\TestCaseEditorApp_repo2\TestCaseEditorApp_repo2\Converters\SectionSelectedConverter.cs(30,24): warning CS8603: Possible null reference return. [D:\a\TestCaseEditorApp_repo2\TestCaseEditorApp_repo2\TestCaseEditorApp_4rpy12kz_wpftmp.csproj]
2025-12-02T17:01:40.5091029Z ##[warning]D:\a\TestCaseEditorApp_repo2\TestCaseEditorApp_repo2\MVVM\Views\SupplementalInfoEditorWindow.xaml.cs(14,16): warning CS8618: Non-nullable property 'ResultItems' must contain a non-null value when exiting constructor. Consider adding the 'required' modifier or declaring the property as nullable. [D:\a\TestCaseEditorApp_repo2\TestCaseEditorApp_repo2\TestCaseEditorApp_4rpy12kz_wpftmp.csproj]
2025-12-02T17:01:40.5093683Z ##[warning]D:\a\TestCaseEditorApp_repo2\TestCaseEditorApp_repo2\MVVM\Controls\EditableDataControl\MVVM\ViewModels\EditableTableEditorViewModel.cs(72,56): warning CS8603: Possible null reference return. [D:\a\TestCaseEditorApp_repo2\TestCaseEditorApp_repo2\TestCaseEditorApp_4rpy12kz_wpftmp.csproj]
2025-12-02T17:01:40.5096259Z ##[warning]D:\a\TestCaseEditorApp_repo2\TestCaseEditorApp_repo2\MVVM\Controls\EditableDataControl\MVVM\ViewModels\EditableTableEditorViewModel.cs(73,60): warning CS8603: Possible null reference return. [D:\a\TestCaseEditorApp_repo2\TestCaseEditorApp_repo2\TestCaseEditorApp_4rpy12kz_wpftmp.csproj]
2025-12-02T17:01:40.5098564Z ##[warning]D:\a\TestCaseEditorApp_repo2\TestCaseEditorApp_repo2\MVVM\Controls\EditableDataControl\MVVM\ViewModels\EditableTableEditorViewModel.cs(75,68): warning CS8603: Possible null reference return. [D:\a\TestCaseEditorApp_repo2\TestCaseEditorApp_repo2\TestCaseEditorApp_4rpy12kz_wpftmp.csproj]
2025-12-02T17:01:40.5101352Z ##[warning]D:\a\TestCaseEditorApp_repo2\TestCaseEditorApp_repo2\MVVM\Controls\EditableDataControl\MVVM\ViewModels\EditableTableEditorViewModel.cs(76,74): warning CS8603: Possible null reference return. [D:\a\TestCaseEditorApp_repo2\TestCaseEditorApp_repo2\TestCaseEditorApp_4rpy12kz_wpftmp.csproj]
2025-12-02T17:01:40.5103679Z ##[warning]D:\a\TestCaseEditorApp_repo2\TestCaseEditorApp_repo2\MVVM\Controls\EditableDataControl\MVVM\ViewModels\EditableTableEditorViewModel.cs(77,72): warning CS8603: Possible null reference return. [D:\a\TestCaseEditorApp_repo2\TestCaseEditorApp_repo2\TestCaseEditorApp_4rpy12kz_wpftmp.csproj]
2025-12-02T17:01:40.5106137Z ##[warning]D:\a\TestCaseEditorApp_repo2\TestCaseEditorApp_repo2\Services\WorkspaceService.cs(104,72): warning CS8604: Possible null reference argument for parameter 's' in 'byte[] Encoding.GetBytes(string s)'. [D:\a\TestCaseEditorApp_repo2\TestCaseEditorApp_repo2\TestCaseEditorApp_4rpy12kz_wpftmp.csproj]
2025-12-02T17:01:40.5109199Z ##[warning]D:\a\TestCaseEditorApp_repo2\TestCaseEditorApp_repo2\Services\WorkspaceService.cs(177,72): warning CS8604: Possible null reference argument for parameter 's' in 'byte[] Encoding.GetBytes(string s)'. [D:\a\TestCaseEditorApp_repo2\TestCaseEditorApp_repo2\TestCaseEditorApp_4rpy12kz_wpftmp.csproj]
2025-12-02T17:01:40.5111692Z ##[warning]D:\a\TestCaseEditorApp_repo2\TestCaseEditorApp_repo2\Services\WorkspaceService.cs(306,80): warning CS8604: Possible null reference argument for parameter 's' in 'byte[] Encoding.GetBytes(string s)'. [D:\a\TestCaseEditorApp_repo2\TestCaseEditorApp_repo2\TestCaseEditorApp_4rpy12kz_wpftmp.csproj]
2025-12-02T17:01:40.5114136Z ##[warning]D:\a\TestCaseEditorApp_repo2\TestCaseEditorApp_repo2\Helpers\DataGridColumnsBinder.cs(77,40): warning CS8625: Cannot convert null literal to non-nullable reference type. [D:\a\TestCaseEditorApp_repo2\TestCaseEditorApp_repo2\TestCaseEditorApp_4rpy12kz_wpftmp.csproj]
2025-12-02T17:01:40.5116357Z ##[warning]D:\a\TestCaseEditorApp_repo2\TestCaseEditorApp_repo2\MVVM\Controls\DropDownManager.cs(22,51): warning CS8625: Cannot convert null literal to non-nullable reference type. [D:\a\TestCaseEditorApp_repo2\TestCaseEditorApp_repo2\TestCaseEditorApp_4rpy12kz_wpftmp.csproj]
2025-12-02T17:01:40.5118542Z ##[warning]D:\a\TestCaseEditorApp_repo2\TestCaseEditorApp_repo2\MVVM\Controls\DropDownManager.cs(30,30): warning CS8625: Cannot convert null literal to non-nullable reference type. [D:\a\TestCaseEditorApp_repo2\TestCaseEditorApp_repo2\TestCaseEditorApp_4rpy12kz_wpftmp.csproj]
2025-12-02T17:01:40.5121796Z ##[warning]D:\a\TestCaseEditorApp_repo2\TestCaseEditorApp_repo2\MVVM\Controls\DropDownManager.cs(8,30): warning CS8618: Non-nullable field '_openPopup' must contain a non-null value when exiting constructor. Consider adding the 'required' modifier or declaring the field as nullable. [D:\a\TestCaseEditorApp_repo2\TestCaseEditorApp_repo2\TestCaseEditorApp_4rpy12kz_wpftmp.csproj]
2025-12-02T17:01:40.5125147Z ##[warning]D:\a\TestCaseEditorApp_repo2\TestCaseEditorApp_repo2\MVVM\ViewModels\AppViewModel.cs(17,16): warning CS8618: Non-nullable property 'TestCaseGeneratorSteps' must contain a non-null value when exiting constructor. Consider adding the 'required' modifier or declaring the property as nullable. [D:\a\TestCaseEditorApp_repo2\TestCaseEditorApp_repo2\TestCaseEditorApp_4rpy12kz_wpftmp.csproj]
2025-12-02T17:01:40.5129003Z ##[warning]D:\a\TestCaseEditorApp_repo2\TestCaseEditorApp_repo2\MVVM\ViewModels\AppViewModel.cs(17,16): warning CS8618: Non-nullable property 'RepairSteps' must contain a non-null value when exiting constructor. Consider adding the 'required' modifier or declaring the property as nullable. [D:\a\TestCaseEditorApp_repo2\TestCaseEditorApp_repo2\TestCaseEditorApp_4rpy12kz_wpftmp.csproj]
2025-12-02T17:01:40.5132169Z ##[warning]D:\a\TestCaseEditorApp_repo2\TestCaseEditorApp_repo2\MVVM\ViewModels\AppViewModel.cs(17,16): warning CS8618: Non-nullable property 'ReportsSteps' must contain a non-null value when exiting constructor. Consider adding the 'required' modifier or declaring the property as nullable. [D:\a\TestCaseEditorApp_repo2\TestCaseEditorApp_repo2\TestCaseEditorApp_4rpy12kz_wpftmp.csproj]
2025-12-02T17:01:40.5135333Z ##[warning]D:\a\TestCaseEditorApp_repo2\TestCaseEditorApp_repo2\MVVM\ViewModels\AppViewModel.cs(17,16): warning CS8618: Non-nullable property 'GeneralSteps' must contain a non-null value when exiting constructor. Consider adding the 'required' modifier or declaring the property as nullable. [D:\a\TestCaseEditorApp_repo2\TestCaseEditorApp_repo2\TestCaseEditorApp_4rpy12kz_wpftmp.csproj]
2025-12-02T17:01:40.5138503Z ##[warning]D:\a\TestCaseEditorApp_repo2\TestCaseEditorApp_repo2\MVVM\ViewModels\AppViewModel.cs(17,16): warning CS8618: Non-nullable property 'QuickLinksSteps' must contain a non-null value when exiting constructor. Consider adding the 'required' modifier or declaring the property as nullable. [D:\a\TestCaseEditorApp_repo2\TestCaseEditorApp_repo2\TestCaseEditorApp_4rpy12kz_wpftmp.csproj]
2025-12-02T17:01:40.5142270Z ##[warning]D:\a\TestCaseEditorApp_repo2\TestCaseEditorApp_repo2\Import\JamaImportInspection.cs(66,38): warning CS8604: Possible null reference argument for parameter 'r' in 'string JamaImportInspection.SafeReflect(Requirement r, string propName)'. [D:\a\TestCaseEditorApp_repo2\TestCaseEditorApp_repo2\TestCaseEditorApp_4rpy12kz_wpftmp.csproj]
2025-12-02T17:01:40.5144665Z ##[warning]D:\a\TestCaseEditorApp_repo2\TestCaseEditorApp_repo2\MVVM\Views\MainWindow.xaml.cs(217,45): warning CS8602: Dereference of a possibly null reference. [D:\a\TestCaseEditorApp_repo2\TestCaseEditorApp_repo2\TestCaseEditorApp_4rpy12kz_wpftmp.csproj]
2025-12-02T17:01:40.5146701Z ##[warning]D:\a\TestCaseEditorApp_repo2\TestCaseEditorApp_repo2\MVVM\ViewModels\LooseTableViewModel.cs(92,46): warning CS8603: Possible null reference return. [D:\a\TestCaseEditorApp_repo2\TestCaseEditorApp_repo2\TestCaseEditorApp_4rpy12kz_wpftmp.csproj]
2025-12-02T17:01:40.5148937Z ##[warning]D:\a\TestCaseEditorApp_repo2\TestCaseEditorApp_repo2\MVVM\Views\EditableTableEditorWindow.xaml.cs(202,32): warning CS8600: Converting null literal or possible null value to non-nullable type. [D:\a\TestCaseEditorApp_repo2\TestCaseEditorApp_repo2\TestCaseEditorApp_4rpy12kz_wpftmp.csproj]
2025-12-02T17:01:40.5152164Z ##[warning]D:\a\TestCaseEditorApp_repo2\TestCaseEditorApp_repo2\MVVM\ViewModels\LooseTableViewModel.cs(155,121): warning CS8604: Possible null reference argument for parameter 'cols' in 'string LooseTableViewModel.SnapshotHash(ObservableCollection<ColumnDefinitionModel> cols, ObservableCollection<TableRowModel> rows)'. [D:\a\TestCaseEditorApp_repo2\TestCaseEditorApp_repo2\TestCaseEditorApp_4rpy12kz_wpftmp.csproj]
2025-12-02T17:01:40.5155737Z ##[warning]D:\a\TestCaseEditorApp_repo2\TestCaseEditorApp_repo2\MVVM\ViewModels\LooseTableViewModel.cs(155,130): warning CS8604: Possible null reference argument for parameter 'rows' in 'string LooseTableViewModel.SnapshotHash(ObservableCollection<ColumnDefinitionModel> cols, ObservableCollection<TableRowModel> rows)'. [D:\a\TestCaseEditorApp_repo2\TestCaseEditorApp_repo2\TestCaseEditorApp_4rpy12kz_wpftmp.csproj]
2025-12-02T17:01:40.5158513Z ##[warning]D:\a\TestCaseEditorApp_repo2\TestCaseEditorApp_repo2\MVVM\Models\Requirement.cs(272,20): warning CS8603: Possible null reference return. [D:\a\TestCaseEditorApp_repo2\TestCaseEditorApp_repo2\TestCaseEditorApp_4rpy12kz_wpftmp.csproj]
2025-12-02T17:01:40.5160896Z ##[warning]D:\a\TestCaseEditorApp_repo2\TestCaseEditorApp_repo2\MVVM\ViewModels\TestCaseGenerator_VM.cs(101,34): warning CS8602: Dereference of a possibly null reference. [D:\a\TestCaseEditorApp_repo2\TestCaseEditorApp_repo2\TestCaseEditorApp_4rpy12kz_wpftmp.csproj]
2025-12-02T17:01:40.5163397Z ##[warning]D:\a\TestCaseEditorApp_repo2\TestCaseEditorApp_repo2\Services\RequirementService.cs(409,47): warning CS8619: Nullability of reference types in value of type 'List<string?>' doesn't match target type 'List<string>'. [D:\a\TestCaseEditorApp_repo2\TestCaseEditorApp_repo2\TestCaseEditorApp_4rpy12kz_wpftmp.csproj]
2025-12-02T17:01:40.5165775Z ##[warning]D:\a\TestCaseEditorApp_repo2\TestCaseEditorApp_repo2\MVVM\ViewModels\MainViewModelDesignStub.cs(46,111): warning CS8625: Cannot convert null literal to non-nullable reference type. [D:\a\TestCaseEditorApp_repo2\TestCaseEditorApp_repo2\TestCaseEditorApp_4rpy12kz_wpftmp.csproj]
2025-12-02T17:01:40.5168677Z ##[warning]D:\a\TestCaseEditorApp_repo2\TestCaseEditorApp_repo2\MVVM\ViewModels\MainViewModel.cs(394,16): warning CS8618: Non-nullable field '_persistence' must contain a non-null value when exiting constructor. Consider adding the 'required' modifier or declaring the field as nullable. [D:\a\TestCaseEditorApp_repo2\TestCaseEditorApp_repo2\TestCaseEditorApp_4rpy12kz_wpftmp.csproj]
2025-12-02T17:01:40.5171225Z ##[warning]D:\a\TestCaseEditorApp_repo2\TestCaseEditorApp_repo2\MVVM\Utils\ClarifyingParsingHelpers.cs(495,35): warning CS8602: Dereference of a possibly null reference. [D:\a\TestCaseEditorApp_repo2\TestCaseEditorApp_repo2\TestCaseEditorApp_4rpy12kz_wpftmp.csproj]
2025-12-02T17:01:40.5174135Z ##[warning]D:\a\TestCaseEditorApp_repo2\TestCaseEditorApp_repo2\Prompts\RequirementAnalysisPromptBuilder.cs(153,73): warning CS8604: Possible null reference argument for parameter 'values' in 'string string.Join(string? separator, IEnumerable<string?> values)'. [D:\a\TestCaseEditorApp_repo2\TestCaseEditorApp_repo2\TestCaseEditorApp_4rpy12kz_wpftmp.csproj]
2025-12-02T17:01:40.5176514Z ##[warning]D:\a\TestCaseEditorApp_repo2\TestCaseEditorApp_repo2\Services\RequirementService.cs(603,30): warning CS8601: Possible null reference assignment. [D:\a\TestCaseEditorApp_repo2\TestCaseEditorApp_repo2\TestCaseEditorApp_4rpy12kz_wpftmp.csproj]
2025-12-02T17:01:40.5178810Z ##[warning]D:\a\TestCaseEditorApp_repo2\TestCaseEditorApp_repo2\MVVM\Controls\EditableDataControl\Controls\DebugCellMenu.cs(146,25): warning CS8602: Dereference of a possibly null reference. [D:\a\TestCaseEditorApp_repo2\TestCaseEditorApp_repo2\TestCaseEditorApp_4rpy12kz_wpftmp.csproj]
2025-12-02T17:01:40.5181387Z ##[warning]D:\a\TestCaseEditorApp_repo2\TestCaseEditorApp_repo2\MVVM\Controls\EditableDataControl\Controls\DebugCellMenu.cs(155,25): warning CS8602: Dereference of a possibly null reference. [D:\a\TestCaseEditorApp_repo2\TestCaseEditorApp_repo2\TestCaseEditorApp_4rpy12kz_wpftmp.csproj]
2025-12-02T17:01:40.5184078Z ##[warning]D:\a\TestCaseEditorApp_repo2\TestCaseEditorApp_repo2\MVVM\ViewModels\TestCaseGenerator_AssumptionsVM.cs(305,35): warning CS0618: 'TestCaseGenerator_AssumptionsVM.SuggestedDefaults' is obsolete: 'Use AllPills instead' [D:\a\TestCaseEditorApp_repo2\TestCaseEditorApp_repo2\TestCaseEditorApp_4rpy12kz_wpftmp.csproj]
2025-12-02T17:01:40.5186714Z ##[warning]D:\a\TestCaseEditorApp_repo2\TestCaseEditorApp_repo2\MVVM\ViewModels\TestCaseGenerator_AssumptionsVM.cs(310,34): warning CS0618: 'TestCaseGenerator_AssumptionsVM.SuggestedDefaults' is obsolete: 'Use AllPills instead' [D:\a\TestCaseEditorApp_repo2\TestCaseEditorApp_repo2\TestCaseEditorApp_4rpy12kz_wpftmp.csproj]
2025-12-02T17:01:40.5189454Z ##[warning]D:\a\TestCaseEditorApp_repo2\TestCaseEditorApp_repo2\MVVM\ViewModels\TestCaseGenerator_AssumptionsVM.cs(312,41): warning CS0612: 'TestCaseGenerator_AssumptionsVM.OnDefaultItemChanged(object?, PropertyChangedEventArgs)' is obsolete [D:\a\TestCaseEditorApp_repo2\TestCaseEditorApp_repo2\TestCaseEditorApp_4rpy12kz_wpftmp.csproj]
2025-12-02T17:01:40.5193935Z ##[warning]D:\a\TestCaseEditorApp_repo2\TestCaseEditorApp_repo2\MVVM\ViewModels\TestCaseGenerator_AssumptionsVM.cs(318,38): warning CS0618: 'TestCaseGenerator_AssumptionsVM.SuggestedDefaults' is obsolete: 'Use AllPills instead' [D:\a\TestCaseEditorApp_repo2\TestCaseEditorApp_repo2\TestCaseEditorApp_4rpy12kz_wpftmp.csproj]
2025-12-02T17:01:40.5196667Z ##[warning]D:\a\TestCaseEditorApp_repo2\TestCaseEditorApp_repo2\MVVM\ViewModels\TestCaseGenerator_AssumptionsVM.cs(328,42): warning CS0618: 'TestCaseGenerator_AssumptionsVM.SuggestedDefaults' is obsolete: 'Use AllPills instead' [D:\a\TestCaseEditorApp_repo2\TestCaseEditorApp_repo2\TestCaseEditorApp_4rpy12kz_wpftmp.csproj]
2025-12-02T17:01:40.5199305Z ##[warning]D:\a\TestCaseEditorApp_repo2\TestCaseEditorApp_repo2\MVVM\ViewModels\TestCaseGenerator_AssumptionsVM.cs(419,34): warning CS0618: 'TestCaseGenerator_AssumptionsVM.SuggestedDefaults' is obsolete: 'Use AllPills instead' [D:\a\TestCaseEditorApp_repo2\TestCaseEditorApp_repo2\TestCaseEditorApp_4rpy12kz_wpftmp.csproj]
2025-12-02T17:01:40.5201893Z ##[warning]D:\a\TestCaseEditorApp_repo2\TestCaseEditorApp_repo2\MVVM\ViewModels\TestCaseGenerator_AssumptionsVM.cs(436,38): warning CS0618: 'TestCaseGenerator_AssumptionsVM.SuggestedDefaults' is obsolete: 'Use AllPills instead' [D:\a\TestCaseEditorApp_repo2\TestCaseEditorApp_repo2\TestCaseEditorApp_4rpy12kz_wpftmp.csproj]
2025-12-02T17:01:40.5204632Z ##[warning]D:\a\TestCaseEditorApp_repo2\TestCaseEditorApp_repo2\MVVM\ViewModels\TestCaseGenerator_AssumptionsVM.cs(438,45): warning CS0612: 'TestCaseGenerator_AssumptionsVM.OnDefaultItemChanged(object?, PropertyChangedEventArgs)' is obsolete [D:\a\TestCaseEditorApp_repo2\TestCaseEditorApp_repo2\TestCaseEditorApp_4rpy12kz_wpftmp.csproj]
2025-12-02T17:01:40.5208001Z ##[warning]D:\a\TestCaseEditorApp_repo2\TestCaseEditorApp_repo2\MVVM\ViewModels\TestCaseGenerator_AssumptionsVM.cs(439,45): warning CS0612: 'TestCaseGenerator_AssumptionsVM.OnDefaultItemChanged(object?, PropertyChangedEventArgs)' is obsolete [D:\a\TestCaseEditorApp_repo2\TestCaseEditorApp_repo2\TestCaseEditorApp_4rpy12kz_wpftmp.csproj]
2025-12-02T17:01:40.5210731Z ##[warning]D:\a\TestCaseEditorApp_repo2\TestCaseEditorApp_repo2\MVVM\ViewModels\TestCaseGenerator_AssumptionsVM.cs(457,17): warning CS0618: 'TestCaseGenerator_AssumptionsVM.SuggestedDefaults' is obsolete: 'Use AllPills instead' [D:\a\TestCaseEditorApp_repo2\TestCaseEditorApp_repo2\TestCaseEditorApp_4rpy12kz_wpftmp.csproj]
2025-12-02T17:01:40.5213342Z ##[warning]D:\a\TestCaseEditorApp_repo2\TestCaseEditorApp_repo2\MVVM\ViewModels\TestCaseGenerator_AssumptionsVM.cs(462,25): warning CS0618: 'TestCaseGenerator_AssumptionsVM.SuggestedDefaults' is obsolete: 'Use AllPills instead' [D:\a\TestCaseEditorApp_repo2\TestCaseEditorApp_repo2\TestCaseEditorApp_4rpy12kz_wpftmp.csproj]
2025-12-02T17:01:40.5216337Z ##[warning]D:\a\TestCaseEditorApp_repo2\TestCaseEditorApp_repo2\MVVM\ViewModels\TestCaseGenerator_AssumptionsVM.cs(476,40): warning CS0618: 'TestCaseGenerator_AssumptionsVM.SuggestedDefaults' is obsolete: 'Use AllPills instead' [D:\a\TestCaseEditorApp_repo2\TestCaseEditorApp_repo2\TestCaseEditorApp_4rpy12kz_wpftmp.csproj]
2025-12-02T17:01:40.5218674Z ##[warning]D:\a\TestCaseEditorApp_repo2\TestCaseEditorApp_repo2\MVVM\ViewModels\TableItemViewModel.cs(247,46): warning CS8603: Possible null reference return. [D:\a\TestCaseEditorApp_repo2\TestCaseEditorApp_repo2\TestCaseEditorApp_4rpy12kz_wpftmp.csproj]
2025-12-02T17:01:40.5221085Z ##[warning]D:\a\TestCaseEditorApp_repo2\TestCaseEditorApp_repo2\MVVM\ViewModels\TestCaseGenerator_AssumptionsVM.cs(587,34): warning CS0618: 'TestCaseGenerator_AssumptionsVM.SuggestedDefaults' is obsolete: 'Use AllPills instead' [D:\a\TestCaseEditorApp_repo2\TestCaseEditorApp_repo2\TestCaseEditorApp_4rpy12kz_wpftmp.csproj]
2025-12-02T17:01:40.5223835Z ##[warning]D:\a\TestCaseEditorApp_repo2\TestCaseEditorApp_repo2\MVVM\ViewModels\TestCaseGenerator_AssumptionsVM.cs(613,34): warning CS0618: 'TestCaseGenerator_AssumptionsVM.SuggestedDefaults' is obsolete: 'Use AllPills instead' [D:\a\TestCaseEditorApp_repo2\TestCaseEditorApp_repo2\TestCaseEditorApp_4rpy12kz_wpftmp.csproj]
2025-12-02T17:01:40.5227809Z ##[warning]D:\a\TestCaseEditorApp_repo2\TestCaseEditorApp_repo2\MVVM\ViewModels\TestCaseGenerator_AssumptionsVM.cs(615,41): warning CS0612: 'TestCaseGenerator_AssumptionsVM.OnDefaultItemChanged(object?, PropertyChangedEventArgs)' is obsolete [D:\a\TestCaseEditorApp_repo2\TestCaseEditorApp_repo2\TestCaseEditorApp_4rpy12kz_wpftmp.csproj]
2025-12-02T17:01:40.5231869Z ##[warning]D:\a\TestCaseEditorApp_repo2\TestCaseEditorApp_repo2\MVVM\ViewModels\TestCaseGenerator_CoreVM.cs(285,39): warning CS8602: Dereference of a possibly null reference. [D:\a\TestCaseEditorApp_repo2\TestCaseEditorApp_repo2\TestCaseEditorApp_4rpy12kz_wpftmp.csproj]
2025-12-02T17:01:40.5236661Z ##[warning]D:\a\TestCaseEditorApp_repo2\TestCaseEditorApp_repo2\MVVM\ViewModels\MainViewModel.cs(1332,27): warning CS1998: This async method lacks 'await' operators and will run synchronously. Consider using the 'await' operator to await non-blocking API calls, or 'await Task.Run(...)' to do CPU-bound work on a background thread. [D:\a\TestCaseEditorApp_repo2\TestCaseEditorApp_repo2\TestCaseEditorApp_4rpy12kz_wpftmp.csproj]
2025-12-02T17:01:40.5240546Z ##[warning]D:\a\TestCaseEditorApp_repo2\TestCaseEditorApp_repo2\MVVM\ViewModels\TestCaseGenerator_QuestionsVM.cs(656,86): warning CS8604: Possible null reference argument for parameter 'llmText' in 'List<string> ClarifyingParsingHelpers.TryExtractSuggestedChipKeys(string llmText, IEnumerable<DefaultItem>? suggestedDefaultsCatalog = null)'. [D:\a\TestCaseEditorApp_repo2\TestCaseEditorApp_repo2\TestCaseEditorApp_4rpy12kz_wpftmp.csproj]
2025-12-02T17:01:40.5244275Z ##[warning]D:\a\TestCaseEditorApp_repo2\TestCaseEditorApp_repo2\MVVM\ViewModels\MainViewModel.cs(1505,28): warning CS1998: This async method lacks 'await' operators and will run synchronously. Consider using the 'await' operator to await non-blocking API calls, or 'await Task.Run(...)' to do CPU-bound work on a background thread. [D:\a\TestCaseEditorApp_repo2\TestCaseEditorApp_repo2\TestCaseEditorApp_4rpy12kz_wpftmp.csproj]
2025-12-02T17:01:40.5247745Z ##[warning]D:\a\TestCaseEditorApp_repo2\TestCaseEditorApp_repo2\MVVM\ViewModels\TestCaseGenerator_QuestionsVM.cs(1027,28): warning CS1998: This async method lacks 'await' operators and will run synchronously. Consider using the 'await' operator to await non-blocking API calls, or 'await Task.Run(...)' to do CPU-bound work on a background thread. [D:\a\TestCaseEditorApp_repo2\TestCaseEditorApp_repo2\TestCaseEditorApp_4rpy12kz_wpftmp.csproj]
2025-12-02T17:01:40.5250871Z ##[warning]D:\a\TestCaseEditorApp_repo2\TestCaseEditorApp_repo2\MVVM\ViewModels\MainViewModel.cs(1897,36): warning CS8604: Possible null reference argument for parameter 'source' in 'List<Requirement> Enumerable.ToList<Requirement>(IEnumerable<Requirement> source)'. [D:\a\TestCaseEditorApp_repo2\TestCaseEditorApp_repo2\TestCaseEditorApp_4rpy12kz_wpftmp.csproj]
2025-12-02T17:01:40.5253164Z ##[warning]D:\a\TestCaseEditorApp_repo2\TestCaseEditorApp_repo2\MVVM\ViewModels\MainViewModel.cs(1959,16): warning CS8603: Possible null reference return. [D:\a\TestCaseEditorApp_repo2\TestCaseEditorApp_repo2\TestCaseEditorApp_4rpy12kz_wpftmp.csproj]
2025-12-02T17:01:40.5256443Z ##[warning]D:\a\TestCaseEditorApp_repo2\TestCaseEditorApp_repo2\MVVM\ViewModels\TestCaseGenerator_QuestionsVM.cs(1221,28): warning CS1998: This async method lacks 'await' operators and will run synchronously. Consider using the 'await' operator to await non-blocking API calls, or 'await Task.Run(...)' to do CPU-bound work on a background thread. [D:\a\TestCaseEditorApp_repo2\TestCaseEditorApp_repo2\TestCaseEditorApp_4rpy12kz_wpftmp.csproj]
2025-12-02T17:01:40.5259183Z ##[warning]D:\a\TestCaseEditorApp_repo2\TestCaseEditorApp_repo2\MVVM\ViewModels\TestCaseGenerator_QuestionsVM.cs(1443,44): warning CS8602: Dereference of a possibly null reference. [D:\a\TestCaseEditorApp_repo2\TestCaseEditorApp_repo2\TestCaseEditorApp_4rpy12kz_wpftmp.csproj]
2025-12-02T17:01:40.5262219Z ##[warning]D:\a\TestCaseEditorApp_repo2\TestCaseEditorApp_repo2\MVVM\ViewModels\TestCaseGenerator_QuestionsVM.cs(1459,25): warning CS8602: Dereference of a possibly null reference. [D:\a\TestCaseEditorApp_repo2\TestCaseEditorApp_repo2\TestCaseEditorApp_4rpy12kz_wpftmp.csproj]
2025-12-02T17:01:40.5264684Z ##[warning]D:\a\TestCaseEditorApp_repo2\TestCaseEditorApp_repo2\MVVM\Views\TestCaseGenerator_View.xaml.cs(11,29): warning CS0169: The field 'TestCaseGenerator_View._tracerStoryboard' is never used [D:\a\TestCaseEditorApp_repo2\TestCaseEditorApp_repo2\TestCaseEditorApp_4rpy12kz_wpftmp.csproj]
2025-12-02T17:01:40.5267126Z ##[warning]D:\a\TestCaseEditorApp_repo2\TestCaseEditorApp_repo2\Import\JamaAllDataDocxParser.cs(98,29): warning CS0414: The field 'JamaAllDataDocxParser._debugCaptured' is assigned but its value is never used [D:\a\TestCaseEditorApp_repo2\TestCaseEditorApp_repo2\TestCaseEditorApp_4rpy12kz_wpftmp.csproj]
2025-12-02T17:01:40.5270411Z ##[warning]D:\a\TestCaseEditorApp_repo2\TestCaseEditorApp_repo2\MVVM\ViewModels\TestCaseGenerator_AnalysisVM.cs(316,40): warning MVVMTK0034: The field TestCaseEditorApp.MVVM.ViewModels.TestCaseGenerator_AnalysisVM._isAnalyzingInEditor is annotated with [ObservableProperty] and should not be directly referenced (use the generated property instead) (https://aka.ms/mvvmtoolkit/errors/mvvmtk0034) [D:\a\TestCaseEditorApp_repo2\TestCaseEditorApp_repo2\TestCaseEditorApp_4rpy12kz_wpftmp.csproj]
2025-12-02T17:01:40.5274212Z ##[warning]D:\a\TestCaseEditorApp_repo2\TestCaseEditorApp_repo2\MVVM\ViewModels\TestCaseGenerator_QuestionsVM.cs(635,21): warning MVVMTK0034: The field TestCaseEditorApp.MVVM.ViewModels.TestCaseGenerator_QuestionsVM.questionBudget is annotated with [ObservableProperty] and should not be directly referenced (use the generated property instead) (https://aka.ms/mvvmtoolkit/errors/mvvmtk0034) [D:\a\TestCaseEditorApp_repo2\TestCaseEditorApp_repo2\TestCaseEditorApp_4rpy12kz_wpftmp.csproj]
2025-12-02T17:01:44.4065555Z ##[warning]D:\a\TestCaseEditorApp_repo2\TestCaseEditorApp_repo2\MVVM\Controls\EditableDataControl\MVVM\ViewModels\EditableTableEditorViewModel.cs(52,60): warning CS8769: Nullability of reference types in type of parameter 'attributes' doesn't match implemented member 'PropertyDescriptorCollection ICustomTypeDescriptor.GetProperties(Attribute[]? attributes)' (possibly because of nullability attributes). [D:\a\TestCaseEditorApp_repo2\TestCaseEditorApp_repo2\TestCaseEditorApp.csproj]
2025-12-02T17:01:44.4075321Z ##[warning]D:\a\TestCaseEditorApp_repo2\TestCaseEditorApp_repo2\MVVM\Controls\EditableDataControl\MVVM\ViewModels\EditableTableEditorViewModel.cs(79,57): warning CS8769: Nullability of reference types in type of parameter 'attributes' doesn't match implemented member 'EventDescriptorCollection ICustomTypeDescriptor.GetEvents(Attribute[]? attributes)' (possibly because of nullability attributes). [D:\a\TestCaseEditorApp_repo2\TestCaseEditorApp_repo2\TestCaseEditorApp.csproj]
2025-12-02T17:01:44.4083199Z ##[warning]D:\a\TestCaseEditorApp_repo2\TestCaseEditorApp_repo2\MVVM\Controls\EditableDataControl\MVVM\ViewModels\EditableTableEditorViewModel.cs(80,38): warning CS8769: Nullability of reference types in type of parameter 'pd' doesn't match implemented member 'object? ICustomTypeDescriptor.GetPropertyOwner(PropertyDescriptor? pd)' (possibly because of nullability attributes). [D:\a\TestCaseEditorApp_repo2\TestCaseEditorApp_repo2\TestCaseEditorApp.csproj]
2025-12-02T17:01:44.4089529Z ##[warning]D:\a\TestCaseEditorApp_repo2\TestCaseEditorApp_repo2\MVVM\Controls\EditableDataControl\MVVM\ViewModels\EditableTableEditorViewModel.cs(63,36): warning CS8765: Nullability of type of parameter 'component' doesn't match overridden member (possibly because of nullability attributes). [D:\a\TestCaseEditorApp_repo2\TestCaseEditorApp_repo2\TestCaseEditorApp.csproj]
2025-12-02T17:01:44.4093334Z ##[warning]D:\a\TestCaseEditorApp_repo2\TestCaseEditorApp_repo2\MVVM\Controls\EditableDataControl\MVVM\ViewModels\EditableTableEditorViewModel.cs(65,34): warning CS8765: Nullability of type of parameter 'component' doesn't match overridden member (possibly because of nullability attributes). [D:\a\TestCaseEditorApp_repo2\TestCaseEditorApp_repo2\TestCaseEditorApp.csproj]
2025-12-02T17:01:44.4096298Z ##[warning]D:\a\TestCaseEditorApp_repo2\TestCaseEditorApp_repo2\MVVM\Controls\EditableDataControl\MVVM\ViewModels\EditableTableEditorViewModel.cs(65,34): warning CS8765: Nullability of type of parameter 'value' doesn't match overridden member (possibly because of nullability attributes). [D:\a\TestCaseEditorApp_repo2\TestCaseEditorApp_repo2\TestCaseEditorApp.csproj]
2025-12-02T17:01:44.4100050Z ##[warning]D:\a\TestCaseEditorApp_repo2\TestCaseEditorApp_repo2\Services\Logging\FileLogger.cs(21,29): warning CS8633: Nullability in constraints for type parameter 'TState' of method 'FileLogger.BeginScope<TState>(TState)' doesn't match the constraints for type parameter 'TState' of interface method 'ILogger.BeginScope<TState>(TState)'. Consider using an explicit interface implementation instead. [D:\a\TestCaseEditorApp_repo2\TestCaseEditorApp_repo2\TestCaseEditorApp.csproj]
2025-12-02T17:01:44.4104373Z ##[warning]D:\a\TestCaseEditorApp_repo2\TestCaseEditorApp_repo2\MVVM\ViewModels\RequirementsIndexViewModel.cs(317,24): warning CS8767: Nullability of reference types in type of parameter 'x' of 'int RequirementNaturalComparer.Compare(object x, object y)' doesn't match implicitly implemented member 'int IComparer.Compare(object? x, object? y)' (possibly because of nullability attributes). [D:\a\TestCaseEditorApp_repo2\TestCaseEditorApp_repo2\TestCaseEditorApp.csproj]
2025-12-02T17:01:44.4108381Z ##[warning]D:\a\TestCaseEditorApp_repo2\TestCaseEditorApp_repo2\MVVM\ViewModels\RequirementsIndexViewModel.cs(317,24): warning CS8767: Nullability of reference types in type of parameter 'y' of 'int RequirementNaturalComparer.Compare(object x, object y)' doesn't match implicitly implemented member 'int IComparer.Compare(object? x, object? y)' (possibly because of nullability attributes). [D:\a\TestCaseEditorApp_repo2\TestCaseEditorApp_repo2\TestCaseEditorApp.csproj]
2025-12-02T17:01:44.4111253Z ##[warning]D:\a\TestCaseEditorApp_repo2\TestCaseEditorApp_repo2\MVVM\Views\EditableTableEditorWindow.xaml.cs(20,79): warning CS8625: Cannot convert null literal to non-nullable reference type. [D:\a\TestCaseEditorApp_repo2\TestCaseEditorApp_repo2\TestCaseEditorApp.csproj]
2025-12-02T17:01:44.4113399Z ##[warning]D:\a\TestCaseEditorApp_repo2\TestCaseEditorApp_repo2\MVVM\Controls\EditableDataControl\MVVM\ViewModels\EditableTableEditorViewModel.cs(72,56): warning CS8603: Possible null reference return. [D:\a\TestCaseEditorApp_repo2\TestCaseEditorApp_repo2\TestCaseEditorApp.csproj]
2025-12-02T17:01:44.4115547Z ##[warning]D:\a\TestCaseEditorApp_repo2\TestCaseEditorApp_repo2\MVVM\Controls\EditableDataControl\MVVM\ViewModels\EditableTableEditorViewModel.cs(73,60): warning CS8603: Possible null reference return. [D:\a\TestCaseEditorApp_repo2\TestCaseEditorApp_repo2\TestCaseEditorApp.csproj]
2025-12-02T17:01:44.4117705Z ##[warning]D:\a\TestCaseEditorApp_repo2\TestCaseEditorApp_repo2\MVVM\Controls\EditableDataControl\MVVM\ViewModels\EditableTableEditorViewModel.cs(75,68): warning CS8603: Possible null reference return. [D:\a\TestCaseEditorApp_repo2\TestCaseEditorApp_repo2\TestCaseEditorApp.csproj]
2025-12-02T17:01:44.4119837Z ##[warning]D:\a\TestCaseEditorApp_repo2\TestCaseEditorApp_repo2\MVVM\Controls\EditableDataControl\MVVM\ViewModels\EditableTableEditorViewModel.cs(76,74): warning CS8603: Possible null reference return. [D:\a\TestCaseEditorApp_repo2\TestCaseEditorApp_repo2\TestCaseEditorApp.csproj]
2025-12-02T17:01:44.4122520Z ##[warning]D:\a\TestCaseEditorApp_repo2\TestCaseEditorApp_repo2\MVVM\Controls\EditableDataControl\MVVM\ViewModels\EditableTableEditorViewModel.cs(77,72): warning CS8603: Possible null reference return. [D:\a\TestCaseEditorApp_repo2\TestCaseEditorApp_repo2\TestCaseEditorApp.csproj]
2025-12-02T17:01:44.4125150Z ##[warning]D:\a\TestCaseEditorApp_repo2\TestCaseEditorApp_repo2\Services\WorkspaceService.cs(104,72): warning CS8604: Possible null reference argument for parameter 's' in 'byte[] Encoding.GetBytes(string s)'. [D:\a\TestCaseEditorApp_repo2\TestCaseEditorApp_repo2\TestCaseEditorApp.csproj]
2025-12-02T17:01:44.4127546Z ##[warning]D:\a\TestCaseEditorApp_repo2\TestCaseEditorApp_repo2\Services\WorkspaceService.cs(177,72): warning CS8604: Possible null reference argument for parameter 's' in 'byte[] Encoding.GetBytes(string s)'. [D:\a\TestCaseEditorApp_repo2\TestCaseEditorApp_repo2\TestCaseEditorApp.csproj]
2025-12-02T17:01:44.4129813Z ##[warning]D:\a\TestCaseEditorApp_repo2\TestCaseEditorApp_repo2\Services\WorkspaceService.cs(306,80): warning CS8604: Possible null reference argument for parameter 's' in 'byte[] Encoding.GetBytes(string s)'. [D:\a\TestCaseEditorApp_repo2\TestCaseEditorApp_repo2\TestCaseEditorApp.csproj]
2025-12-02T17:01:44.4131834Z ##[warning]D:\a\TestCaseEditorApp_repo2\TestCaseEditorApp_repo2\Converters\SectionSelectedConverter.cs(30,24): warning CS8603: Possible null reference return. [D:\a\TestCaseEditorApp_repo2\TestCaseEditorApp_repo2\TestCaseEditorApp.csproj]
2025-12-02T17:01:44.4133870Z ##[warning]D:\a\TestCaseEditorApp_repo2\TestCaseEditorApp_repo2\MVVM\Controls\EditableDataControl\Controls\DebugCellMenu.cs(146,25): warning CS8602: Dereference of a possibly null reference. [D:\a\TestCaseEditorApp_repo2\TestCaseEditorApp_repo2\TestCaseEditorApp.csproj]
2025-12-02T17:01:44.4135949Z ##[warning]D:\a\TestCaseEditorApp_repo2\TestCaseEditorApp_repo2\MVVM\Controls\EditableDataControl\Controls\DebugCellMenu.cs(155,25): warning CS8602: Dereference of a possibly null reference. [D:\a\TestCaseEditorApp_repo2\TestCaseEditorApp_repo2\TestCaseEditorApp.csproj]
2025-12-02T17:01:44.4139006Z ##[warning]D:\a\TestCaseEditorApp_repo2\TestCaseEditorApp_repo2\Services\RequirementService.cs(409,47): warning CS8619: Nullability of reference types in value of type 'List<string?>' doesn't match target type 'List<string>'. [D:\a\TestCaseEditorApp_repo2\TestCaseEditorApp_repo2\TestCaseEditorApp.csproj]
2025-12-02T17:01:44.4141633Z ##[warning]D:\a\TestCaseEditorApp_repo2\TestCaseEditorApp_repo2\Helpers\DataGridColumnsBinder.cs(77,40): warning CS8625: Cannot convert null literal to non-nullable reference type. [D:\a\TestCaseEditorApp_repo2\TestCaseEditorApp_repo2\TestCaseEditorApp.csproj]
2025-12-02T17:01:44.4144505Z ##[warning]D:\a\TestCaseEditorApp_repo2\TestCaseEditorApp_repo2\MVVM\Views\SupplementalInfoEditorWindow.xaml.cs(14,16): warning CS8618: Non-nullable property 'ResultItems' must contain a non-null value when exiting constructor. Consider adding the 'required' modifier or declaring the property as nullable. [D:\a\TestCaseEditorApp_repo2\TestCaseEditorApp_repo2\TestCaseEditorApp.csproj]
2025-12-02T17:01:44.4146948Z ##[warning]D:\a\TestCaseEditorApp_repo2\TestCaseEditorApp_repo2\MVVM\Controls\DropDownManager.cs(22,51): warning CS8625: Cannot convert null literal to non-nullable reference type. [D:\a\TestCaseEditorApp_repo2\TestCaseEditorApp_repo2\TestCaseEditorApp.csproj]
2025-12-02T17:01:44.4148969Z ##[warning]D:\a\TestCaseEditorApp_repo2\TestCaseEditorApp_repo2\MVVM\Controls\DropDownManager.cs(30,30): warning CS8625: Cannot convert null literal to non-nullable reference type. [D:\a\TestCaseEditorApp_repo2\TestCaseEditorApp_repo2\TestCaseEditorApp.csproj]
2025-12-02T17:01:44.4151631Z ##[warning]D:\a\TestCaseEditorApp_repo2\TestCaseEditorApp_repo2\MVVM\Controls\DropDownManager.cs(8,30): warning CS8618: Non-nullable field '_openPopup' must contain a non-null value when exiting constructor. Consider adding the 'required' modifier or declaring the field as nullable. [D:\a\TestCaseEditorApp_repo2\TestCaseEditorApp_repo2\TestCaseEditorApp.csproj]
2025-12-02T17:01:44.4154003Z ##[warning]D:\a\TestCaseEditorApp_repo2\TestCaseEditorApp_repo2\Services\RequirementService.cs(603,30): warning CS8601: Possible null reference assignment. [D:\a\TestCaseEditorApp_repo2\TestCaseEditorApp_repo2\TestCaseEditorApp.csproj]
2025-12-02T17:01:44.4156602Z ##[warning]D:\a\TestCaseEditorApp_repo2\TestCaseEditorApp_repo2\Import\JamaImportInspection.cs(66,38): warning CS8604: Possible null reference argument for parameter 'r' in 'string JamaImportInspection.SafeReflect(Requirement r, string propName)'. [D:\a\TestCaseEditorApp_repo2\TestCaseEditorApp_repo2\TestCaseEditorApp.csproj]
2025-12-02T17:01:44.4159775Z ##[warning]D:\a\TestCaseEditorApp_repo2\TestCaseEditorApp_repo2\MVVM\ViewModels\AppViewModel.cs(17,16): warning CS8618: Non-nullable property 'TestCaseGeneratorSteps' must contain a non-null value when exiting constructor. Consider adding the 'required' modifier or declaring the property as nullable. [D:\a\TestCaseEditorApp_repo2\TestCaseEditorApp_repo2\TestCaseEditorApp.csproj]
2025-12-02T17:01:44.4163475Z ##[warning]D:\a\TestCaseEditorApp_repo2\TestCaseEditorApp_repo2\MVVM\ViewModels\AppViewModel.cs(17,16): warning CS8618: Non-nullable property 'RepairSteps' must contain a non-null value when exiting constructor. Consider adding the 'required' modifier or declaring the property as nullable. [D:\a\TestCaseEditorApp_repo2\TestCaseEditorApp_repo2\TestCaseEditorApp.csproj]
2025-12-02T17:01:44.4166466Z ##[warning]D:\a\TestCaseEditorApp_repo2\TestCaseEditorApp_repo2\MVVM\ViewModels\AppViewModel.cs(17,16): warning CS8618: Non-nullable property 'ReportsSteps' must contain a non-null value when exiting constructor. Consider adding the 'required' modifier or declaring the property as nullable. [D:\a\TestCaseEditorApp_repo2\TestCaseEditorApp_repo2\TestCaseEditorApp.csproj]
2025-12-02T17:01:44.4169471Z ##[warning]D:\a\TestCaseEditorApp_repo2\TestCaseEditorApp_repo2\MVVM\ViewModels\AppViewModel.cs(17,16): warning CS8618: Non-nullable property 'GeneralSteps' must contain a non-null value when exiting constructor. Consider adding the 'required' modifier or declaring the property as nullable. [D:\a\TestCaseEditorApp_repo2\TestCaseEditorApp_repo2\TestCaseEditorApp.csproj]
2025-12-02T17:01:44.4172611Z ##[warning]D:\a\TestCaseEditorApp_repo2\TestCaseEditorApp_repo2\MVVM\ViewModels\AppViewModel.cs(17,16): warning CS8618: Non-nullable property 'QuickLinksSteps' must contain a non-null value when exiting constructor. Consider adding the 'required' modifier or declaring the property as nullable. [D:\a\TestCaseEditorApp_repo2\TestCaseEditorApp_repo2\TestCaseEditorApp.csproj]
2025-12-02T17:01:44.4175515Z ##[warning]D:\a\TestCaseEditorApp_repo2\TestCaseEditorApp_repo2\Prompts\RequirementAnalysisPromptBuilder.cs(153,73): warning CS8604: Possible null reference argument for parameter 'values' in 'string string.Join(string? separator, IEnumerable<string?> values)'. [D:\a\TestCaseEditorApp_repo2\TestCaseEditorApp_repo2\TestCaseEditorApp.csproj]
2025-12-02T17:01:44.4177684Z ##[warning]D:\a\TestCaseEditorApp_repo2\TestCaseEditorApp_repo2\MVVM\Views\MainWindow.xaml.cs(217,45): warning CS8602: Dereference of a possibly null reference. [D:\a\TestCaseEditorApp_repo2\TestCaseEditorApp_repo2\TestCaseEditorApp.csproj]
2025-12-02T17:01:44.4179559Z ##[warning]D:\a\TestCaseEditorApp_repo2\TestCaseEditorApp_repo2\MVVM\ViewModels\LooseTableViewModel.cs(92,46): warning CS8603: Possible null reference return. [D:\a\TestCaseEditorApp_repo2\TestCaseEditorApp_repo2\TestCaseEditorApp.csproj]
2025-12-02T17:01:44.4182921Z ##[warning]D:\a\TestCaseEditorApp_repo2\TestCaseEditorApp_repo2\MVVM\ViewModels\LooseTableViewModel.cs(155,121): warning CS8604: Possible null reference argument for parameter 'cols' in 'string LooseTableViewModel.SnapshotHash(ObservableCollection<ColumnDefinitionModel> cols, ObservableCollection<TableRowModel> rows)'. [D:\a\TestCaseEditorApp_repo2\TestCaseEditorApp_repo2\TestCaseEditorApp.csproj]
2025-12-02T17:01:44.4186373Z ##[warning]D:\a\TestCaseEditorApp_repo2\TestCaseEditorApp_repo2\MVVM\ViewModels\LooseTableViewModel.cs(155,130): warning CS8604: Possible null reference argument for parameter 'rows' in 'string LooseTableViewModel.SnapshotHash(ObservableCollection<ColumnDefinitionModel> cols, ObservableCollection<TableRowModel> rows)'. [D:\a\TestCaseEditorApp_repo2\TestCaseEditorApp_repo2\TestCaseEditorApp.csproj]
2025-12-02T17:01:44.4189040Z ##[warning]D:\a\TestCaseEditorApp_repo2\TestCaseEditorApp_repo2\MVVM\ViewModels\MainViewModelDesignStub.cs(46,111): warning CS8625: Cannot convert null literal to non-nullable reference type. [D:\a\TestCaseEditorApp_repo2\TestCaseEditorApp_repo2\TestCaseEditorApp.csproj]
2025-12-02T17:01:44.4191250Z ##[warning]D:\a\TestCaseEditorApp_repo2\TestCaseEditorApp_repo2\MVVM\Views\EditableTableEditorWindow.xaml.cs(202,32): warning CS8600: Converting null literal or possible null value to non-nullable type. [D:\a\TestCaseEditorApp_repo2\TestCaseEditorApp_repo2\TestCaseEditorApp.csproj]
2025-12-02T17:01:44.4193218Z ##[warning]D:\a\TestCaseEditorApp_repo2\TestCaseEditorApp_repo2\MVVM\Models\Requirement.cs(272,20): warning CS8603: Possible null reference return. [D:\a\TestCaseEditorApp_repo2\TestCaseEditorApp_repo2\TestCaseEditorApp.csproj]
2025-12-02T17:01:44.4195114Z ##[warning]D:\a\TestCaseEditorApp_repo2\TestCaseEditorApp_repo2\MVVM\ViewModels\TestCaseGenerator_VM.cs(101,34): warning CS8602: Dereference of a possibly null reference. [D:\a\TestCaseEditorApp_repo2\TestCaseEditorApp_repo2\TestCaseEditorApp.csproj]
2025-12-02T17:01:44.4197760Z ##[warning]D:\a\TestCaseEditorApp_repo2\TestCaseEditorApp_repo2\MVVM\ViewModels\MainViewModel.cs(394,16): warning CS8618: Non-nullable field '_persistence' must contain a non-null value when exiting constructor. Consider adding the 'required' modifier or declaring the field as nullable. [D:\a\TestCaseEditorApp_repo2\TestCaseEditorApp_repo2\TestCaseEditorApp.csproj]
2025-12-02T17:01:44.4200061Z ##[warning]D:\a\TestCaseEditorApp_repo2\TestCaseEditorApp_repo2\MVVM\Utils\ClarifyingParsingHelpers.cs(495,35): warning CS8602: Dereference of a possibly null reference. [D:\a\TestCaseEditorApp_repo2\TestCaseEditorApp_repo2\TestCaseEditorApp.csproj]
2025-12-02T17:01:44.4202529Z ##[warning]D:\a\TestCaseEditorApp_repo2\TestCaseEditorApp_repo2\MVVM\ViewModels\TableItemViewModel.cs(247,46): warning CS8603: Possible null reference return. [D:\a\TestCaseEditorApp_repo2\TestCaseEditorApp_repo2\TestCaseEditorApp.csproj]
2025-12-02T17:01:44.4204872Z ##[warning]D:\a\TestCaseEditorApp_repo2\TestCaseEditorApp_repo2\MVVM\ViewModels\TestCaseGenerator_AssumptionsVM.cs(305,35): warning CS0618: 'TestCaseGenerator_AssumptionsVM.SuggestedDefaults' is obsolete: 'Use AllPills instead' [D:\a\TestCaseEditorApp_repo2\TestCaseEditorApp_repo2\TestCaseEditorApp.csproj]
2025-12-02T17:01:44.4207381Z ##[warning]D:\a\TestCaseEditorApp_repo2\TestCaseEditorApp_repo2\MVVM\ViewModels\TestCaseGenerator_AssumptionsVM.cs(310,34): warning CS0618: 'TestCaseGenerator_AssumptionsVM.SuggestedDefaults' is obsolete: 'Use AllPills instead' [D:\a\TestCaseEditorApp_repo2\TestCaseEditorApp_repo2\TestCaseEditorApp.csproj]
2025-12-02T17:01:44.4209974Z ##[warning]D:\a\TestCaseEditorApp_repo2\TestCaseEditorApp_repo2\MVVM\ViewModels\TestCaseGenerator_AssumptionsVM.cs(312,41): warning CS0612: 'TestCaseGenerator_AssumptionsVM.OnDefaultItemChanged(object?, PropertyChangedEventArgs)' is obsolete [D:\a\TestCaseEditorApp_repo2\TestCaseEditorApp_repo2\TestCaseEditorApp.csproj]
2025-12-02T17:01:44.4212483Z ##[warning]D:\a\TestCaseEditorApp_repo2\TestCaseEditorApp_repo2\MVVM\ViewModels\TestCaseGenerator_AssumptionsVM.cs(318,38): warning CS0618: 'TestCaseGenerator_AssumptionsVM.SuggestedDefaults' is obsolete: 'Use AllPills instead' [D:\a\TestCaseEditorApp_repo2\TestCaseEditorApp_repo2\TestCaseEditorApp.csproj]
2025-12-02T17:01:44.4214914Z ##[warning]D:\a\TestCaseEditorApp_repo2\TestCaseEditorApp_repo2\MVVM\ViewModels\TestCaseGenerator_AssumptionsVM.cs(328,42): warning CS0618: 'TestCaseGenerator_AssumptionsVM.SuggestedDefaults' is obsolete: 'Use AllPills instead' [D:\a\TestCaseEditorApp_repo2\TestCaseEditorApp_repo2\TestCaseEditorApp.csproj]
2025-12-02T17:01:44.4217331Z ##[warning]D:\a\TestCaseEditorApp_repo2\TestCaseEditorApp_repo2\MVVM\ViewModels\TestCaseGenerator_AssumptionsVM.cs(419,34): warning CS0618: 'TestCaseGenerator_AssumptionsVM.SuggestedDefaults' is obsolete: 'Use AllPills instead' [D:\a\TestCaseEditorApp_repo2\TestCaseEditorApp_repo2\TestCaseEditorApp.csproj]
2025-12-02T17:01:44.4220304Z ##[warning]D:\a\TestCaseEditorApp_repo2\TestCaseEditorApp_repo2\MVVM\ViewModels\TestCaseGenerator_AssumptionsVM.cs(436,38): warning CS0618: 'TestCaseGenerator_AssumptionsVM.SuggestedDefaults' is obsolete: 'Use AllPills instead' [D:\a\TestCaseEditorApp_repo2\TestCaseEditorApp_repo2\TestCaseEditorApp.csproj]
2025-12-02T17:01:44.4222988Z ##[warning]D:\a\TestCaseEditorApp_repo2\TestCaseEditorApp_repo2\MVVM\ViewModels\TestCaseGenerator_AssumptionsVM.cs(438,45): warning CS0612: 'TestCaseGenerator_AssumptionsVM.OnDefaultItemChanged(object?, PropertyChangedEventArgs)' is obsolete [D:\a\TestCaseEditorApp_repo2\TestCaseEditorApp_repo2\TestCaseEditorApp.csproj]
2025-12-02T17:01:44.4226000Z ##[warning]D:\a\TestCaseEditorApp_repo2\TestCaseEditorApp_repo2\MVVM\ViewModels\TestCaseGenerator_AssumptionsVM.cs(439,45): warning CS0612: 'TestCaseGenerator_AssumptionsVM.OnDefaultItemChanged(object?, PropertyChangedEventArgs)' is obsolete [D:\a\TestCaseEditorApp_repo2\TestCaseEditorApp_repo2\TestCaseEditorApp.csproj]
2025-12-02T17:01:44.4228518Z ##[warning]D:\a\TestCaseEditorApp_repo2\TestCaseEditorApp_repo2\MVVM\ViewModels\TestCaseGenerator_AssumptionsVM.cs(457,17): warning CS0618: 'TestCaseGenerator_AssumptionsVM.SuggestedDefaults' is obsolete: 'Use AllPills instead' [D:\a\TestCaseEditorApp_repo2\TestCaseEditorApp_repo2\TestCaseEditorApp.csproj]
2025-12-02T17:01:44.4230972Z ##[warning]D:\a\TestCaseEditorApp_repo2\TestCaseEditorApp_repo2\MVVM\ViewModels\TestCaseGenerator_AssumptionsVM.cs(462,25): warning CS0618: 'TestCaseGenerator_AssumptionsVM.SuggestedDefaults' is obsolete: 'Use AllPills instead' [D:\a\TestCaseEditorApp_repo2\TestCaseEditorApp_repo2\TestCaseEditorApp.csproj]
2025-12-02T17:01:44.4233538Z ##[warning]D:\a\TestCaseEditorApp_repo2\TestCaseEditorApp_repo2\MVVM\ViewModels\TestCaseGenerator_AssumptionsVM.cs(476,40): warning CS0618: 'TestCaseGenerator_AssumptionsVM.SuggestedDefaults' is obsolete: 'Use AllPills instead' [D:\a\TestCaseEditorApp_repo2\TestCaseEditorApp_repo2\TestCaseEditorApp.csproj]
2025-12-02T17:01:44.4236005Z ##[warning]D:\a\TestCaseEditorApp_repo2\TestCaseEditorApp_repo2\MVVM\ViewModels\TestCaseGenerator_AssumptionsVM.cs(587,34): warning CS0618: 'TestCaseGenerator_AssumptionsVM.SuggestedDefaults' is obsolete: 'Use AllPills instead' [D:\a\TestCaseEditorApp_repo2\TestCaseEditorApp_repo2\TestCaseEditorApp.csproj]
2025-12-02T17:01:44.4238446Z ##[warning]D:\a\TestCaseEditorApp_repo2\TestCaseEditorApp_repo2\MVVM\ViewModels\TestCaseGenerator_AssumptionsVM.cs(613,34): warning CS0618: 'TestCaseGenerator_AssumptionsVM.SuggestedDefaults' is obsolete: 'Use AllPills instead' [D:\a\TestCaseEditorApp_repo2\TestCaseEditorApp_repo2\TestCaseEditorApp.csproj]
2025-12-02T17:01:44.4241051Z ##[warning]D:\a\TestCaseEditorApp_repo2\TestCaseEditorApp_repo2\MVVM\ViewModels\TestCaseGenerator_AssumptionsVM.cs(615,41): warning CS0612: 'TestCaseGenerator_AssumptionsVM.OnDefaultItemChanged(object?, PropertyChangedEventArgs)' is obsolete [D:\a\TestCaseEditorApp_repo2\TestCaseEditorApp_repo2\TestCaseEditorApp.csproj]
2025-12-02T17:01:44.4243254Z ##[warning]D:\a\TestCaseEditorApp_repo2\TestCaseEditorApp_repo2\MVVM\ViewModels\TestCaseGenerator_CoreVM.cs(285,39): warning CS8602: Dereference of a possibly null reference. [D:\a\TestCaseEditorApp_repo2\TestCaseEditorApp_repo2\TestCaseEditorApp.csproj]
2025-12-02T17:01:44.4246562Z ##[warning]D:\a\TestCaseEditorApp_repo2\TestCaseEditorApp_repo2\MVVM\ViewModels\MainViewModel.cs(1332,27): warning CS1998: This async method lacks 'await' operators and will run synchronously. Consider using the 'await' operator to await non-blocking API calls, or 'await Task.Run(...)' to do CPU-bound work on a background thread. [D:\a\TestCaseEditorApp_repo2\TestCaseEditorApp_repo2\TestCaseEditorApp.csproj]
2025-12-02T17:01:44.4251930Z ##[warning]D:\a\TestCaseEditorApp_repo2\TestCaseEditorApp_repo2\MVVM\ViewModels\TestCaseGenerator_QuestionsVM.cs(656,86): warning CS8604: Possible null reference argument for parameter 'llmText' in 'List<string> ClarifyingParsingHelpers.TryExtractSuggestedChipKeys(string llmText, IEnumerable<DefaultItem>? suggestedDefaultsCatalog = null)'. [D:\a\TestCaseEditorApp_repo2\TestCaseEditorApp_repo2\TestCaseEditorApp.csproj]
2025-12-02T17:01:44.4255410Z ##[warning]D:\a\TestCaseEditorApp_repo2\TestCaseEditorApp_repo2\MVVM\ViewModels\MainViewModel.cs(1505,28): warning CS1998: This async method lacks 'await' operators and will run synchronously. Consider using the 'await' operator to await non-blocking API calls, or 'await Task.Run(...)' to do CPU-bound work on a background thread. [D:\a\TestCaseEditorApp_repo2\TestCaseEditorApp_repo2\TestCaseEditorApp.csproj]
2025-12-02T17:01:44.4258732Z ##[warning]D:\a\TestCaseEditorApp_repo2\TestCaseEditorApp_repo2\MVVM\ViewModels\TestCaseGenerator_QuestionsVM.cs(1027,28): warning CS1998: This async method lacks 'await' operators and will run synchronously. Consider using the 'await' operator to await non-blocking API calls, or 'await Task.Run(...)' to do CPU-bound work on a background thread. [D:\a\TestCaseEditorApp_repo2\TestCaseEditorApp_repo2\TestCaseEditorApp.csproj]
2025-12-02T17:01:44.4263249Z ##[warning]D:\a\TestCaseEditorApp_repo2\TestCaseEditorApp_repo2\MVVM\ViewModels\TestCaseGenerator_QuestionsVM.cs(1221,28): warning CS1998: This async method lacks 'await' operators and will run synchronously. Consider using the 'await' operator to await non-blocking API calls, or 'await Task.Run(...)' to do CPU-bound work on a background thread. [D:\a\TestCaseEditorApp_repo2\TestCaseEditorApp_repo2\TestCaseEditorApp.csproj]
2025-12-02T17:01:44.4268131Z ##[warning]D:\a\TestCaseEditorApp_repo2\TestCaseEditorApp_repo2\MVVM\ViewModels\MainViewModel.cs(1897,36): warning CS8604: Possible null reference argument for parameter 'source' in 'List<Requirement> Enumerable.ToList<Requirement>(IEnumerable<Requirement> source)'. [D:\a\TestCaseEditorApp_repo2\TestCaseEditorApp_repo2\TestCaseEditorApp.csproj]
2025-12-02T17:01:44.4270541Z ##[warning]D:\a\TestCaseEditorApp_repo2\TestCaseEditorApp_repo2\MVVM\ViewModels\MainViewModel.cs(1959,16): warning CS8603: Possible null reference return. [D:\a\TestCaseEditorApp_repo2\TestCaseEditorApp_repo2\TestCaseEditorApp.csproj]
2025-12-02T17:01:44.4272577Z ##[warning]D:\a\TestCaseEditorApp_repo2\TestCaseEditorApp_repo2\MVVM\ViewModels\TestCaseGenerator_QuestionsVM.cs(1443,44): warning CS8602: Dereference of a possibly null reference. [D:\a\TestCaseEditorApp_repo2\TestCaseEditorApp_repo2\TestCaseEditorApp.csproj]
2025-12-02T17:01:44.4274624Z ##[warning]D:\a\TestCaseEditorApp_repo2\TestCaseEditorApp_repo2\MVVM\ViewModels\TestCaseGenerator_QuestionsVM.cs(1459,25): warning CS8602: Dereference of a possibly null reference. [D:\a\TestCaseEditorApp_repo2\TestCaseEditorApp_repo2\TestCaseEditorApp.csproj]
2025-12-02T17:01:44.4276762Z ##[warning]D:\a\TestCaseEditorApp_repo2\TestCaseEditorApp_repo2\MVVM\Views\TestCaseGenerator_View.xaml.cs(11,29): warning CS0169: The field 'TestCaseGenerator_View._tracerStoryboard' is never used [D:\a\TestCaseEditorApp_repo2\TestCaseEditorApp_repo2\TestCaseEditorApp.csproj]
2025-12-02T17:01:44.4279062Z ##[warning]D:\a\TestCaseEditorApp_repo2\TestCaseEditorApp_repo2\Import\JamaAllDataDocxParser.cs(98,29): warning CS0414: The field 'JamaAllDataDocxParser._debugCaptured' is assigned but its value is never used [D:\a\TestCaseEditorApp_repo2\TestCaseEditorApp_repo2\TestCaseEditorApp.csproj]
2025-12-02T17:01:44.4283762Z ##[warning]D:\a\TestCaseEditorApp_repo2\TestCaseEditorApp_repo2\MVVM\ViewModels\TestCaseGenerator_AnalysisVM.cs(316,40): warning MVVMTK0034: The field TestCaseEditorApp.MVVM.ViewModels.TestCaseGenerator_AnalysisVM._isAnalyzingInEditor is annotated with [ObservableProperty] and should not be directly referenced (use the generated property instead) (https://aka.ms/mvvmtoolkit/errors/mvvmtk0034) [D:\a\TestCaseEditorApp_repo2\TestCaseEditorApp_repo2\TestCaseEditorApp.csproj]
2025-12-02T17:01:44.4289664Z ##[warning]D:\a\TestCaseEditorApp_repo2\TestCaseEditorApp_repo2\MVVM\ViewModels\TestCaseGenerator_QuestionsVM.cs(635,21): warning MVVMTK0034: The field TestCaseEditorApp.MVVM.ViewModels.TestCaseGenerator_QuestionsVM.questionBudget is annotated with [ObservableProperty] and should not be directly referenced (use the generated property instead) (https://aka.ms/mvvmtoolkit/errors/mvvmtk0034) [D:\a\TestCaseEditorApp_repo2\TestCaseEditorApp_repo2\TestCaseEditorApp.csproj]
2025-12-02T17:01:44.5273826Z   TestCaseEditorApp -> D:\a\TestCaseEditorApp_repo2\TestCaseEditorApp_repo2\bin\Release\net8.0-windows\TestCaseEditorApp.dll
2025-12-02T17:01:44.5374600Z 
2025-12-02T17:01:44.5380666Z Build succeeded.
2025-12-02T17:01:44.5380952Z 
2025-12-02T17:01:44.5386626Z ##[warning]D:\a\TestCaseEditorApp_repo2\TestCaseEditorApp_repo2\MVVM\Controls\EditableDataControl\MVVM\ViewModels\EditableTableEditorViewModel.cs(52,60): warning CS8769: Nullability of reference types in type of parameter 'attributes' doesn't match implemented member 'PropertyDescriptorCollection ICustomTypeDescriptor.GetProperties(Attribute[]? attributes)' (possibly because of nullability attributes). [D:\a\TestCaseEditorApp_repo2\TestCaseEditorApp_repo2\TestCaseEditorApp_4rpy12kz_wpftmp.csproj]
2025-12-02T17:01:44.5401035Z ##[warning]D:\a\TestCaseEditorApp_repo2\TestCaseEditorApp_repo2\MVVM\Controls\EditableDataControl\MVVM\ViewModels\EditableTableEditorViewModel.cs(79,57): warning CS8769: Nullability of reference types in type of parameter 'attributes' doesn't match implemented member 'EventDescriptorCollection ICustomTypeDescriptor.GetEvents(Attribute[]? attributes)' (possibly because of nullability attributes). [D:\a\TestCaseEditorApp_repo2\TestCaseEditorApp_repo2\TestCaseEditorApp_4rpy12kz_wpftmp.csproj]
2025-12-02T17:01:44.5409473Z ##[warning]D:\a\TestCaseEditorApp_repo2\TestCaseEditorApp_repo2\MVVM\Controls\EditableDataControl\MVVM\ViewModels\EditableTableEditorViewModel.cs(80,38): warning CS8769: Nullability of reference types in type of parameter 'pd' doesn't match implemented member 'object? ICustomTypeDescriptor.GetPropertyOwner(PropertyDescriptor? pd)' (possibly because of nullability attributes). [D:\a\TestCaseEditorApp_repo2\TestCaseEditorApp_repo2\TestCaseEditorApp_4rpy12kz_wpftmp.csproj]
2025-12-02T17:01:44.5416269Z ##[warning]D:\a\TestCaseEditorApp_repo2\TestCaseEditorApp_repo2\MVVM\Controls\EditableDataControl\MVVM\ViewModels\EditableTableEditorViewModel.cs(63,36): warning CS8765: Nullability of type of parameter 'component' doesn't match overridden member (possibly because of nullability attributes). [D:\a\TestCaseEditorApp_repo2\TestCaseEditorApp_repo2\TestCaseEditorApp_4rpy12kz_wpftmp.csproj]
2025-12-02T17:01:44.5422477Z ##[warning]D:\a\TestCaseEditorApp_repo2\TestCaseEditorApp_repo2\MVVM\Controls\EditableDataControl\MVVM\ViewModels\EditableTableEditorViewModel.cs(65,34): warning CS8765: Nullability of type of parameter 'component' doesn't match overridden member (possibly because of nullability attributes). [D:\a\TestCaseEditorApp_repo2\TestCaseEditorApp_repo2\TestCaseEditorApp_4rpy12kz_wpftmp.csproj]
2025-12-02T17:01:44.5429383Z ##[warning]D:\a\TestCaseEditorApp_repo2\TestCaseEditorApp_repo2\MVVM\Controls\EditableDataControl\MVVM\ViewModels\EditableTableEditorViewModel.cs(65,34): warning CS8765: Nullability of type of parameter 'value' doesn't match overridden member (possibly because of nullability attributes). [D:\a\TestCaseEditorApp_repo2\TestCaseEditorApp_repo2\TestCaseEditorApp_4rpy12kz_wpftmp.csproj]
2025-12-02T17:01:44.5437364Z ##[warning]D:\a\TestCaseEditorApp_repo2\TestCaseEditorApp_repo2\Services\Logging\FileLogger.cs(21,29): warning CS8633: Nullability in constraints for type parameter 'TState' of method 'FileLogger.BeginScope<TState>(TState)' doesn't match the constraints for type parameter 'TState' of interface method 'ILogger.BeginScope<TState>(TState)'. Consider using an explicit interface implementation instead. [D:\a\TestCaseEditorApp_repo2\TestCaseEditorApp_repo2\TestCaseEditorApp_4rpy12kz_wpftmp.csproj]
2025-12-02T17:01:44.5444537Z ##[warning]D:\a\TestCaseEditorApp_repo2\TestCaseEditorApp_repo2\MVVM\Views\EditableTableEditorWindow.xaml.cs(20,79): warning CS8625: Cannot convert null literal to non-nullable reference type. [D:\a\TestCaseEditorApp_repo2\TestCaseEditorApp_repo2\TestCaseEditorApp_4rpy12kz_wpftmp.csproj]
2025-12-02T17:01:44.5450917Z ##[warning]D:\a\TestCaseEditorApp_repo2\TestCaseEditorApp_repo2\MVVM\ViewModels\RequirementsIndexViewModel.cs(317,24): warning CS8767: Nullability of reference types in type of parameter 'x' of 'int RequirementNaturalComparer.Compare(object x, object y)' doesn't match implicitly implemented member 'int IComparer.Compare(object? x, object? y)' (possibly because of nullability attributes). [D:\a\TestCaseEditorApp_repo2\TestCaseEditorApp_repo2\TestCaseEditorApp_4rpy12kz_wpftmp.csproj]
2025-12-02T17:01:44.5458466Z ##[warning]D:\a\TestCaseEditorApp_repo2\TestCaseEditorApp_repo2\MVVM\ViewModels\RequirementsIndexViewModel.cs(317,24): warning CS8767: Nullability of reference types in type of parameter 'y' of 'int RequirementNaturalComparer.Compare(object x, object y)' doesn't match implicitly implemented member 'int IComparer.Compare(object? x, object? y)' (possibly because of nullability attributes). [D:\a\TestCaseEditorApp_repo2\TestCaseEditorApp_repo2\TestCaseEditorApp_4rpy12kz_wpftmp.csproj]
2025-12-02T17:01:44.5464070Z ##[warning]D:\a\TestCaseEditorApp_repo2\TestCaseEditorApp_repo2\Converters\SectionSelectedConverter.cs(30,24): warning CS8603: Possible null reference return. [D:\a\TestCaseEditorApp_repo2\TestCaseEditorApp_repo2\TestCaseEditorApp_4rpy12kz_wpftmp.csproj]
2025-12-02T17:01:44.5469621Z ##[warning]D:\a\TestCaseEditorApp_repo2\TestCaseEditorApp_repo2\MVVM\Views\SupplementalInfoEditorWindow.xaml.cs(14,16): warning CS8618: Non-nullable property 'ResultItems' must contain a non-null value when exiting constructor. Consider adding the 'required' modifier or declaring the property as nullable. [D:\a\TestCaseEditorApp_repo2\TestCaseEditorApp_repo2\TestCaseEditorApp_4rpy12kz_wpftmp.csproj]
2025-12-02T17:01:44.5475000Z ##[warning]D:\a\TestCaseEditorApp_repo2\TestCaseEditorApp_repo2\MVVM\Controls\EditableDataControl\MVVM\ViewModels\EditableTableEditorViewModel.cs(72,56): warning CS8603: Possible null reference return. [D:\a\TestCaseEditorApp_repo2\TestCaseEditorApp_repo2\TestCaseEditorApp_4rpy12kz_wpftmp.csproj]
2025-12-02T17:01:44.5479921Z ##[warning]D:\a\TestCaseEditorApp_repo2\TestCaseEditorApp_repo2\MVVM\Controls\EditableDataControl\MVVM\ViewModels\EditableTableEditorViewModel.cs(73,60): warning CS8603: Possible null reference return. [D:\a\TestCaseEditorApp_repo2\TestCaseEditorApp_repo2\TestCaseEditorApp_4rpy12kz_wpftmp.csproj]
2025-12-02T17:01:44.5484422Z ##[warning]D:\a\TestCaseEditorApp_repo2\TestCaseEditorApp_repo2\MVVM\Controls\EditableDataControl\MVVM\ViewModels\EditableTableEditorViewModel.cs(75,68): warning CS8603: Possible null reference return. [D:\a\TestCaseEditorApp_repo2\TestCaseEditorApp_repo2\TestCaseEditorApp_4rpy12kz_wpftmp.csproj]
2025-12-02T17:01:44.5488908Z ##[warning]D:\a\TestCaseEditorApp_repo2\TestCaseEditorApp_repo2\MVVM\Controls\EditableDataControl\MVVM\ViewModels\EditableTableEditorViewModel.cs(76,74): warning CS8603: Possible null reference return. [D:\a\TestCaseEditorApp_repo2\TestCaseEditorApp_repo2\TestCaseEditorApp_4rpy12kz_wpftmp.csproj]
2025-12-02T17:01:44.5493180Z ##[warning]D:\a\TestCaseEditorApp_repo2\TestCaseEditorApp_repo2\MVVM\Controls\EditableDataControl\MVVM\ViewModels\EditableTableEditorViewModel.cs(77,72): warning CS8603: Possible null reference return. [D:\a\TestCaseEditorApp_repo2\TestCaseEditorApp_repo2\TestCaseEditorApp_4rpy12kz_wpftmp.csproj]
2025-12-02T17:01:44.5497754Z ##[warning]D:\a\TestCaseEditorApp_repo2\TestCaseEditorApp_repo2\Services\WorkspaceService.cs(104,72): warning CS8604: Possible null reference argument for parameter 's' in 'byte[] Encoding.GetBytes(string s)'. [D:\a\TestCaseEditorApp_repo2\TestCaseEditorApp_repo2\TestCaseEditorApp_4rpy12kz_wpftmp.csproj]
2025-12-02T17:01:44.5503834Z ##[warning]D:\a\TestCaseEditorApp_repo2\TestCaseEditorApp_repo2\Services\WorkspaceService.cs(177,72): warning CS8604: Possible null reference argument for parameter 's' in 'byte[] Encoding.GetBytes(string s)'. [D:\a\TestCaseEditorApp_repo2\TestCaseEditorApp_repo2\TestCaseEditorApp_4rpy12kz_wpftmp.csproj]
2025-12-02T17:01:44.5508451Z ##[warning]D:\a\TestCaseEditorApp_repo2\TestCaseEditorApp_repo2\Services\WorkspaceService.cs(306,80): warning CS8604: Possible null reference argument for parameter 's' in 'byte[] Encoding.GetBytes(string s)'. [D:\a\TestCaseEditorApp_repo2\TestCaseEditorApp_repo2\TestCaseEditorApp_4rpy12kz_wpftmp.csproj]
2025-12-02T17:01:44.5512706Z ##[warning]D:\a\TestCaseEditorApp_repo2\TestCaseEditorApp_repo2\Helpers\DataGridColumnsBinder.cs(77,40): warning CS8625: Cannot convert null literal to non-nullable reference type. [D:\a\TestCaseEditorApp_repo2\TestCaseEditorApp_repo2\TestCaseEditorApp_4rpy12kz_wpftmp.csproj]
2025-12-02T17:01:44.5516921Z ##[warning]D:\a\TestCaseEditorApp_repo2\TestCaseEditorApp_repo2\MVVM\Controls\DropDownManager.cs(22,51): warning CS8625: Cannot convert null literal to non-nullable reference type. [D:\a\TestCaseEditorApp_repo2\TestCaseEditorApp_repo2\TestCaseEditorApp_4rpy12kz_wpftmp.csproj]
2025-12-02T17:01:44.5521375Z ##[warning]D:\a\TestCaseEditorApp_repo2\TestCaseEditorApp_repo2\MVVM\Controls\DropDownManager.cs(30,30): warning CS8625: Cannot convert null literal to non-nullable reference type. [D:\a\TestCaseEditorApp_repo2\TestCaseEditorApp_repo2\TestCaseEditorApp_4rpy12kz_wpftmp.csproj]
2025-12-02T17:01:44.5526556Z ##[warning]D:\a\TestCaseEditorApp_repo2\TestCaseEditorApp_repo2\MVVM\Controls\DropDownManager.cs(8,30): warning CS8618: Non-nullable field '_openPopup' must contain a non-null value when exiting constructor. Consider adding the 'required' modifier or declaring the field as nullable. [D:\a\TestCaseEditorApp_repo2\TestCaseEditorApp_repo2\TestCaseEditorApp_4rpy12kz_wpftmp.csproj]
2025-12-02T17:01:44.5533170Z ##[warning]D:\a\TestCaseEditorApp_repo2\TestCaseEditorApp_repo2\MVVM\ViewModels\AppViewModel.cs(17,16): warning CS8618: Non-nullable property 'TestCaseGeneratorSteps' must contain a non-null value when exiting constructor. Consider adding the 'required' modifier or declaring the property as nullable. [D:\a\TestCaseEditorApp_repo2\TestCaseEditorApp_repo2\TestCaseEditorApp_4rpy12kz_wpftmp.csproj]
2025-12-02T17:01:44.5539874Z ##[warning]D:\a\TestCaseEditorApp_repo2\TestCaseEditorApp_repo2\MVVM\ViewModels\AppViewModel.cs(17,16): warning CS8618: Non-nullable property 'RepairSteps' must contain a non-null value when exiting constructor. Consider adding the 'required' modifier or declaring the property as nullable. [D:\a\TestCaseEditorApp_repo2\TestCaseEditorApp_repo2\TestCaseEditorApp_4rpy12kz_wpftmp.csproj]
2025-12-02T17:01:44.5546166Z ##[warning]D:\a\TestCaseEditorApp_repo2\TestCaseEditorApp_repo2\MVVM\ViewModels\AppViewModel.cs(17,16): warning CS8618: Non-nullable property 'ReportsSteps' must contain a non-null value when exiting constructor. Consider adding the 'required' modifier or declaring the property as nullable. [D:\a\TestCaseEditorApp_repo2\TestCaseEditorApp_repo2\TestCaseEditorApp_4rpy12kz_wpftmp.csproj]
2025-12-02T17:01:44.5552100Z ##[warning]D:\a\TestCaseEditorApp_repo2\TestCaseEditorApp_repo2\MVVM\ViewModels\AppViewModel.cs(17,16): warning CS8618: Non-nullable property 'GeneralSteps' must contain a non-null value when exiting constructor. Consider adding the 'required' modifier or declaring the property as nullable. [D:\a\TestCaseEditorApp_repo2\TestCaseEditorApp_repo2\TestCaseEditorApp_4rpy12kz_wpftmp.csproj]
2025-12-02T17:01:44.5558308Z ##[warning]D:\a\TestCaseEditorApp_repo2\TestCaseEditorApp_repo2\MVVM\ViewModels\AppViewModel.cs(17,16): warning CS8618: Non-nullable property 'QuickLinksSteps' must contain a non-null value when exiting constructor. Consider adding the 'required' modifier or declaring the property as nullable. [D:\a\TestCaseEditorApp_repo2\TestCaseEditorApp_repo2\TestCaseEditorApp_4rpy12kz_wpftmp.csproj]
2025-12-02T17:01:44.5565588Z ##[warning]D:\a\TestCaseEditorApp_repo2\TestCaseEditorApp_repo2\Import\JamaImportInspection.cs(66,38): warning CS8604: Possible null reference argument for parameter 'r' in 'string JamaImportInspection.SafeReflect(Requirement r, string propName)'. [D:\a\TestCaseEditorApp_repo2\TestCaseEditorApp_repo2\TestCaseEditorApp_4rpy12kz_wpftmp.csproj]
2025-12-02T17:01:44.5569939Z ##[warning]D:\a\TestCaseEditorApp_repo2\TestCaseEditorApp_repo2\MVVM\Views\MainWindow.xaml.cs(217,45): warning CS8602: Dereference of a possibly null reference. [D:\a\TestCaseEditorApp_repo2\TestCaseEditorApp_repo2\TestCaseEditorApp_4rpy12kz_wpftmp.csproj]
2025-12-02T17:01:44.5573490Z ##[warning]D:\a\TestCaseEditorApp_repo2\TestCaseEditorApp_repo2\MVVM\ViewModels\LooseTableViewModel.cs(92,46): warning CS8603: Possible null reference return. [D:\a\TestCaseEditorApp_repo2\TestCaseEditorApp_repo2\TestCaseEditorApp_4rpy12kz_wpftmp.csproj]
2025-12-02T17:01:44.5578844Z ##[warning]D:\a\TestCaseEditorApp_repo2\TestCaseEditorApp_repo2\MVVM\Views\EditableTableEditorWindow.xaml.cs(202,32): warning CS8600: Converting null literal or possible null value to non-nullable type. [D:\a\TestCaseEditorApp_repo2\TestCaseEditorApp_repo2\TestCaseEditorApp_4rpy12kz_wpftmp.csproj]
2025-12-02T17:01:44.5585046Z ##[warning]D:\a\TestCaseEditorApp_repo2\TestCaseEditorApp_repo2\MVVM\ViewModels\LooseTableViewModel.cs(155,121): warning CS8604: Possible null reference argument for parameter 'cols' in 'string LooseTableViewModel.SnapshotHash(ObservableCollection<ColumnDefinitionModel> cols, ObservableCollection<TableRowModel> rows)'. [D:\a\TestCaseEditorApp_repo2\TestCaseEditorApp_repo2\TestCaseEditorApp_4rpy12kz_wpftmp.csproj]
2025-12-02T17:01:44.5591788Z ##[warning]D:\a\TestCaseEditorApp_repo2\TestCaseEditorApp_repo2\MVVM\ViewModels\LooseTableViewModel.cs(155,130): warning CS8604: Possible null reference argument for parameter 'rows' in 'string LooseTableViewModel.SnapshotHash(ObservableCollection<ColumnDefinitionModel> cols, ObservableCollection<TableRowModel> rows)'. [D:\a\TestCaseEditorApp_repo2\TestCaseEditorApp_repo2\TestCaseEditorApp_4rpy12kz_wpftmp.csproj]
2025-12-02T17:01:44.5598981Z ##[warning]D:\a\TestCaseEditorApp_repo2\TestCaseEditorApp_repo2\MVVM\Models\Requirement.cs(272,20): warning CS8603: Possible null reference return. [D:\a\TestCaseEditorApp_repo2\TestCaseEditorApp_repo2\TestCaseEditorApp_4rpy12kz_wpftmp.csproj]
2025-12-02T17:01:44.5603679Z ##[warning]D:\a\TestCaseEditorApp_repo2\TestCaseEditorApp_repo2\MVVM\ViewModels\TestCaseGenerator_VM.cs(101,34): warning CS8602: Dereference of a possibly null reference. [D:\a\TestCaseEditorApp_repo2\TestCaseEditorApp_repo2\TestCaseEditorApp_4rpy12kz_wpftmp.csproj]
2025-12-02T17:01:44.5608269Z ##[warning]D:\a\TestCaseEditorApp_repo2\TestCaseEditorApp_repo2\Services\RequirementService.cs(409,47): warning CS8619: Nullability of reference types in value of type 'List<string?>' doesn't match target type 'List<string>'. [D:\a\TestCaseEditorApp_repo2\TestCaseEditorApp_repo2\TestCaseEditorApp_4rpy12kz_wpftmp.csproj]
2025-12-02T17:01:44.5612876Z ##[warning]D:\a\TestCaseEditorApp_repo2\TestCaseEditorApp_repo2\MVVM\ViewModels\MainViewModelDesignStub.cs(46,111): warning CS8625: Cannot convert null literal to non-nullable reference type. [D:\a\TestCaseEditorApp_repo2\TestCaseEditorApp_repo2\TestCaseEditorApp_4rpy12kz_wpftmp.csproj]
2025-12-02T17:01:44.5618494Z ##[warning]D:\a\TestCaseEditorApp_repo2\TestCaseEditorApp_repo2\MVVM\ViewModels\MainViewModel.cs(394,16): warning CS8618: Non-nullable field '_persistence' must contain a non-null value when exiting constructor. Consider adding the 'required' modifier or declaring the field as nullable. [D:\a\TestCaseEditorApp_repo2\TestCaseEditorApp_repo2\TestCaseEditorApp_4rpy12kz_wpftmp.csproj]
2025-12-02T17:01:44.5623734Z ##[warning]D:\a\TestCaseEditorApp_repo2\TestCaseEditorApp_repo2\MVVM\Utils\ClarifyingParsingHelpers.cs(495,35): warning CS8602: Dereference of a possibly null reference. [D:\a\TestCaseEditorApp_repo2\TestCaseEditorApp_repo2\TestCaseEditorApp_4rpy12kz_wpftmp.csproj]
2025-12-02T17:01:44.5629257Z ##[warning]D:\a\TestCaseEditorApp_repo2\TestCaseEditorApp_repo2\Prompts\RequirementAnalysisPromptBuilder.cs(153,73): warning CS8604: Possible null reference argument for parameter 'values' in 'string string.Join(string? separator, IEnumerable<string?> values)'. [D:\a\TestCaseEditorApp_repo2\TestCaseEditorApp_repo2\TestCaseEditorApp_4rpy12kz_wpftmp.csproj]
2025-12-02T17:01:44.5633557Z ##[warning]D:\a\TestCaseEditorApp_repo2\TestCaseEditorApp_repo2\Services\RequirementService.cs(603,30): warning CS8601: Possible null reference assignment. [D:\a\TestCaseEditorApp_repo2\TestCaseEditorApp_repo2\TestCaseEditorApp_4rpy12kz_wpftmp.csproj]
2025-12-02T17:01:44.5639374Z ##[warning]D:\a\TestCaseEditorApp_repo2\TestCaseEditorApp_repo2\MVVM\Controls\EditableDataControl\Controls\DebugCellMenu.cs(146,25): warning CS8602: Dereference of a possibly null reference. [D:\a\TestCaseEditorApp_repo2\TestCaseEditorApp_repo2\TestCaseEditorApp_4rpy12kz_wpftmp.csproj]
2025-12-02T17:01:44.5643675Z ##[warning]D:\a\TestCaseEditorApp_repo2\TestCaseEditorApp_repo2\MVVM\Controls\EditableDataControl\Controls\DebugCellMenu.cs(155,25): warning CS8602: Dereference of a possibly null reference. [D:\a\TestCaseEditorApp_repo2\TestCaseEditorApp_repo2\TestCaseEditorApp_4rpy12kz_wpftmp.csproj]
2025-12-02T17:01:44.5648313Z ##[warning]D:\a\TestCaseEditorApp_repo2\TestCaseEditorApp_repo2\MVVM\ViewModels\TestCaseGenerator_AssumptionsVM.cs(305,35): warning CS0618: 'TestCaseGenerator_AssumptionsVM.SuggestedDefaults' is obsolete: 'Use AllPills instead' [D:\a\TestCaseEditorApp_repo2\TestCaseEditorApp_repo2\TestCaseEditorApp_4rpy12kz_wpftmp.csproj]
2025-12-02T17:01:44.5653107Z ##[warning]D:\a\TestCaseEditorApp_repo2\TestCaseEditorApp_repo2\MVVM\ViewModels\TestCaseGenerator_AssumptionsVM.cs(310,34): warning CS0618: 'TestCaseGenerator_AssumptionsVM.SuggestedDefaults' is obsolete: 'Use AllPills instead' [D:\a\TestCaseEditorApp_repo2\TestCaseEditorApp_repo2\TestCaseEditorApp_4rpy12kz_wpftmp.csproj]
2025-12-02T17:01:44.5659101Z ##[warning]D:\a\TestCaseEditorApp_repo2\TestCaseEditorApp_repo2\MVVM\ViewModels\TestCaseGenerator_AssumptionsVM.cs(312,41): warning CS0612: 'TestCaseGenerator_AssumptionsVM.OnDefaultItemChanged(object?, PropertyChangedEventArgs)' is obsolete [D:\a\TestCaseEditorApp_repo2\TestCaseEditorApp_repo2\TestCaseEditorApp_4rpy12kz_wpftmp.csproj]
2025-12-02T17:01:44.5664423Z ##[warning]D:\a\TestCaseEditorApp_repo2\TestCaseEditorApp_repo2\MVVM\ViewModels\TestCaseGenerator_AssumptionsVM.cs(318,38): warning CS0618: 'TestCaseGenerator_AssumptionsVM.SuggestedDefaults' is obsolete: 'Use AllPills instead' [D:\a\TestCaseEditorApp_repo2\TestCaseEditorApp_repo2\TestCaseEditorApp_4rpy12kz_wpftmp.csproj]
2025-12-02T17:01:44.5669124Z ##[warning]D:\a\TestCaseEditorApp_repo2\TestCaseEditorApp_repo2\MVVM\ViewModels\TestCaseGenerator_AssumptionsVM.cs(328,42): warning CS0618: 'TestCaseGenerator_AssumptionsVM.SuggestedDefaults' is obsolete: 'Use AllPills instead' [D:\a\TestCaseEditorApp_repo2\TestCaseEditorApp_repo2\TestCaseEditorApp_4rpy12kz_wpftmp.csproj]
2025-12-02T17:01:44.5673943Z ##[warning]D:\a\TestCaseEditorApp_repo2\TestCaseEditorApp_repo2\MVVM\ViewModels\TestCaseGenerator_AssumptionsVM.cs(419,34): warning CS0618: 'TestCaseGenerator_AssumptionsVM.SuggestedDefaults' is obsolete: 'Use AllPills instead' [D:\a\TestCaseEditorApp_repo2\TestCaseEditorApp_repo2\TestCaseEditorApp_4rpy12kz_wpftmp.csproj]
2025-12-02T17:01:44.5679334Z ##[warning]D:\a\TestCaseEditorApp_repo2\TestCaseEditorApp_repo2\MVVM\ViewModels\TestCaseGenerator_AssumptionsVM.cs(436,38): warning CS0618: 'TestCaseGenerator_AssumptionsVM.SuggestedDefaults' is obsolete: 'Use AllPills instead' [D:\a\TestCaseEditorApp_repo2\TestCaseEditorApp_repo2\TestCaseEditorApp_4rpy12kz_wpftmp.csproj]
2025-12-02T17:01:44.5684514Z ##[warning]D:\a\TestCaseEditorApp_repo2\TestCaseEditorApp_repo2\MVVM\ViewModels\TestCaseGenerator_AssumptionsVM.cs(438,45): warning CS0612: 'TestCaseGenerator_AssumptionsVM.OnDefaultItemChanged(object?, PropertyChangedEventArgs)' is obsolete [D:\a\TestCaseEditorApp_repo2\TestCaseEditorApp_repo2\TestCaseEditorApp_4rpy12kz_wpftmp.csproj]
2025-12-02T17:01:44.5690077Z ##[warning]D:\a\TestCaseEditorApp_repo2\TestCaseEditorApp_repo2\MVVM\ViewModels\TestCaseGenerator_AssumptionsVM.cs(439,45): warning CS0612: 'TestCaseGenerator_AssumptionsVM.OnDefaultItemChanged(object?, PropertyChangedEventArgs)' is obsolete [D:\a\TestCaseEditorApp_repo2\TestCaseEditorApp_repo2\TestCaseEditorApp_4rpy12kz_wpftmp.csproj]
2025-12-02T17:01:44.5695112Z ##[warning]D:\a\TestCaseEditorApp_repo2\TestCaseEditorApp_repo2\MVVM\ViewModels\TestCaseGenerator_AssumptionsVM.cs(457,17): warning CS0618: 'TestCaseGenerator_AssumptionsVM.SuggestedDefaults' is obsolete: 'Use AllPills instead' [D:\a\TestCaseEditorApp_repo2\TestCaseEditorApp_repo2\TestCaseEditorApp_4rpy12kz_wpftmp.csproj]
2025-12-02T17:01:44.5700383Z ##[warning]D:\a\TestCaseEditorApp_repo2\TestCaseEditorApp_repo2\MVVM\ViewModels\TestCaseGenerator_AssumptionsVM.cs(462,25): warning CS0618: 'TestCaseGenerator_AssumptionsVM.SuggestedDefaults' is obsolete: 'Use AllPills instead' [D:\a\TestCaseEditorApp_repo2\TestCaseEditorApp_repo2\TestCaseEditorApp_4rpy12kz_wpftmp.csproj]
2025-12-02T17:01:44.5705473Z ##[warning]D:\a\TestCaseEditorApp_repo2\TestCaseEditorApp_repo2\MVVM\ViewModels\TestCaseGenerator_AssumptionsVM.cs(476,40): warning CS0618: 'TestCaseGenerator_AssumptionsVM.SuggestedDefaults' is obsolete: 'Use AllPills instead' [D:\a\TestCaseEditorApp_repo2\TestCaseEditorApp_repo2\TestCaseEditorApp_4rpy12kz_wpftmp.csproj]
2025-12-02T17:01:44.5713919Z ##[warning]D:\a\TestCaseEditorApp_repo2\TestCaseEditorApp_repo2\MVVM\ViewModels\TableItemViewModel.cs(247,46): warning CS8603: Possible null reference return. [D:\a\TestCaseEditorApp_repo2\TestCaseEditorApp_repo2\TestCaseEditorApp_4rpy12kz_wpftmp.csproj]
2025-12-02T17:01:44.5718535Z ##[warning]D:\a\TestCaseEditorApp_repo2\TestCaseEditorApp_repo2\MVVM\ViewModels\TestCaseGenerator_AssumptionsVM.cs(587,34): warning CS0618: 'TestCaseGenerator_AssumptionsVM.SuggestedDefaults' is obsolete: 'Use AllPills instead' [D:\a\TestCaseEditorApp_repo2\TestCaseEditorApp_repo2\TestCaseEditorApp_4rpy12kz_wpftmp.csproj]
2025-12-02T17:01:44.5723433Z ##[warning]D:\a\TestCaseEditorApp_repo2\TestCaseEditorApp_repo2\MVVM\ViewModels\TestCaseGenerator_AssumptionsVM.cs(613,34): warning CS0618: 'TestCaseGenerator_AssumptionsVM.SuggestedDefaults' is obsolete: 'Use AllPills instead' [D:\a\TestCaseEditorApp_repo2\TestCaseEditorApp_repo2\TestCaseEditorApp_4rpy12kz_wpftmp.csproj]
2025-12-02T17:01:44.5728217Z ##[warning]D:\a\TestCaseEditorApp_repo2\TestCaseEditorApp_repo2\MVVM\ViewModels\TestCaseGenerator_AssumptionsVM.cs(615,41): warning CS0612: 'TestCaseGenerator_AssumptionsVM.OnDefaultItemChanged(object?, PropertyChangedEventArgs)' is obsolete [D:\a\TestCaseEditorApp_repo2\TestCaseEditorApp_repo2\TestCaseEditorApp_4rpy12kz_wpftmp.csproj]
2025-12-02T17:01:44.5732408Z ##[warning]D:\a\TestCaseEditorApp_repo2\TestCaseEditorApp_repo2\MVVM\ViewModels\TestCaseGenerator_CoreVM.cs(285,39): warning CS8602: Dereference of a possibly null reference. [D:\a\TestCaseEditorApp_repo2\TestCaseEditorApp_repo2\TestCaseEditorApp_4rpy12kz_wpftmp.csproj]
2025-12-02T17:01:44.5737946Z ##[warning]D:\a\TestCaseEditorApp_repo2\TestCaseEditorApp_repo2\MVVM\ViewModels\MainViewModel.cs(1332,27): warning CS1998: This async method lacks 'await' operators and will run synchronously. Consider using the 'await' operator to await non-blocking API calls, or 'await Task.Run(...)' to do CPU-bound work on a background thread. [D:\a\TestCaseEditorApp_repo2\TestCaseEditorApp_repo2\TestCaseEditorApp_4rpy12kz_wpftmp.csproj]
2025-12-02T17:01:44.5743802Z ##[warning]D:\a\TestCaseEditorApp_repo2\TestCaseEditorApp_repo2\MVVM\ViewModels\TestCaseGenerator_QuestionsVM.cs(656,86): warning CS8604: Possible null reference argument for parameter 'llmText' in 'List<string> ClarifyingParsingHelpers.TryExtractSuggestedChipKeys(string llmText, IEnumerable<DefaultItem>? suggestedDefaultsCatalog = null)'. [D:\a\TestCaseEditorApp_repo2\TestCaseEditorApp_repo2\TestCaseEditorApp_4rpy12kz_wpftmp.csproj]
2025-12-02T17:01:44.5747636Z ##[warning]D:\a\TestCaseEditorApp_repo2\TestCaseEditorApp_repo2\MVVM\ViewModels\MainViewModel.cs(1505,28): warning CS1998: This async method lacks 'await' operators and will run synchronously. Consider using the 'await' operator to await non-blocking API calls, or 'await Task.Run(...)' to do CPU-bound work on a background thread. [D:\a\TestCaseEditorApp_repo2\TestCaseEditorApp_repo2\TestCaseEditorApp_4rpy12kz_wpftmp.csproj]
2025-12-02T17:01:44.5750985Z ##[warning]D:\a\TestCaseEditorApp_repo2\TestCaseEditorApp_repo2\MVVM\ViewModels\TestCaseGenerator_QuestionsVM.cs(1027,28): warning CS1998: This async method lacks 'await' operators and will run synchronously. Consider using the 'await' operator to await non-blocking API calls, or 'await Task.Run(...)' to do CPU-bound work on a background thread. [D:\a\TestCaseEditorApp_repo2\TestCaseEditorApp_repo2\TestCaseEditorApp_4rpy12kz_wpftmp.csproj]
2025-12-02T17:01:44.5754078Z ##[warning]D:\a\TestCaseEditorApp_repo2\TestCaseEditorApp_repo2\MVVM\ViewModels\MainViewModel.cs(1897,36): warning CS8604: Possible null reference argument for parameter 'source' in 'List<Requirement> Enumerable.ToList<Requirement>(IEnumerable<Requirement> source)'. [D:\a\TestCaseEditorApp_repo2\TestCaseEditorApp_repo2\TestCaseEditorApp_4rpy12kz_wpftmp.csproj]
2025-12-02T17:01:44.5756724Z ##[warning]D:\a\TestCaseEditorApp_repo2\TestCaseEditorApp_repo2\MVVM\ViewModels\MainViewModel.cs(1959,16): warning CS8603: Possible null reference return. [D:\a\TestCaseEditorApp_repo2\TestCaseEditorApp_repo2\TestCaseEditorApp_4rpy12kz_wpftmp.csproj]
2025-12-02T17:01:44.5759652Z ##[warning]D:\a\TestCaseEditorApp_repo2\TestCaseEditorApp_repo2\MVVM\ViewModels\TestCaseGenerator_QuestionsVM.cs(1221,28): warning CS1998: This async method lacks 'await' operators and will run synchronously. Consider using the 'await' operator to await non-blocking API calls, or 'await Task.Run(...)' to do CPU-bound work on a background thread. [D:\a\TestCaseEditorApp_repo2\TestCaseEditorApp_repo2\TestCaseEditorApp_4rpy12kz_wpftmp.csproj]
2025-12-02T17:01:44.5762242Z ##[warning]D:\a\TestCaseEditorApp_repo2\TestCaseEditorApp_repo2\MVVM\ViewModels\TestCaseGenerator_QuestionsVM.cs(1443,44): warning CS8602: Dereference of a possibly null reference. [D:\a\TestCaseEditorApp_repo2\TestCaseEditorApp_repo2\TestCaseEditorApp_4rpy12kz_wpftmp.csproj]
2025-12-02T17:01:44.5764716Z ##[warning]D:\a\TestCaseEditorApp_repo2\TestCaseEditorApp_repo2\MVVM\ViewModels\TestCaseGenerator_QuestionsVM.cs(1459,25): warning CS8602: Dereference of a possibly null reference. [D:\a\TestCaseEditorApp_repo2\TestCaseEditorApp_repo2\TestCaseEditorApp_4rpy12kz_wpftmp.csproj]
2025-12-02T17:01:44.5766937Z ##[warning]D:\a\TestCaseEditorApp_repo2\TestCaseEditorApp_repo2\MVVM\Views\TestCaseGenerator_View.xaml.cs(11,29): warning CS0169: The field 'TestCaseGenerator_View._tracerStoryboard' is never used [D:\a\TestCaseEditorApp_repo2\TestCaseEditorApp_repo2\TestCaseEditorApp_4rpy12kz_wpftmp.csproj]
2025-12-02T17:01:44.5769307Z ##[warning]D:\a\TestCaseEditorApp_repo2\TestCaseEditorApp_repo2\Import\JamaAllDataDocxParser.cs(98,29): warning CS0414: The field 'JamaAllDataDocxParser._debugCaptured' is assigned but its value is never used [D:\a\TestCaseEditorApp_repo2\TestCaseEditorApp_repo2\TestCaseEditorApp_4rpy12kz_wpftmp.csproj]
2025-12-02T17:01:44.5772496Z ##[warning]D:\a\TestCaseEditorApp_repo2\TestCaseEditorApp_repo2\MVVM\ViewModels\TestCaseGenerator_AnalysisVM.cs(316,40): warning MVVMTK0034: The field TestCaseEditorApp.MVVM.ViewModels.TestCaseGenerator_AnalysisVM._isAnalyzingInEditor is annotated with [ObservableProperty] and should not be directly referenced (use the generated property instead) (https://aka.ms/mvvmtoolkit/errors/mvvmtk0034) [D:\a\TestCaseEditorApp_repo2\TestCaseEditorApp_repo2\TestCaseEditorApp_4rpy12kz_wpftmp.csproj]
2025-12-02T17:01:44.5776593Z ##[warning]D:\a\TestCaseEditorApp_repo2\TestCaseEditorApp_repo2\MVVM\ViewModels\TestCaseGenerator_QuestionsVM.cs(635,21): warning MVVMTK0034: The field TestCaseEditorApp.MVVM.ViewModels.TestCaseGenerator_QuestionsVM.questionBudget is annotated with [ObservableProperty] and should not be directly referenced (use the generated property instead) (https://aka.ms/mvvmtoolkit/errors/mvvmtk0034) [D:\a\TestCaseEditorApp_repo2\TestCaseEditorApp_repo2\TestCaseEditorApp_4rpy12kz_wpftmp.csproj]
2025-12-02T17:01:44.5780894Z ##[warning]D:\a\TestCaseEditorApp_repo2\TestCaseEditorApp_repo2\MVVM\Controls\EditableDataControl\MVVM\ViewModels\EditableTableEditorViewModel.cs(52,60): warning CS8769: Nullability of reference types in type of parameter 'attributes' doesn't match implemented member 'PropertyDescriptorCollection ICustomTypeDescriptor.GetProperties(Attribute[]? attributes)' (possibly because of nullability attributes). [D:\a\TestCaseEditorApp_repo2\TestCaseEditorApp_repo2\TestCaseEditorApp.csproj]
2025-12-02T17:01:44.5784994Z ##[warning]D:\a\TestCaseEditorApp_repo2\TestCaseEditorApp_repo2\MVVM\Controls\EditableDataControl\MVVM\ViewModels\EditableTableEditorViewModel.cs(79,57): warning CS8769: Nullability of reference types in type of parameter 'attributes' doesn't match implemented member 'EventDescriptorCollection ICustomTypeDescriptor.GetEvents(Attribute[]? attributes)' (possibly because of nullability attributes). [D:\a\TestCaseEditorApp_repo2\TestCaseEditorApp_repo2\TestCaseEditorApp.csproj]
2025-12-02T17:01:44.5792530Z ##[warning]D:\a\TestCaseEditorApp_repo2\TestCaseEditorApp_repo2\MVVM\Controls\EditableDataControl\MVVM\ViewModels\EditableTableEditorViewModel.cs(80,38): warning CS8769: Nullability of reference types in type of parameter 'pd' doesn't match implemented member 'object? ICustomTypeDescriptor.GetPropertyOwner(PropertyDescriptor? pd)' (possibly because of nullability attributes). [D:\a\TestCaseEditorApp_repo2\TestCaseEditorApp_repo2\TestCaseEditorApp.csproj]
2025-12-02T17:01:44.5797747Z ##[warning]D:\a\TestCaseEditorApp_repo2\TestCaseEditorApp_repo2\MVVM\Controls\EditableDataControl\MVVM\ViewModels\EditableTableEditorViewModel.cs(63,36): warning CS8765: Nullability of type of parameter 'component' doesn't match overridden member (possibly because of nullability attributes). [D:\a\TestCaseEditorApp_repo2\TestCaseEditorApp_repo2\TestCaseEditorApp.csproj]
2025-12-02T17:01:44.5800949Z ##[warning]D:\a\TestCaseEditorApp_repo2\TestCaseEditorApp_repo2\MVVM\Controls\EditableDataControl\MVVM\ViewModels\EditableTableEditorViewModel.cs(65,34): warning CS8765: Nullability of type of parameter 'component' doesn't match overridden member (possibly because of nullability attributes). [D:\a\TestCaseEditorApp_repo2\TestCaseEditorApp_repo2\TestCaseEditorApp.csproj]
2025-12-02T17:01:44.5803849Z ##[warning]D:\a\TestCaseEditorApp_repo2\TestCaseEditorApp_repo2\MVVM\Controls\EditableDataControl\MVVM\ViewModels\EditableTableEditorViewModel.cs(65,34): warning CS8765: Nullability of type of parameter 'value' doesn't match overridden member (possibly because of nullability attributes). [D:\a\TestCaseEditorApp_repo2\TestCaseEditorApp_repo2\TestCaseEditorApp.csproj]
2025-12-02T17:01:44.5807546Z ##[warning]D:\a\TestCaseEditorApp_repo2\TestCaseEditorApp_repo2\Services\Logging\FileLogger.cs(21,29): warning CS8633: Nullability in constraints for type parameter 'TState' of method 'FileLogger.BeginScope<TState>(TState)' doesn't match the constraints for type parameter 'TState' of interface method 'ILogger.BeginScope<TState>(TState)'. Consider using an explicit interface implementation instead. [D:\a\TestCaseEditorApp_repo2\TestCaseEditorApp_repo2\TestCaseEditorApp.csproj]
2025-12-02T17:01:44.5811347Z ##[warning]D:\a\TestCaseEditorApp_repo2\TestCaseEditorApp_repo2\MVVM\ViewModels\RequirementsIndexViewModel.cs(317,24): warning CS8767: Nullability of reference types in type of parameter 'x' of 'int RequirementNaturalComparer.Compare(object x, object y)' doesn't match implicitly implemented member 'int IComparer.Compare(object? x, object? y)' (possibly because of nullability attributes). [D:\a\TestCaseEditorApp_repo2\TestCaseEditorApp_repo2\TestCaseEditorApp.csproj]
2025-12-02T17:01:44.5815647Z ##[warning]D:\a\TestCaseEditorApp_repo2\TestCaseEditorApp_repo2\MVVM\ViewModels\RequirementsIndexViewModel.cs(317,24): warning CS8767: Nullability of reference types in type of parameter 'y' of 'int RequirementNaturalComparer.Compare(object x, object y)' doesn't match implicitly implemented member 'int IComparer.Compare(object? x, object? y)' (possibly because of nullability attributes). [D:\a\TestCaseEditorApp_repo2\TestCaseEditorApp_repo2\TestCaseEditorApp.csproj]
2025-12-02T17:01:44.5818323Z ##[warning]D:\a\TestCaseEditorApp_repo2\TestCaseEditorApp_repo2\MVVM\Views\EditableTableEditorWindow.xaml.cs(20,79): warning CS8625: Cannot convert null literal to non-nullable reference type. [D:\a\TestCaseEditorApp_repo2\TestCaseEditorApp_repo2\TestCaseEditorApp.csproj]
2025-12-02T17:01:44.5820415Z ##[warning]D:\a\TestCaseEditorApp_repo2\TestCaseEditorApp_repo2\MVVM\Controls\EditableDataControl\MVVM\ViewModels\EditableTableEditorViewModel.cs(72,56): warning CS8603: Possible null reference return. [D:\a\TestCaseEditorApp_repo2\TestCaseEditorApp_repo2\TestCaseEditorApp.csproj]
2025-12-02T17:01:44.5822545Z ##[warning]D:\a\TestCaseEditorApp_repo2\TestCaseEditorApp_repo2\MVVM\Controls\EditableDataControl\MVVM\ViewModels\EditableTableEditorViewModel.cs(73,60): warning CS8603: Possible null reference return. [D:\a\TestCaseEditorApp_repo2\TestCaseEditorApp_repo2\TestCaseEditorApp.csproj]
2025-12-02T17:01:44.5824660Z ##[warning]D:\a\TestCaseEditorApp_repo2\TestCaseEditorApp_repo2\MVVM\Controls\EditableDataControl\MVVM\ViewModels\EditableTableEditorViewModel.cs(75,68): warning CS8603: Possible null reference return. [D:\a\TestCaseEditorApp_repo2\TestCaseEditorApp_repo2\TestCaseEditorApp.csproj]
2025-12-02T17:01:44.5826775Z ##[warning]D:\a\TestCaseEditorApp_repo2\TestCaseEditorApp_repo2\MVVM\Controls\EditableDataControl\MVVM\ViewModels\EditableTableEditorViewModel.cs(76,74): warning CS8603: Possible null reference return. [D:\a\TestCaseEditorApp_repo2\TestCaseEditorApp_repo2\TestCaseEditorApp.csproj]
2025-12-02T17:01:44.5828992Z ##[warning]D:\a\TestCaseEditorApp_repo2\TestCaseEditorApp_repo2\MVVM\Controls\EditableDataControl\MVVM\ViewModels\EditableTableEditorViewModel.cs(77,72): warning CS8603: Possible null reference return. [D:\a\TestCaseEditorApp_repo2\TestCaseEditorApp_repo2\TestCaseEditorApp.csproj]
2025-12-02T17:01:44.5831315Z ##[warning]D:\a\TestCaseEditorApp_repo2\TestCaseEditorApp_repo2\Services\WorkspaceService.cs(104,72): warning CS8604: Possible null reference argument for parameter 's' in 'byte[] Encoding.GetBytes(string s)'. [D:\a\TestCaseEditorApp_repo2\TestCaseEditorApp_repo2\TestCaseEditorApp.csproj]
2025-12-02T17:01:44.5833736Z ##[warning]D:\a\TestCaseEditorApp_repo2\TestCaseEditorApp_repo2\Services\WorkspaceService.cs(177,72): warning CS8604: Possible null reference argument for parameter 's' in 'byte[] Encoding.GetBytes(string s)'. [D:\a\TestCaseEditorApp_repo2\TestCaseEditorApp_repo2\TestCaseEditorApp.csproj]
2025-12-02T17:01:44.5836184Z ##[warning]D:\a\TestCaseEditorApp_repo2\TestCaseEditorApp_repo2\Services\WorkspaceService.cs(306,80): warning CS8604: Possible null reference argument for parameter 's' in 'byte[] Encoding.GetBytes(string s)'. [D:\a\TestCaseEditorApp_repo2\TestCaseEditorApp_repo2\TestCaseEditorApp.csproj]
2025-12-02T17:01:44.5838169Z ##[warning]D:\a\TestCaseEditorApp_repo2\TestCaseEditorApp_repo2\Converters\SectionSelectedConverter.cs(30,24): warning CS8603: Possible null reference return. [D:\a\TestCaseEditorApp_repo2\TestCaseEditorApp_repo2\TestCaseEditorApp.csproj]
2025-12-02T17:01:44.5840164Z ##[warning]D:\a\TestCaseEditorApp_repo2\TestCaseEditorApp_repo2\MVVM\Controls\EditableDataControl\Controls\DebugCellMenu.cs(146,25): warning CS8602: Dereference of a possibly null reference. [D:\a\TestCaseEditorApp_repo2\TestCaseEditorApp_repo2\TestCaseEditorApp.csproj]
2025-12-02T17:01:44.5842223Z ##[warning]D:\a\TestCaseEditorApp_repo2\TestCaseEditorApp_repo2\MVVM\Controls\EditableDataControl\Controls\DebugCellMenu.cs(155,25): warning CS8602: Dereference of a possibly null reference. [D:\a\TestCaseEditorApp_repo2\TestCaseEditorApp_repo2\TestCaseEditorApp.csproj]
2025-12-02T17:01:44.5844632Z ##[warning]D:\a\TestCaseEditorApp_repo2\TestCaseEditorApp_repo2\Services\RequirementService.cs(409,47): warning CS8619: Nullability of reference types in value of type 'List<string?>' doesn't match target type 'List<string>'. [D:\a\TestCaseEditorApp_repo2\TestCaseEditorApp_repo2\TestCaseEditorApp.csproj]
2025-12-02T17:01:44.5846780Z ##[warning]D:\a\TestCaseEditorApp_repo2\TestCaseEditorApp_repo2\Helpers\DataGridColumnsBinder.cs(77,40): warning CS8625: Cannot convert null literal to non-nullable reference type. [D:\a\TestCaseEditorApp_repo2\TestCaseEditorApp_repo2\TestCaseEditorApp.csproj]
2025-12-02T17:01:44.5849569Z ##[warning]D:\a\TestCaseEditorApp_repo2\TestCaseEditorApp_repo2\MVVM\Views\SupplementalInfoEditorWindow.xaml.cs(14,16): warning CS8618: Non-nullable property 'ResultItems' must contain a non-null value when exiting constructor. Consider adding the 'required' modifier or declaring the property as nullable. [D:\a\TestCaseEditorApp_repo2\TestCaseEditorApp_repo2\TestCaseEditorApp.csproj]
2025-12-02T17:01:44.5852005Z ##[warning]D:\a\TestCaseEditorApp_repo2\TestCaseEditorApp_repo2\MVVM\Controls\DropDownManager.cs(22,51): warning CS8625: Cannot convert null literal to non-nullable reference type. [D:\a\TestCaseEditorApp_repo2\TestCaseEditorApp_repo2\TestCaseEditorApp.csproj]
2025-12-02T17:01:44.5854174Z ##[warning]D:\a\TestCaseEditorApp_repo2\TestCaseEditorApp_repo2\MVVM\Controls\DropDownManager.cs(30,30): warning CS8625: Cannot convert null literal to non-nullable reference type. [D:\a\TestCaseEditorApp_repo2\TestCaseEditorApp_repo2\TestCaseEditorApp.csproj]
2025-12-02T17:01:44.5858431Z ##[warning]D:\a\TestCaseEditorApp_repo2\TestCaseEditorApp_repo2\MVVM\Controls\DropDownManager.cs(8,30): warning CS8618: Non-nullable field '_openPopup' must contain a non-null value when exiting constructor. Consider adding the 'required' modifier or declaring the field as nullable. [D:\a\TestCaseEditorApp_repo2\TestCaseEditorApp_repo2\TestCaseEditorApp.csproj]
2025-12-02T17:01:44.5860817Z ##[warning]D:\a\TestCaseEditorApp_repo2\TestCaseEditorApp_repo2\Services\RequirementService.cs(603,30): warning CS8601: Possible null reference assignment. [D:\a\TestCaseEditorApp_repo2\TestCaseEditorApp_repo2\TestCaseEditorApp.csproj]
2025-12-02T17:01:44.5863816Z ##[warning]D:\a\TestCaseEditorApp_repo2\TestCaseEditorApp_repo2\Import\JamaImportInspection.cs(66,38): warning CS8604: Possible null reference argument for parameter 'r' in 'string JamaImportInspection.SafeReflect(Requirement r, string propName)'. [D:\a\TestCaseEditorApp_repo2\TestCaseEditorApp_repo2\TestCaseEditorApp.csproj]
2025-12-02T17:01:44.5869448Z ##[warning]D:\a\TestCaseEditorApp_repo2\TestCaseEditorApp_repo2\MVVM\ViewModels\AppViewModel.cs(17,16): warning CS8618: Non-nullable property 'TestCaseGeneratorSteps' must contain a non-null value when exiting constructor. Consider adding the 'required' modifier or declaring the property as nullable. [D:\a\TestCaseEditorApp_repo2\TestCaseEditorApp_repo2\TestCaseEditorApp.csproj]
2025-12-02T17:01:44.5875405Z ##[warning]D:\a\TestCaseEditorApp_repo2\TestCaseEditorApp_repo2\MVVM\ViewModels\AppViewModel.cs(17,16): warning CS8618: Non-nullable property 'RepairSteps' must contain a non-null value when exiting constructor. Consider adding the 'required' modifier or declaring the property as nullable. [D:\a\TestCaseEditorApp_repo2\TestCaseEditorApp_repo2\TestCaseEditorApp.csproj]
2025-12-02T17:01:44.5881870Z ##[warning]D:\a\TestCaseEditorApp_repo2\TestCaseEditorApp_repo2\MVVM\ViewModels\AppViewModel.cs(17,16): warning CS8618: Non-nullable property 'ReportsSteps' must contain a non-null value when exiting constructor. Consider adding the 'required' modifier or declaring the property as nullable. [D:\a\TestCaseEditorApp_repo2\TestCaseEditorApp_repo2\TestCaseEditorApp.csproj]
2025-12-02T17:01:44.5888093Z ##[warning]D:\a\TestCaseEditorApp_repo2\TestCaseEditorApp_repo2\MVVM\ViewModels\AppViewModel.cs(17,16): warning CS8618: Non-nullable property 'GeneralSteps' must contain a non-null value when exiting constructor. Consider adding the 'required' modifier or declaring the property as nullable. [D:\a\TestCaseEditorApp_repo2\TestCaseEditorApp_repo2\TestCaseEditorApp.csproj]
2025-12-02T17:01:44.5894550Z ##[warning]D:\a\TestCaseEditorApp_repo2\TestCaseEditorApp_repo2\MVVM\ViewModels\AppViewModel.cs(17,16): warning CS8618: Non-nullable property 'QuickLinksSteps' must contain a non-null value when exiting constructor. Consider adding the 'required' modifier or declaring the property as nullable. [D:\a\TestCaseEditorApp_repo2\TestCaseEditorApp_repo2\TestCaseEditorApp.csproj]
2025-12-02T17:01:44.5899841Z ##[warning]D:\a\TestCaseEditorApp_repo2\TestCaseEditorApp_repo2\Prompts\RequirementAnalysisPromptBuilder.cs(153,73): warning CS8604: Possible null reference argument for parameter 'values' in 'string string.Join(string? separator, IEnumerable<string?> values)'. [D:\a\TestCaseEditorApp_repo2\TestCaseEditorApp_repo2\TestCaseEditorApp.csproj]
2025-12-02T17:01:44.5904309Z ##[warning]D:\a\TestCaseEditorApp_repo2\TestCaseEditorApp_repo2\MVVM\Views\MainWindow.xaml.cs(217,45): warning CS8602: Dereference of a possibly null reference. [D:\a\TestCaseEditorApp_repo2\TestCaseEditorApp_repo2\TestCaseEditorApp.csproj]
2025-12-02T17:01:44.5908197Z ##[warning]D:\a\TestCaseEditorApp_repo2\TestCaseEditorApp_repo2\MVVM\ViewModels\LooseTableViewModel.cs(92,46): warning CS8603: Possible null reference return. [D:\a\TestCaseEditorApp_repo2\TestCaseEditorApp_repo2\TestCaseEditorApp.csproj]
2025-12-02T17:01:44.5914592Z ##[warning]D:\a\TestCaseEditorApp_repo2\TestCaseEditorApp_repo2\MVVM\ViewModels\LooseTableViewModel.cs(155,121): warning CS8604: Possible null reference argument for parameter 'cols' in 'string LooseTableViewModel.SnapshotHash(ObservableCollection<ColumnDefinitionModel> cols, ObservableCollection<TableRowModel> rows)'. [D:\a\TestCaseEditorApp_repo2\TestCaseEditorApp_repo2\TestCaseEditorApp.csproj]
2025-12-02T17:01:44.5921073Z ##[warning]D:\a\TestCaseEditorApp_repo2\TestCaseEditorApp_repo2\MVVM\ViewModels\LooseTableViewModel.cs(155,130): warning CS8604: Possible null reference argument for parameter 'rows' in 'string LooseTableViewModel.SnapshotHash(ObservableCollection<ColumnDefinitionModel> cols, ObservableCollection<TableRowModel> rows)'. [D:\a\TestCaseEditorApp_repo2\TestCaseEditorApp_repo2\TestCaseEditorApp.csproj]
2025-12-02T17:01:44.5925811Z ##[warning]D:\a\TestCaseEditorApp_repo2\TestCaseEditorApp_repo2\MVVM\ViewModels\MainViewModelDesignStub.cs(46,111): warning CS8625: Cannot convert null literal to non-nullable reference type. [D:\a\TestCaseEditorApp_repo2\TestCaseEditorApp_repo2\TestCaseEditorApp.csproj]
2025-12-02T17:01:44.5929715Z ##[warning]D:\a\TestCaseEditorApp_repo2\TestCaseEditorApp_repo2\MVVM\Views\EditableTableEditorWindow.xaml.cs(202,32): warning CS8600: Converting null literal or possible null value to non-nullable type. [D:\a\TestCaseEditorApp_repo2\TestCaseEditorApp_repo2\TestCaseEditorApp.csproj]
2025-12-02T17:01:44.5933168Z ##[warning]D:\a\TestCaseEditorApp_repo2\TestCaseEditorApp_repo2\MVVM\Models\Requirement.cs(272,20): warning CS8603: Possible null reference return. [D:\a\TestCaseEditorApp_repo2\TestCaseEditorApp_repo2\TestCaseEditorApp.csproj]
2025-12-02T17:01:44.5936953Z ##[warning]D:\a\TestCaseEditorApp_repo2\TestCaseEditorApp_repo2\MVVM\ViewModels\TestCaseGenerator_VM.cs(101,34): warning CS8602: Dereference of a possibly null reference. [D:\a\TestCaseEditorApp_repo2\TestCaseEditorApp_repo2\TestCaseEditorApp.csproj]
2025-12-02T17:01:44.5941089Z ##[warning]D:\a\TestCaseEditorApp_repo2\TestCaseEditorApp_repo2\MVVM\ViewModels\MainViewModel.cs(394,16): warning CS8618: Non-nullable field '_persistence' must contain a non-null value when exiting constructor. Consider adding the 'required' modifier or declaring the field as nullable. [D:\a\TestCaseEditorApp_repo2\TestCaseEditorApp_repo2\TestCaseEditorApp.csproj]
2025-12-02T17:01:44.5943497Z ##[warning]D:\a\TestCaseEditorApp_repo2\TestCaseEditorApp_repo2\MVVM\Utils\ClarifyingParsingHelpers.cs(495,35): warning CS8602: Dereference of a possibly null reference. [D:\a\TestCaseEditorApp_repo2\TestCaseEditorApp_repo2\TestCaseEditorApp.csproj]
2025-12-02T17:01:44.5945594Z ##[warning]D:\a\TestCaseEditorApp_repo2\TestCaseEditorApp_repo2\MVVM\ViewModels\TableItemViewModel.cs(247,46): warning CS8603: Possible null reference return. [D:\a\TestCaseEditorApp_repo2\TestCaseEditorApp_repo2\TestCaseEditorApp.csproj]
2025-12-02T17:01:44.5947876Z ##[warning]D:\a\TestCaseEditorApp_repo2\TestCaseEditorApp_repo2\MVVM\ViewModels\TestCaseGenerator_AssumptionsVM.cs(305,35): warning CS0618: 'TestCaseGenerator_AssumptionsVM.SuggestedDefaults' is obsolete: 'Use AllPills instead' [D:\a\TestCaseEditorApp_repo2\TestCaseEditorApp_repo2\TestCaseEditorApp.csproj]
2025-12-02T17:01:44.5950351Z ##[warning]D:\a\TestCaseEditorApp_repo2\TestCaseEditorApp_repo2\MVVM\ViewModels\TestCaseGenerator_AssumptionsVM.cs(310,34): warning CS0618: 'TestCaseGenerator_AssumptionsVM.SuggestedDefaults' is obsolete: 'Use AllPills instead' [D:\a\TestCaseEditorApp_repo2\TestCaseEditorApp_repo2\TestCaseEditorApp.csproj]
2025-12-02T17:01:44.5953431Z ##[warning]D:\a\TestCaseEditorApp_repo2\TestCaseEditorApp_repo2\MVVM\ViewModels\TestCaseGenerator_AssumptionsVM.cs(312,41): warning CS0612: 'TestCaseGenerator_AssumptionsVM.OnDefaultItemChanged(object?, PropertyChangedEventArgs)' is obsolete [D:\a\TestCaseEditorApp_repo2\TestCaseEditorApp_repo2\TestCaseEditorApp.csproj]
2025-12-02T17:01:44.5955968Z ##[warning]D:\a\TestCaseEditorApp_repo2\TestCaseEditorApp_repo2\MVVM\ViewModels\TestCaseGenerator_AssumptionsVM.cs(318,38): warning CS0618: 'TestCaseGenerator_AssumptionsVM.SuggestedDefaults' is obsolete: 'Use AllPills instead' [D:\a\TestCaseEditorApp_repo2\TestCaseEditorApp_repo2\TestCaseEditorApp.csproj]
2025-12-02T17:01:44.5958387Z ##[warning]D:\a\TestCaseEditorApp_repo2\TestCaseEditorApp_repo2\MVVM\ViewModels\TestCaseGenerator_AssumptionsVM.cs(328,42): warning CS0618: 'TestCaseGenerator_AssumptionsVM.SuggestedDefaults' is obsolete: 'Use AllPills instead' [D:\a\TestCaseEditorApp_repo2\TestCaseEditorApp_repo2\TestCaseEditorApp.csproj]
2025-12-02T17:01:44.5960929Z ##[warning]D:\a\TestCaseEditorApp_repo2\TestCaseEditorApp_repo2\MVVM\ViewModels\TestCaseGenerator_AssumptionsVM.cs(419,34): warning CS0618: 'TestCaseGenerator_AssumptionsVM.SuggestedDefaults' is obsolete: 'Use AllPills instead' [D:\a\TestCaseEditorApp_repo2\TestCaseEditorApp_repo2\TestCaseEditorApp.csproj]
2025-12-02T17:01:44.5963358Z ##[warning]D:\a\TestCaseEditorApp_repo2\TestCaseEditorApp_repo2\MVVM\ViewModels\TestCaseGenerator_AssumptionsVM.cs(436,38): warning CS0618: 'TestCaseGenerator_AssumptionsVM.SuggestedDefaults' is obsolete: 'Use AllPills instead' [D:\a\TestCaseEditorApp_repo2\TestCaseEditorApp_repo2\TestCaseEditorApp.csproj]
2025-12-02T17:01:44.5965922Z ##[warning]D:\a\TestCaseEditorApp_repo2\TestCaseEditorApp_repo2\MVVM\ViewModels\TestCaseGenerator_AssumptionsVM.cs(438,45): warning CS0612: 'TestCaseGenerator_AssumptionsVM.OnDefaultItemChanged(object?, PropertyChangedEventArgs)' is obsolete [D:\a\TestCaseEditorApp_repo2\TestCaseEditorApp_repo2\TestCaseEditorApp.csproj]
2025-12-02T17:01:44.5968551Z ##[warning]D:\a\TestCaseEditorApp_repo2\TestCaseEditorApp_repo2\MVVM\ViewModels\TestCaseGenerator_AssumptionsVM.cs(439,45): warning CS0612: 'TestCaseGenerator_AssumptionsVM.OnDefaultItemChanged(object?, PropertyChangedEventArgs)' is obsolete [D:\a\TestCaseEditorApp_repo2\TestCaseEditorApp_repo2\TestCaseEditorApp.csproj]
2025-12-02T17:01:44.5971042Z ##[warning]D:\a\TestCaseEditorApp_repo2\TestCaseEditorApp_repo2\MVVM\ViewModels\TestCaseGenerator_AssumptionsVM.cs(457,17): warning CS0618: 'TestCaseGenerator_AssumptionsVM.SuggestedDefaults' is obsolete: 'Use AllPills instead' [D:\a\TestCaseEditorApp_repo2\TestCaseEditorApp_repo2\TestCaseEditorApp.csproj]
2025-12-02T17:01:44.5974052Z ##[warning]D:\a\TestCaseEditorApp_repo2\TestCaseEditorApp_repo2\MVVM\ViewModels\TestCaseGenerator_AssumptionsVM.cs(462,25): warning CS0618: 'TestCaseGenerator_AssumptionsVM.SuggestedDefaults' is obsolete: 'Use AllPills instead' [D:\a\TestCaseEditorApp_repo2\TestCaseEditorApp_repo2\TestCaseEditorApp.csproj]
2025-12-02T17:01:44.5976638Z ##[warning]D:\a\TestCaseEditorApp_repo2\TestCaseEditorApp_repo2\MVVM\ViewModels\TestCaseGenerator_AssumptionsVM.cs(476,40): warning CS0618: 'TestCaseGenerator_AssumptionsVM.SuggestedDefaults' is obsolete: 'Use AllPills instead' [D:\a\TestCaseEditorApp_repo2\TestCaseEditorApp_repo2\TestCaseEditorApp.csproj]
2025-12-02T17:01:44.5979056Z ##[warning]D:\a\TestCaseEditorApp_repo2\TestCaseEditorApp_repo2\MVVM\ViewModels\TestCaseGenerator_AssumptionsVM.cs(587,34): warning CS0618: 'TestCaseGenerator_AssumptionsVM.SuggestedDefaults' is obsolete: 'Use AllPills instead' [D:\a\TestCaseEditorApp_repo2\TestCaseEditorApp_repo2\TestCaseEditorApp.csproj]
2025-12-02T17:01:44.5981488Z ##[warning]D:\a\TestCaseEditorApp_repo2\TestCaseEditorApp_repo2\MVVM\ViewModels\TestCaseGenerator_AssumptionsVM.cs(613,34): warning CS0618: 'TestCaseGenerator_AssumptionsVM.SuggestedDefaults' is obsolete: 'Use AllPills instead' [D:\a\TestCaseEditorApp_repo2\TestCaseEditorApp_repo2\TestCaseEditorApp.csproj]
2025-12-02T17:01:44.5984059Z ##[warning]D:\a\TestCaseEditorApp_repo2\TestCaseEditorApp_repo2\MVVM\ViewModels\TestCaseGenerator_AssumptionsVM.cs(615,41): warning CS0612: 'TestCaseGenerator_AssumptionsVM.OnDefaultItemChanged(object?, PropertyChangedEventArgs)' is obsolete [D:\a\TestCaseEditorApp_repo2\TestCaseEditorApp_repo2\TestCaseEditorApp.csproj]
2025-12-02T17:01:44.5986249Z ##[warning]D:\a\TestCaseEditorApp_repo2\TestCaseEditorApp_repo2\MVVM\ViewModels\TestCaseGenerator_CoreVM.cs(285,39): warning CS8602: Dereference of a possibly null reference. [D:\a\TestCaseEditorApp_repo2\TestCaseEditorApp_repo2\TestCaseEditorApp.csproj]
2025-12-02T17:01:44.5989116Z ##[warning]D:\a\TestCaseEditorApp_repo2\TestCaseEditorApp_repo2\MVVM\ViewModels\MainViewModel.cs(1332,27): warning CS1998: This async method lacks 'await' operators and will run synchronously. Consider using the 'await' operator to await non-blocking API calls, or 'await Task.Run(...)' to do CPU-bound work on a background thread. [D:\a\TestCaseEditorApp_repo2\TestCaseEditorApp_repo2\TestCaseEditorApp.csproj]
2025-12-02T17:01:44.5992835Z ##[warning]D:\a\TestCaseEditorApp_repo2\TestCaseEditorApp_repo2\MVVM\ViewModels\TestCaseGenerator_QuestionsVM.cs(656,86): warning CS8604: Possible null reference argument for parameter 'llmText' in 'List<string> ClarifyingParsingHelpers.TryExtractSuggestedChipKeys(string llmText, IEnumerable<DefaultItem>? suggestedDefaultsCatalog = null)'. [D:\a\TestCaseEditorApp_repo2\TestCaseEditorApp_repo2\TestCaseEditorApp.csproj]
2025-12-02T17:01:44.5996409Z ##[warning]D:\a\TestCaseEditorApp_repo2\TestCaseEditorApp_repo2\MVVM\ViewModels\MainViewModel.cs(1505,28): warning CS1998: This async method lacks 'await' operators and will run synchronously. Consider using the 'await' operator to await non-blocking API calls, or 'await Task.Run(...)' to do CPU-bound work on a background thread. [D:\a\TestCaseEditorApp_repo2\TestCaseEditorApp_repo2\TestCaseEditorApp.csproj]
2025-12-02T17:01:44.5999646Z ##[warning]D:\a\TestCaseEditorApp_repo2\TestCaseEditorApp_repo2\MVVM\ViewModels\TestCaseGenerator_QuestionsVM.cs(1027,28): warning CS1998: This async method lacks 'await' operators and will run synchronously. Consider using the 'await' operator to await non-blocking API calls, or 'await Task.Run(...)' to do CPU-bound work on a background thread. [D:\a\TestCaseEditorApp_repo2\TestCaseEditorApp_repo2\TestCaseEditorApp.csproj]
2025-12-02T17:01:44.6002905Z ##[warning]D:\a\TestCaseEditorApp_repo2\TestCaseEditorApp_repo2\MVVM\ViewModels\TestCaseGenerator_QuestionsVM.cs(1221,28): warning CS1998: This async method lacks 'await' operators and will run synchronously. Consider using the 'await' operator to await non-blocking API calls, or 'await Task.Run(...)' to do CPU-bound work on a background thread. [D:\a\TestCaseEditorApp_repo2\TestCaseEditorApp_repo2\TestCaseEditorApp.csproj]
2025-12-02T17:01:44.6005836Z ##[warning]D:\a\TestCaseEditorApp_repo2\TestCaseEditorApp_repo2\MVVM\ViewModels\MainViewModel.cs(1897,36): warning CS8604: Possible null reference argument for parameter 'source' in 'List<Requirement> Enumerable.ToList<Requirement>(IEnumerable<Requirement> source)'. [D:\a\TestCaseEditorApp_repo2\TestCaseEditorApp_repo2\TestCaseEditorApp.csproj]
2025-12-02T17:01:44.6008068Z ##[warning]D:\a\TestCaseEditorApp_repo2\TestCaseEditorApp_repo2\MVVM\ViewModels\MainViewModel.cs(1959,16): warning CS8603: Possible null reference return. [D:\a\TestCaseEditorApp_repo2\TestCaseEditorApp_repo2\TestCaseEditorApp.csproj]
2025-12-02T17:01:44.6009994Z ##[warning]D:\a\TestCaseEditorApp_repo2\TestCaseEditorApp_repo2\MVVM\ViewModels\TestCaseGenerator_QuestionsVM.cs(1443,44): warning CS8602: Dereference of a possibly null reference. [D:\a\TestCaseEditorApp_repo2\TestCaseEditorApp_repo2\TestCaseEditorApp.csproj]
2025-12-02T17:01:44.6011961Z ##[warning]D:\a\TestCaseEditorApp_repo2\TestCaseEditorApp_repo2\MVVM\ViewModels\TestCaseGenerator_QuestionsVM.cs(1459,25): warning CS8602: Dereference of a possibly null reference. [D:\a\TestCaseEditorApp_repo2\TestCaseEditorApp_repo2\TestCaseEditorApp.csproj]
2025-12-02T17:01:44.6014794Z ##[warning]D:\a\TestCaseEditorApp_repo2\TestCaseEditorApp_repo2\MVVM\Views\TestCaseGenerator_View.xaml.cs(11,29): warning CS0169: The field 'TestCaseGenerator_View._tracerStoryboard' is never used [D:\a\TestCaseEditorApp_repo2\TestCaseEditorApp_repo2\TestCaseEditorApp.csproj]
2025-12-02T17:01:44.6017339Z ##[warning]D:\a\TestCaseEditorApp_repo2\TestCaseEditorApp_repo2\Import\JamaAllDataDocxParser.cs(98,29): warning CS0414: The field 'JamaAllDataDocxParser._debugCaptured' is assigned but its value is never used [D:\a\TestCaseEditorApp_repo2\TestCaseEditorApp_repo2\TestCaseEditorApp.csproj]
2025-12-02T17:01:44.6020453Z ##[warning]D:\a\TestCaseEditorApp_repo2\TestCaseEditorApp_repo2\MVVM\ViewModels\TestCaseGenerator_AnalysisVM.cs(316,40): warning MVVMTK0034: The field TestCaseEditorApp.MVVM.ViewModels.TestCaseGenerator_AnalysisVM._isAnalyzingInEditor is annotated with [ObservableProperty] and should not be directly referenced (use the generated property instead) (https://aka.ms/mvvmtoolkit/errors/mvvmtk0034) [D:\a\TestCaseEditorApp_repo2\TestCaseEditorApp_repo2\TestCaseEditorApp.csproj]
2025-12-02T17:01:44.6024266Z ##[warning]D:\a\TestCaseEditorApp_repo2\TestCaseEditorApp_repo2\MVVM\ViewModels\TestCaseGenerator_QuestionsVM.cs(635,21): warning MVVMTK0034: The field TestCaseEditorApp.MVVM.ViewModels.TestCaseGenerator_QuestionsVM.questionBudget is annotated with [ObservableProperty] and should not be directly referenced (use the generated property instead) (https://aka.ms/mvvmtoolkit/errors/mvvmtk0034) [D:\a\TestCaseEditorApp_repo2\TestCaseEditorApp_repo2\TestCaseEditorApp.csproj]
2025-12-02T17:01:44.6027404Z     150 Warning(s)
2025-12-02T17:01:44.6027669Z     0 Error(s)
2025-12-02T17:01:44.6027897Z 
2025-12-02T17:01:44.6028063Z Time Elapsed 00:00:21.56
2025-12-02T17:01:44.6028297Z 
2025-12-02T17:01:44.6028738Z Workload updates are available. Run `dotnet workload list` for more information.
2025-12-02T17:01:45.0182972Z ##[group]Run dotnet run --project Tests/WorkspaceService.Runner/WorkspaceService.Runner.csproj --configuration Release --no-build --verbosity minimal
2025-12-02T17:01:45.0183950Z [36;1mdotnet run --project Tests/WorkspaceService.Runner/WorkspaceService.Runner.csproj --configuration Release --no-build --verbosity minimal[0m
2025-12-02T17:01:45.0240851Z shell: C:\Program Files\PowerShell\7\pwsh.EXE -command ". '{0}'"
2025-12-02T17:01:45.0241145Z env:
2025-12-02T17:01:45.0241336Z   DOTNET_ROOT: C:\Program Files\dotnet
2025-12-02T17:01:45.0241556Z ##[endgroup]
2025-12-02T17:01:45.8334360Z Unhandled exception: An error occurred trying to start process 'D:\a\TestCaseEditorApp_repo2\TestCaseEditorApp_repo2\Tests\WorkspaceService.Runner\bin\Release\net8.0-windows\WorkspaceService.Runner.exe' with working directory 'D:\a\TestCaseEditorApp_repo2\TestCaseEditorApp_repo2'. The system cannot find the file specified.
2025-12-02T17:01:45.9773465Z ##[error]Process completed with exit code 1.
2025-12-02T17:01:45.9963319Z Post job cleanup.
2025-12-02T17:01:46.2526082Z [command]"C:\Program Files\Git\bin\git.exe" version
2025-12-02T17:01:46.2893137Z git version 2.51.2.windows.1
2025-12-02T17:01:46.2992743Z Temporarily overriding HOME='D:\a\_temp\5f964336-32ec-4dff-9afa-6d04203839ce' before making global git config changes
2025-12-02T17:01:46.2994006Z Adding repository directory to the temporary git global config as a safe directory
2025-12-02T17:01:46.3005200Z [command]"C:\Program Files\Git\bin\git.exe" config --global --add safe.directory D:\a\TestCaseEditorApp_repo2\TestCaseEditorApp_repo2
2025-12-02T17:01:46.3319716Z [command]"C:\Program Files\Git\bin\git.exe" config --local --name-only --get-regexp core\.sshCommand
2025-12-02T17:01:46.3679315Z [command]"C:\Program Files\Git\bin\git.exe" submodule foreach --recursive "sh -c \"git config --local --name-only --get-regexp 'core\.sshCommand' && git config --local --unset-all 'core.sshCommand' || :\""
2025-12-02T17:01:46.9420049Z [command]"C:\Program Files\Git\bin\git.exe" config --local --name-only --get-regexp http\.https\:\/\/github\.com\/\.extraheader
2025-12-02T17:01:46.9689356Z http.https://github.com/.extraheader
2025-12-02T17:01:46.9749403Z [command]"C:\Program Files\Git\bin\git.exe" config --local --unset-all http.https://github.com/.extraheader
2025-12-02T17:01:47.0056622Z [command]"C:\Program Files\Git\bin\git.exe" submodule foreach --recursive "sh -c \"git config --local --name-only --get-regexp 'http\.https\:\/\/github\.com\/\.extraheader' && git config --local --unset-all 'http.https://github.com/.extraheader' || :\""
2025-12-02T17:01:47.5666537Z [command]"C:\Program Files\Git\bin\git.exe" config --local --name-only --get-regexp ^includeIf\.gitdir:
2025-12-02T17:01:47.6045880Z [command]"C:\Program Files\Git\bin\git.exe" submodule foreach --recursive "git config --local --show-origin --name-only --get-regexp remote.origin.url"
2025-12-02T17:01:48.1921680Z Cleaning up orphan processes
2025-12-02T17:01:48.2356653Z Terminate orphan process: pid (1120) (dotnet)
2025-12-02T17:01:48.2419337Z Terminate orphan process: pid (3240) (conhost)
