2025-12-03T15:22:06.5572406Z Current runner version: '2.329.0'
2025-12-03T15:22:06.5600126Z ##[group]Runner Image Provisioner
2025-12-03T15:22:06.5601256Z Hosted Compute Agent
2025-12-03T15:22:06.5602164Z Version: 20251124.448
2025-12-03T15:22:06.5602987Z Commit: fda5086b43ec66ade217e5fcd18146c879571177
2025-12-03T15:22:06.5604115Z Build Date: 2025-11-24T21:16:26Z
2025-12-03T15:22:06.5605502Z ##[endgroup]
2025-12-03T15:22:06.5606336Z ##[group]Operating System
2025-12-03T15:22:06.5607124Z Microsoft Windows Server 2025
2025-12-03T15:22:06.5607998Z 10.0.26100
2025-12-03T15:22:06.5608671Z Datacenter
2025-12-03T15:22:06.5609254Z ##[endgroup]
2025-12-03T15:22:06.5609937Z ##[group]Runner Image
2025-12-03T15:22:06.5610685Z Image: windows-2025
2025-12-03T15:22:06.5611387Z Version: 20251125.122.1
2025-12-03T15:22:06.5612896Z Included Software: https://github.com/actions/runner-images/blob/win25/20251125.122/images/windows/Windows2025-Readme.md
2025-12-03T15:22:06.5615485Z Image Release: https://github.com/actions/runner-images/releases/tag/win25%2F20251125.122
2025-12-03T15:22:06.5616952Z ##[endgroup]
2025-12-03T15:22:06.5618710Z ##[group]GITHUB_TOKEN Permissions
2025-12-03T15:22:06.5621526Z Contents: read
2025-12-03T15:22:06.5622949Z Metadata: read
2025-12-03T15:22:06.5623713Z Packages: read
2025-12-03T15:22:06.5624368Z ##[endgroup]
2025-12-03T15:22:06.5627252Z Secret source: Actions
2025-12-03T15:22:06.5628245Z Prepare workflow directory
2025-12-03T15:22:06.5967997Z Prepare all required actions
2025-12-03T15:22:06.6018843Z Getting action download info
2025-12-03T15:22:06.8689229Z Download action repository 'actions/checkout@v4' (SHA:34e114876b0b11c390a56381ad16ebd13914f8d5)
2025-12-03T15:22:07.3063417Z Download action repository 'actions/setup-dotnet@v4' (SHA:67a3573c9a986a3f9c594539f4ab511d57bb3ce9)
2025-12-03T15:22:07.8524787Z Complete job name: build-and-test
2025-12-03T15:22:07.9940238Z ##[group]Run actions/checkout@v4
2025-12-03T15:22:07.9941771Z with:
2025-12-03T15:22:07.9942314Z   repository: cactuspainter3000/TestCaseEditorApp_repo2
2025-12-03T15:22:07.9943217Z   token: ***
2025-12-03T15:22:07.9943605Z   ssh-strict: true
2025-12-03T15:22:07.9943994Z   ssh-user: git
2025-12-03T15:22:07.9944403Z   persist-credentials: true
2025-12-03T15:22:07.9944859Z   clean: true
2025-12-03T15:22:07.9945267Z   sparse-checkout-cone-mode: true
2025-12-03T15:22:07.9945770Z   fetch-depth: 1
2025-12-03T15:22:07.9946149Z   fetch-tags: false
2025-12-03T15:22:07.9946554Z   show-progress: true
2025-12-03T15:22:07.9946950Z   lfs: false
2025-12-03T15:22:07.9947329Z   submodules: false
2025-12-03T15:22:07.9947742Z   set-safe-directory: true
2025-12-03T15:22:07.9948499Z ##[endgroup]
2025-12-03T15:22:08.1638282Z Syncing repository: cactuspainter3000/TestCaseEditorApp_repo2
2025-12-03T15:22:08.1640390Z ##[group]Getting Git version info
2025-12-03T15:22:08.1642622Z Working directory is 'D:\a\TestCaseEditorApp_repo2\TestCaseEditorApp_repo2'
2025-12-03T15:22:08.2485302Z [command]"C:\Program Files\Git\bin\git.exe" version
2025-12-03T15:22:08.6623258Z git version 2.52.0.windows.1
2025-12-03T15:22:08.6679605Z ##[endgroup]
2025-12-03T15:22:08.6698508Z Temporarily overriding HOME='D:\a\_temp\a61b6f58-aced-4aaf-b333-a5d67897a86b' before making global git config changes
2025-12-03T15:22:08.6701233Z Adding repository directory to the temporary git global config as a safe directory
2025-12-03T15:22:08.6710180Z [command]"C:\Program Files\Git\bin\git.exe" config --global --add safe.directory D:\a\TestCaseEditorApp_repo2\TestCaseEditorApp_repo2
2025-12-03T15:22:08.7362527Z Deleting the contents of 'D:\a\TestCaseEditorApp_repo2\TestCaseEditorApp_repo2'
2025-12-03T15:22:08.7368732Z ##[group]Initializing the repository
2025-12-03T15:22:08.7379089Z [command]"C:\Program Files\Git\bin\git.exe" init D:\a\TestCaseEditorApp_repo2\TestCaseEditorApp_repo2
2025-12-03T15:22:08.8215889Z Initialized empty Git repository in D:/a/TestCaseEditorApp_repo2/TestCaseEditorApp_repo2/.git/
2025-12-03T15:22:08.8272411Z [command]"C:\Program Files\Git\bin\git.exe" remote add origin https://github.com/cactuspainter3000/TestCaseEditorApp_repo2
2025-12-03T15:22:08.8819344Z ##[endgroup]
2025-12-03T15:22:08.8820914Z ##[group]Disabling automatic garbage collection
2025-12-03T15:22:08.8829672Z [command]"C:\Program Files\Git\bin\git.exe" config --local gc.auto 0
2025-12-03T15:22:08.9128738Z ##[endgroup]
2025-12-03T15:22:08.9130415Z ##[group]Setting up auth
2025-12-03T15:22:08.9142953Z [command]"C:\Program Files\Git\bin\git.exe" config --local --name-only --get-regexp core\.sshCommand
2025-12-03T15:22:08.9456398Z [command]"C:\Program Files\Git\bin\git.exe" submodule foreach --recursive "sh -c \"git config --local --name-only --get-regexp 'core\.sshCommand' && git config --local --unset-all 'core.sshCommand' || :\""
2025-12-03T15:22:10.5651960Z [command]"C:\Program Files\Git\bin\git.exe" config --local --name-only --get-regexp http\.https\:\/\/github\.com\/\.extraheader
2025-12-03T15:22:10.5953337Z [command]"C:\Program Files\Git\bin\git.exe" submodule foreach --recursive "sh -c \"git config --local --name-only --get-regexp 'http\.https\:\/\/github\.com\/\.extraheader' && git config --local --unset-all 'http.https://github.com/.extraheader' || :\""
2025-12-03T15:22:11.1283784Z [command]"C:\Program Files\Git\bin\git.exe" config --local --name-only --get-regexp ^includeIf\.gitdir:
2025-12-03T15:22:11.1585818Z [command]"C:\Program Files\Git\bin\git.exe" submodule foreach --recursive "git config --local --show-origin --name-only --get-regexp remote.origin.url"
2025-12-03T15:22:11.6500672Z [command]"C:\Program Files\Git\bin\git.exe" config --local http.https://github.com/.extraheader "AUTHORIZATION: basic ***"
2025-12-03T15:22:11.6807075Z ##[endgroup]
2025-12-03T15:22:11.6807894Z ##[group]Fetching the repository
2025-12-03T15:22:11.6821840Z [command]"C:\Program Files\Git\bin\git.exe" -c protocol.version=2 fetch --no-tags --prune --no-recurse-submodules --depth=1 origin +1b16b1f87113ff376ae4e73b27db36f99d25133c:refs/remotes/pull/3/merge
2025-12-03T15:22:12.9932617Z From https://github.com/cactuspainter3000/TestCaseEditorApp_repo2
2025-12-03T15:22:12.9933693Z  * [new ref]         1b16b1f87113ff376ae4e73b27db36f99d25133c -> pull/3/merge
2025-12-03T15:22:13.0281279Z ##[endgroup]
2025-12-03T15:22:13.0282041Z ##[group]Determining the checkout info
2025-12-03T15:22:13.0283905Z ##[endgroup]
2025-12-03T15:22:13.0294386Z [command]"C:\Program Files\Git\bin\git.exe" sparse-checkout disable
2025-12-03T15:22:13.0775120Z [command]"C:\Program Files\Git\bin\git.exe" config --local --unset-all extensions.worktreeConfig
2025-12-03T15:22:13.1072553Z ##[group]Checking out the ref
2025-12-03T15:22:13.1083745Z [command]"C:\Program Files\Git\bin\git.exe" checkout --progress --force refs/remotes/pull/3/merge
2025-12-03T15:22:13.3137438Z Note: switching to 'refs/remotes/pull/3/merge'.
2025-12-03T15:22:13.3138598Z 
2025-12-03T15:22:13.3140866Z You are in 'detached HEAD' state. You can look around, make experimental
2025-12-03T15:22:13.3141710Z changes and commit them, and you can discard any commits you make in this
2025-12-03T15:22:13.3142550Z state without impacting any branches by switching back to a branch.
2025-12-03T15:22:13.3142985Z 
2025-12-03T15:22:13.3143768Z If you want to create a new branch to retain commits you create, you may
2025-12-03T15:22:13.3144421Z do so (now or later) by using -c with the switch command. Example:
2025-12-03T15:22:13.3144800Z 
2025-12-03T15:22:13.3145012Z   git switch -c <new-branch-name>
2025-12-03T15:22:13.3145249Z 
2025-12-03T15:22:13.3145401Z Or undo this operation with:
2025-12-03T15:22:13.3145744Z 
2025-12-03T15:22:13.3145894Z   git switch -
2025-12-03T15:22:13.3146084Z 
2025-12-03T15:22:13.3146927Z Turn off this advice by setting config variable advice.detachedHead to false
2025-12-03T15:22:13.3148348Z 
2025-12-03T15:22:13.3149154Z HEAD is now at 1b16b1f Merge 96d92e56b6037e47ae2446d5f9353038b77c90ac into 1c99bedc18fa95c8977f81e25ea344e72614ad57
2025-12-03T15:22:13.3197821Z ##[endgroup]
2025-12-03T15:22:13.3637688Z [command]"C:\Program Files\Git\bin\git.exe" log -1 --format=%H
2025-12-03T15:22:13.3909113Z 1b16b1f87113ff376ae4e73b27db36f99d25133c
2025-12-03T15:22:13.4334072Z ##[group]Run actions/setup-dotnet@v4
2025-12-03T15:22:13.4334543Z with:
2025-12-03T15:22:13.4334866Z   dotnet-version: 8.0.x
2025-12-03T15:22:13.4335147Z   cache: false
2025-12-03T15:22:13.4335419Z ##[endgroup]
2025-12-03T15:22:13.8001482Z [command]"C:\Program Files\PowerShell\7\pwsh.exe" -NoLogo -Sta -NoProfile -NonInteractive -ExecutionPolicy Unrestricted -Command & 'D:\a\_actions\actions\setup-dotnet\v4\externals\install-dotnet.ps1' -SkipNonVersionedFiles -Runtime dotnet -Channel LTS
2025-12-03T15:22:22.1340117Z dotnet-install: .NET Core Runtime with version '10.0.0' is already installed.
2025-12-03T15:22:22.5041011Z [command]"C:\Program Files\PowerShell\7\pwsh.exe" -NoLogo -Sta -NoProfile -NonInteractive -ExecutionPolicy Unrestricted -Command & 'D:\a\_actions\actions\setup-dotnet\v4\externals\install-dotnet.ps1' -SkipNonVersionedFiles -Channel 8.0
2025-12-03T15:22:23.2812545Z dotnet-install: .NET Core SDK with version '8.0.416' is already installed.
2025-12-03T15:22:23.3895581Z ##[group]Run dotnet restore
2025-12-03T15:22:23.3895975Z [36;1mdotnet restore[0m
2025-12-03T15:22:23.3964721Z shell: C:\Program Files\PowerShell\7\pwsh.EXE -command ". '{0}'"
2025-12-03T15:22:23.3965093Z env:
2025-12-03T15:22:23.3965374Z   DOTNET_ROOT: C:\Program Files\dotnet
2025-12-03T15:22:23.3965648Z ##[endgroup]
2025-12-03T15:22:32.9137846Z C:\Program Files\dotnet\sdk\10.0.100\NuGet.targets(519,5): error MSB3202: The project file "D:\a\TestCaseEditorApp_repo2\TestCaseEditorApp.Core\TestCaseEditorApp.Core.csproj" was not found. [D:\a\TestCaseEditorApp_repo2\TestCaseEditorApp_repo2\TestCaseEditorApp.sln]
2025-12-03T15:22:32.9141339Z C:\Program Files\dotnet\sdk\10.0.100\NuGet.targets(519,5): error MSB3202: The project file "D:\a\TestCaseEditorApp_repo2\TestCaseEditorApp.UI\TestCaseEditorApp.UI.csproj" was not found. [D:\a\TestCaseEditorApp_repo2\TestCaseEditorApp_repo2\TestCaseEditorApp.sln]
2025-12-03T15:22:32.9143670Z C:\Program Files\dotnet\sdk\10.0.100\NuGet.targets(519,5): error MSB3202: The project file "D:\a\TestCaseEditorApp_Repo\TestCaseEditorApp\EditableDataControl\EditableDataControl.csproj" was not found. [D:\a\TestCaseEditorApp_repo2\TestCaseEditorApp_repo2\TestCaseEditorApp.sln]
2025-12-03T15:22:35.2837119Z ##[error]Process completed with exit code 1.
2025-12-03T15:22:35.3069642Z Post job cleanup.
2025-12-03T15:22:35.5265993Z [command]"C:\Program Files\Git\bin\git.exe" version
2025-12-03T15:22:35.5560145Z git version 2.52.0.windows.1
2025-12-03T15:22:35.5640269Z Temporarily overriding HOME='D:\a\_temp\d20000d9-caae-453d-8b90-5515a5120f05' before making global git config changes
2025-12-03T15:22:35.5640974Z Adding repository directory to the temporary git global config as a safe directory
2025-12-03T15:22:35.5655556Z [command]"C:\Program Files\Git\bin\git.exe" config --global --add safe.directory D:\a\TestCaseEditorApp_repo2\TestCaseEditorApp_repo2
2025-12-03T15:22:35.5992445Z [command]"C:\Program Files\Git\bin\git.exe" config --local --name-only --get-regexp core\.sshCommand
2025-12-03T15:22:35.6387797Z [command]"C:\Program Files\Git\bin\git.exe" submodule foreach --recursive "sh -c \"git config --local --name-only --get-regexp 'core\.sshCommand' && git config --local --unset-all 'core.sshCommand' || :\""
2025-12-03T15:22:36.1960032Z [command]"C:\Program Files\Git\bin\git.exe" config --local --name-only --get-regexp http\.https\:\/\/github\.com\/\.extraheader
2025-12-03T15:22:36.2220807Z http.https://github.com/.extraheader
2025-12-03T15:22:36.2270939Z [command]"C:\Program Files\Git\bin\git.exe" config --local --unset-all http.https://github.com/.extraheader
2025-12-03T15:22:36.2576612Z [command]"C:\Program Files\Git\bin\git.exe" submodule foreach --recursive "sh -c \"git config --local --name-only --get-regexp 'http\.https\:\/\/github\.com\/\.extraheader' && git config --local --unset-all 'http.https://github.com/.extraheader' || :\""
2025-12-03T15:22:36.7949885Z [command]"C:\Program Files\Git\bin\git.exe" config --local --name-only --get-regexp ^includeIf\.gitdir:
2025-12-03T15:22:36.8242139Z [command]"C:\Program Files\Git\bin\git.exe" submodule foreach --recursive "git config --local --show-origin --name-only --get-regexp remote.origin.url"
2025-12-03T15:22:37.3525658Z Cleaning up orphan processes
2025-12-03T15:22:37.4000224Z Terminate orphan process: pid (2428) (dotnet)
2025-12-03T15:22:37.4066494Z Terminate orphan process: pid (5968) (conhost)
